02-27 08:43:20.993   505   555 D CompatibilityChangeReporter: Compat change id reported: 143937733; UID 10048; state: ENABLED
02-27 08:43:20.994   505  2673 I ActivityManager: Killing 29457:com.google.android.gms/u0a57 (adj 905): depends on provider com.google.android.gms/.phenotype.provider.ConfigurationProvider in dying proc com.google.android.gms.persistent (adj -10000)
02-27 08:43:20.994   505  2673 W ActivityManager: Scheduling restart of crashed service com.google.android.gms/.location.geocode.GeocodeService in 668212ms for connection
02-27 08:43:20.994   505  2673 W ActivityManager: Scheduling restart of crashed service com.google.android.gms/.gcm.GcmService in 750800ms for start-requested
02-27 08:43:20.994   505  2673 W ActivityManager: Scheduling restart of crashed service com.google.android.gms/.chimera.PersistentBoundBrokerService in 30934ms for connection
02-27 08:43:20.994   505  2673 W ActivityManager: Scheduling restart of crashed service com.google.android.gms/com.google.android.location.fused.FusedLocationService in 1007024ms for connection
02-27 08:43:20.994   505  2673 W ActivityManager: Scheduling restart of crashed service com.google.android.gms/com.google.android.location.internal.server.GoogleLocationService in 1167024ms for start-requested
02-27 08:43:20.994   505   556 I libprocessgroup: Successfully killed process cgroup uid 10057 pid 29457 in 0ms
02-27 08:43:20.994   505  2673 W ActivityManager: Scheduling restart of crashed service com.google.android.gms/com.google.android.location.internal.GoogleLocationManagerService in 1327024ms for start-requested
02-27 08:43:20.994   505  2673 W ActivityManager: Scheduling restart of crashed service com.google.android.gms/com.google.android.location.internal.server.HardwareArProviderService in 1647024ms for connection
02-27 08:43:20.994   505  2673 W ActivityManager: Scheduling restart of crashed service com.google.android.gms/com.google.android.location.network.NetworkLocationService in 2078352ms for connection
02-27 08:43:20.994   505  2673 W ActivityManager: Scheduling restart of crashed service com.google.android.gms/.chimera.PersistentIntentOperationService in 240372ms for start-requested
02-27 08:43:20.998   505   545 D CompatibilityChangeReporter: Compat change id reported: 135634846; UID 10082; state: DISABLED
02-27 08:43:21.000   505   545 D CompatibilityChangeReporter: Compat change id reported: 177438394; UID 10082; state: DISABLED
02-27 08:43:21.000   505   545 D CompatibilityChangeReporter: Compat change id reported: 135772972; UID 10082; state: DISABLED
02-27 08:43:21.000   505   545 D CompatibilityChangeReporter: Compat change id reported: 135754954; UID 10082; state: ENABLED
02-27 08:43:21.010   322   322 D Zygote  : Forked child process 29812
02-27 08:43:21.016   505   555 I ActivityManager: Start proc 29812:com.google.android.tvlauncher/u0a48 for activity {com.google.android.tvlauncher/com.google.android.tvlauncher.MainActivity}
02-27 08:43:21.017   505   555 D CompatibilityChangeReporter: Compat change id reported: 143937733; UID 10082; state: ENABLED
02-27 08:43:21.026   322   322 D Zygote  : Forked child process 29813
02-27 08:43:21.028   505   555 I ActivityManager: Start proc 29813:com.streamflow.tv/u0a82 for top-activity {com.streamflow.tv/com.streamflow.tv.MainActivity}
02-27 08:43:21.042 29813 29813 I m.streamflow.t: Late-enabling -Xcheck:jni
02-27 08:43:21.093 29812 29812 E roid.tvlaunche: Not starting debugger since process cannot load the jdwp agent.
02-27 08:43:21.167   505   541 W InputReader: Device virtio_input_multi_touch_10 is associated with display ADISPLAY_ID_NONE.
02-27 08:43:21.168   505   541 W InputReader: Device virtio_input_multi_touch_11 is associated with display ADISPLAY_ID_NONE.
02-27 08:43:21.168   505   541 W InputReader: Device virtio_input_multi_touch_6 is associated with display ADISPLAY_ID_NONE.
02-27 08:43:21.168   505   541 W InputReader: Device virtio_input_multi_touch_8 is associated with display ADISPLAY_ID_NONE.
02-27 08:43:21.168   505   541 W InputReader: Device virtio_input_multi_touch_3 is associated with display ADISPLAY_ID_NONE.
02-27 08:43:21.168   505   541 W InputReader: Device virtio_input_multi_touch_4 is associated with display ADISPLAY_ID_NONE.
02-27 08:43:21.168   505   541 W InputReader: Device virtio_input_multi_touch_2 is associated with display ADISPLAY_ID_NONE.
02-27 08:43:21.168   505   541 W InputReader: Device virtio_input_multi_touch_9 is associated with display ADISPLAY_ID_NONE.
02-27 08:43:21.168   505   541 W InputReader: Device virtio_input_multi_touch_7 is associated with display ADISPLAY_ID_NONE.
02-27 08:43:21.168   505   541 W InputReader: Device virtio_input_multi_touch_5 is associated with display ADISPLAY_ID_NONE.
02-27 08:43:21.168   505   541 W InputReader: Device virtio_input_multi_touch_10 is associated with display ADISPLAY_ID_NONE.
02-27 08:43:21.168   505   541 W InputReader: Device virtio_input_multi_touch_11 is associated with display ADISPLAY_ID_NONE.
02-27 08:43:21.168   505   541 W InputReader: Device virtio_input_multi_touch_6 is associated with display ADISPLAY_ID_NONE.
02-27 08:43:21.168   505   541 W InputReader: Device virtio_input_multi_touch_8 is associated with display ADISPLAY_ID_NONE.
02-27 08:43:21.168   505   541 W InputReader: Device virtio_input_multi_touch_3 is associated with display ADISPLAY_ID_NONE.
02-27 08:43:21.168   505   541 W InputReader: Device virtio_input_multi_touch_4 is associated with display ADISPLAY_ID_NONE.
02-27 08:43:21.168   505   541 W InputReader: Device virtio_input_multi_touch_2 is associated with display ADISPLAY_ID_NONE.
02-27 08:43:21.168   505   541 W InputReader: Device virtio_input_multi_touch_9 is associated with display ADISPLAY_ID_NONE.
02-27 08:43:21.168   505   541 W InputReader: Device virtio_input_multi_touch_7 is associated with display ADISPLAY_ID_NONE.
02-27 08:43:21.168   505   541 W InputReader: Device virtio_input_multi_touch_5 is associated with display ADISPLAY_ID_NONE.
02-27 08:43:21.173  1403  1412 I adbd    : jdwp connection from 29813
02-27 08:43:21.176   505   541 D CompatibilityChangeReporter: Compat change id reported: 174042980; UID 10048; state: DISABLED
02-27 08:43:21.177   505   541 D CompatibilityChangeReporter: Compat change id reported: 181136395; UID 10048; state: DISABLED
02-27 08:43:21.178   505   541 D CompatibilityChangeReporter: Compat change id reported: 174042936; UID 10048; state: DISABLED
02-27 08:43:21.180   505   541 D CompatibilityChangeReporter: Compat change id reported: 184838306; UID 10048; state: DISABLED
02-27 08:43:21.182   505   541 D CompatibilityChangeReporter: Compat change id reported: 185004937; UID 10048; state: DISABLED
02-27 08:43:21.193   505  2673 W InputReader: Device virtio_input_multi_touch_10 is associated with display ADISPLAY_ID_NONE.
02-27 08:43:21.193   505  2673 W InputReader: Device virtio_input_multi_touch_11 is associated with display ADISPLAY_ID_NONE.
02-27 08:43:21.193   505  2673 W InputReader: Device virtio_input_multi_touch_6 is associated with display ADISPLAY_ID_NONE.
02-27 08:43:21.193   505  2673 W InputReader: Device virtio_input_multi_touch_8 is associated with display ADISPLAY_ID_NONE.
02-27 08:43:21.193   505  2673 W InputReader: Device virtio_input_multi_touch_3 is associated with display ADISPLAY_ID_NONE.
02-27 08:43:21.193   505  2673 W InputReader: Device virtio_input_multi_touch_4 is associated with display ADISPLAY_ID_NONE.
02-27 08:43:21.193   505  2673 W InputReader: Device virtio_input_multi_touch_2 is associated with display ADISPLAY_ID_NONE.
02-27 08:43:21.193   505  2673 W InputReader: Device virtio_input_multi_touch_9 is associated with display ADISPLAY_ID_NONE.
02-27 08:43:21.193   505  2673 W InputReader: Device virtio_input_multi_touch_7 is associated with display ADISPLAY_ID_NONE.
02-27 08:43:21.193   505  2673 W InputReader: Device virtio_input_multi_touch_5 is associated with display ADISPLAY_ID_NONE.
02-27 08:43:21.193   505  2673 W InputReader: Device virtio_input_multi_touch_10 is associated with display ADISPLAY_ID_NONE.
02-27 08:43:21.193   505  2673 W InputReader: Device virtio_input_multi_touch_11 is associated with display ADISPLAY_ID_NONE.
02-27 08:43:21.193   505  2673 W InputReader: Device virtio_input_multi_touch_6 is associated with display ADISPLAY_ID_NONE.
02-27 08:43:21.193   505  2673 W InputReader: Device virtio_input_multi_touch_8 is associated with display ADISPLAY_ID_NONE.
02-27 08:43:21.193   505  2673 W InputReader: Device virtio_input_multi_touch_3 is associated with display ADISPLAY_ID_NONE.
02-27 08:43:21.193   505  2673 W InputReader: Device virtio_input_multi_touch_4 is associated with display ADISPLAY_ID_NONE.
02-27 08:43:21.193   505  2673 W InputReader: Device virtio_input_multi_touch_2 is associated with display ADISPLAY_ID_NONE.
02-27 08:43:21.193   505  2673 W InputReader: Device virtio_input_multi_touch_9 is associated with display ADISPLAY_ID_NONE.
02-27 08:43:21.193   505  2673 W InputReader: Device virtio_input_multi_touch_7 is associated with display ADISPLAY_ID_NONE.
02-27 08:43:21.193   505  2673 W InputReader: Device virtio_input_multi_touch_5 is associated with display ADISPLAY_ID_NONE.
02-27 08:43:21.194 29812 29812 D CompatibilityChangeReporter: Compat change id reported: 171979766; UID 10048; state: ENABLED
02-27 08:43:21.194   505  2673 D CompatibilityChangeReporter: Compat change id reported: 174042980; UID 10082; state: DISABLED
02-27 08:43:21.194   505  2673 D CompatibilityChangeReporter: Compat change id reported: 184838306; UID 10082; state: DISABLED
02-27 08:43:21.194   505  2673 D CompatibilityChangeReporter: Compat change id reported: 185004937; UID 10082; state: DISABLED
02-27 08:43:21.221   360   360 I BpBinder: onLastStrongRef automatically unlinking death recipients: <uncached descriptor>
02-27 08:43:21.261 29812 29812 D nativeloader: classloader namespace configured for unbundled product apk. library_path=/product/priv-app/TVLauncher/lib/arm64:/product/lib64:/system/product/lib64
02-27 08:43:21.286 29813 29813 D CompatibilityChangeReporter: Compat change id reported: 171979766; UID 10082; state: ENABLED
02-27 08:43:21.305 29812 29812 V GraphicsEnvironment: ANGLE Developer option for 'com.google.android.tvlauncher' set to: 'default'
02-27 08:43:21.307 29812 29812 V GraphicsEnvironment: Neither updatable production driver nor prerelease driver is supported.
02-27 08:43:21.308 29812 29812 D NetworkSecurityConfig: No Network Security Config specified, using platform default
02-27 08:43:21.308 29812 29812 D NetworkSecurityConfig: No Network Security Config specified, using platform default
02-27 08:43:21.344   505   553 E PackageManager: Optimistic bind failed.
02-27 08:43:21.344   505   553 E PackageManager: java.util.concurrent.TimeoutException: [Optimistic Bind] Didn't bind to resolver in time!
02-27 08:43:21.344   505   553 E PackageManager: 	at com.android.server.pm.InstantAppResolverConnection.waitForBindLocked(InstantAppResolverConnection.java:160)
02-27 08:43:21.344   505   553 E PackageManager: 	at com.android.server.pm.InstantAppResolverConnection.bind(InstantAppResolverConnection.java:225)
02-27 08:43:21.344   505   553 E PackageManager: 	at com.android.server.pm.InstantAppResolverConnection.lambda$optimisticBind$0$InstantAppResolverConnection(InstantAppResolverConnection.java:255)
02-27 08:43:21.344   505   553 E PackageManager: 	at com.android.server.pm.InstantAppResolverConnection$$ExternalSyntheticLambda0.run(Unknown Source:2)
02-27 08:43:21.344   505   553 E PackageManager: 	at android.os.Handler.handleCallback(Handler.java:938)
02-27 08:43:21.344   505   553 E PackageManager: 	at android.os.Handler.dispatchMessage(Handler.java:99)
02-27 08:43:21.344   505   553 E PackageManager: 	at android.os.Looper.loopOnce(Looper.java:201)
02-27 08:43:21.344   505   553 E PackageManager: 	at android.os.Looper.loop(Looper.java:288)
02-27 08:43:21.344   505   553 E PackageManager: 	at android.os.HandlerThread.run(HandlerThread.java:67)
02-27 08:43:21.420   505  2673 D CompatibilityChangeReporter: Compat change id reported: 135634846; UID 10057; state: DISABLED
02-27 08:43:21.420   505  2673 D CompatibilityChangeReporter: Compat change id reported: 177438394; UID 10057; state: DISABLED
02-27 08:43:21.420   505  2673 D CompatibilityChangeReporter: Compat change id reported: 135772972; UID 10057; state: DISABLED
02-27 08:43:21.420   505  2673 D CompatibilityChangeReporter: Compat change id reported: 135754954; UID 10057; state: ENABLED
02-27 08:43:21.423   505   555 D CompatibilityChangeReporter: Compat change id reported: 143937733; UID 10057; state: ENABLED
02-27 08:43:21.436   322   322 D Zygote  : Forked child process 29846
02-27 08:43:21.440   505   555 I ActivityManager: Start proc 29846:com.google.android.gms.persistent/u0a57 for service {com.google.android.gms/com.google.android.gms.chimera.PersistentApiService}
02-27 08:43:21.465 29846 29846 E .gms.persisten: Not starting debugger since process cannot load the jdwp agent.
02-27 08:43:21.471   337   399 D goldfish-address-space: claimShared: Ask to claim region [0x1f9008000 0x1f97f4000]
02-27 08:43:21.484   505   541 D CompatibilityChangeReporter: Compat change id reported: 168419799; UID 10057; state: DISABLED
02-27 08:43:21.501 29846 29846 D CompatibilityChangeReporter: Compat change id reported: 171979766; UID 10057; state: ENABLED
02-27 08:43:21.508   505   514 I system_server: Background young concurrent copying GC freed 1294647(33MB) AllocSpace objects, 1(36KB) LOS objects, 59% free, 16MB/40MB, paused 173us,2.422ms total 134.851ms
02-27 08:43:21.570 29846 29846 D nativeloader: classloader namespace configured for unbundled product apk. library_path=/product/priv-app/PrebuiltGmsCore/lib/arm64:/product/priv-app/PrebuiltGmsCore/PrebuiltGmsCorePano.apk!/lib/arm64-v8a:/product/lib64:/system/product/lib64
02-27 08:43:21.578   184   184 I hwservicemanager: getTransport: Cannot find entry android.hardware.graphics.mapper@4.0::IMapper/default in either framework or device VINTF manifest.
02-27 08:43:21.581 29805 29853 I Gralloc4: mapper 4.x is not supported
02-27 08:43:21.584   505   541 D CompatibilityChangeReporter: Compat change id reported: 135634846; UID 10057; state: DISABLED
02-27 08:43:21.585   505   541 D CompatibilityChangeReporter: Compat change id reported: 177438394; UID 10057; state: DISABLED
02-27 08:43:21.585   505   541 D CompatibilityChangeReporter: Compat change id reported: 135772972; UID 10057; state: DISABLED
02-27 08:43:21.585   505   541 D CompatibilityChangeReporter: Compat change id reported: 135754954; UID 10057; state: ENABLED
02-27 08:43:21.643 29846 29846 V GraphicsEnvironment: ANGLE Developer option for 'com.google.android.gms' set to: 'default'
02-27 08:43:21.643 29846 29846 V GraphicsEnvironment: Neither updatable production driver nor prerelease driver is supported.
02-27 08:43:21.647 29846 29846 D NetworkSecurityConfig: Using Network Security Config from resource network_security_config debugBuild: false
02-27 08:43:21.654 29846 29846 D NetworkSecurityConfig: Using Network Security Config from resource network_security_config debugBuild: false
02-27 08:43:21.671 29805 29853 D HostConnection: createUnique: call
02-27 08:43:21.672 29805 29853 D HostConnection: HostConnection::get() New Host Connection established 0xb4000072c6491cd0, tid 29853
02-27 08:43:21.672 29805 29853 D goldfish-address-space: allocate: Ask for block of size 0x100
02-27 08:43:21.673 29805 29853 D goldfish-address-space: allocate: ioctl allocate returned offset 0x1f7ff8000 size 0x8000
02-27 08:43:21.724   505   555 W ActivityManager: Slow operation: 140ms so far, now at startProcess: asking zygote to start proc
02-27 08:43:21.726 29805 29853 D HostConnection: HostComposition ext ANDROID_EMU_CHECKSUM_HELPER_v1 ANDROID_EMU_native_sync_v2 ANDROID_EMU_native_sync_v3 ANDROID_EMU_native_sync_v4 ANDROID_EMU_dma_v1 ANDROID_EMU_direct_mem ANDROID_EMU_host_composition_v1 ANDROID_EMU_host_composition_v2 ANDROID_EMU_vulkan ANDROID_EMU_deferred_vulkan_commands ANDROID_EMU_vulkan_null_optional_strings ANDROID_EMU_vulkan_create_resources_with_requirements ANDROID_EMU_YUV_Cache ANDROID_EMU_vulkan_ignored_handles ANDROID_EMU_has_shared_slots_host_memory_allocator ANDROID_EMU_vulkan_free_memory_sync ANDROID_EMU_vulkan_shader_float16_int8 ANDROID_EMU_vulkan_async_queue_submit ANDROID_EMU_vulkan_queue_submit_with_commands ANDROID_EMU_sync_buffer_data ANDROID_EMU_vulkan_async_qsri ANDROID_EMU_read_color_buffer_dma ANDROID_EMU_hwc_color_transform GL_OES_EGL_image_external_essl3 GL_OES_vertex_array_object ANDROID_EMU_host_side_tracing ANDROID_EMU_gles_max_version_3_0 
02-27 08:43:21.732   505   555 D CompatibilityChangeReporter: Compat change id reported: 143937733; UID 10057; state: ENABLED
02-27 08:43:21.738   322   322 D Zygote  : Forked child process 29870
02-27 08:43:21.740   505   555 W ActivityManager: Slow operation: 156ms so far, now at startProcess: returned from zygote!
02-27 08:43:21.741   505   555 W ActivityManager: Slow operation: 157ms so far, now at startProcess: done updating battery stats
02-27 08:43:21.741   505   555 W ActivityManager: Slow operation: 157ms so far, now at startProcess: building log message
02-27 08:43:21.741   505   555 I ActivityManager: Start proc 29870:com.google.process.gservices/u0a57 for content provider {com.google.android.gsf/com.google.android.gsf.gservices.GservicesProvider}
02-27 08:43:21.741   505   555 W ActivityManager: Slow operation: 157ms so far, now at startProcess: starting to update pids map
02-27 08:43:21.741   505   555 W ActivityManager: Slow operation: 157ms so far, now at startProcess: done updating pids map
02-27 08:43:21.763 29870 29870 E ocess.gservice: Not starting debugger since process cannot load the jdwp agent.
02-27 08:43:21.790   505   541 D CompatibilityChangeReporter: Compat change id reported: 168419799; UID 10057; state: DISABLED
02-27 08:43:21.824 29870 29870 D CompatibilityChangeReporter: Compat change id reported: 171979766; UID 10057; state: ENABLED
02-27 08:43:21.876   505   545 W ActivityTaskManager: Launch timeout has expired, giving up wake lock!
02-27 08:43:21.932   505   554 D CompatibilityChangeReporter: Compat change id reported: 135634846; UID 10052; state: DISABLED
02-27 08:43:21.933   505   554 D CompatibilityChangeReporter: Compat change id reported: 177438394; UID 10052; state: DISABLED
02-27 08:43:21.933   505   554 D CompatibilityChangeReporter: Compat change id reported: 135772972; UID 10052; state: DISABLED
02-27 08:43:21.933   505   554 D CompatibilityChangeReporter: Compat change id reported: 135754954; UID 10052; state: ENABLED
02-27 08:43:21.933   505   555 D CompatibilityChangeReporter: Compat change id reported: 143937733; UID 10052; state: ENABLED
02-27 08:43:21.936 29870 29870 V GraphicsEnvironment: ANGLE Developer option for 'com.google.android.gsf' set to: 'default'
02-27 08:43:21.936 29870 29870 V GraphicsEnvironment: Neither updatable production driver nor prerelease driver is supported.
02-27 08:43:21.936 29870 29870 D NetworkSecurityConfig: No Network Security Config specified, using platform default
02-27 08:43:21.938 29870 29870 D NetworkSecurityConfig: No Network Security Config specified, using platform default
02-27 08:43:21.948   322   322 D Zygote  : Forked child process 29886
02-27 08:43:21.948   505   555 I ActivityManager: Start proc 29886:com.google.android.tvrecommendations/u0a52 for service {com.google.android.tvrecommendations/com.google.android.tvrecommendations.NotificationsService}
02-27 08:43:21.972 29886 29886 E recommendation: Not starting debugger since process cannot load the jdwp agent.
02-27 08:43:21.973 29870 29870 I GservicesProvider: Gservices pushing to system: true; secure/global: true
02-27 08:43:22.005 29886 29886 D CompatibilityChangeReporter: Compat change id reported: 171979766; UID 10052; state: ENABLED
02-27 08:43:22.007   505  2673 D CompatibilityChangeReporter: Compat change id reported: 135634846; UID 10057; state: DISABLED
02-27 08:43:22.008   505  2673 D CompatibilityChangeReporter: Compat change id reported: 177438394; UID 10057; state: DISABLED
02-27 08:43:22.009   505  2673 D CompatibilityChangeReporter: Compat change id reported: 135772972; UID 10057; state: DISABLED
02-27 08:43:22.009   505  2673 D CompatibilityChangeReporter: Compat change id reported: 135754954; UID 10057; state: ENABLED
02-27 08:43:22.015   505   555 D CompatibilityChangeReporter: Compat change id reported: 143937733; UID 10057; state: ENABLED
02-27 08:43:22.022   322   322 D Zygote  : Forked child process 29902
02-27 08:43:22.036   505   555 I ActivityManager: Start proc 29902:com.google.android.gms/u0a57 for service {com.google.android.gms/com.google.android.gms.chimera.GmsBoundBrokerService}
02-27 08:43:22.048 29902 29902 E gle.android.gm: Not starting debugger since process cannot load the jdwp agent.
02-27 08:43:22.084 29886 29886 D nativeloader: classloader namespace configured for unbundled product apk. library_path=/product/priv-app/TVRecommendations/lib/arm64:/product/lib64:/system/product/lib64
02-27 08:43:22.094 29902 29902 D CompatibilityChangeReporter: Compat change id reported: 171979766; UID 10057; state: ENABLED
02-27 08:43:22.138 29886 29886 V GraphicsEnvironment: ANGLE Developer option for 'com.google.android.tvrecommendations' set to: 'default'
02-27 08:43:22.138 29886 29886 V GraphicsEnvironment: Neither updatable production driver nor prerelease driver is supported.
02-27 08:43:22.141 29886 29886 D NetworkSecurityConfig: No Network Security Config specified, using platform default
02-27 08:43:22.141 29886 29886 D NetworkSecurityConfig: No Network Security Config specified, using platform default
02-27 08:43:22.169 29902 29902 D nativeloader: classloader namespace configured for unbundled product apk. library_path=/product/priv-app/PrebuiltGmsCore/lib/arm64:/product/priv-app/PrebuiltGmsCore/PrebuiltGmsCorePano.apk!/lib/arm64-v8a:/product/lib64:/system/product/lib64
02-27 08:43:22.182 29902 29902 V GraphicsEnvironment: ANGLE Developer option for 'com.google.android.gms' set to: 'default'
02-27 08:43:22.182 29902 29902 V GraphicsEnvironment: Neither updatable production driver nor prerelease driver is supported.
02-27 08:43:22.184 29902 29902 D NetworkSecurityConfig: Using Network Security Config from resource network_security_config debugBuild: false
02-27 08:43:22.213 29902 29902 D NetworkSecurityConfig: Using Network Security Config from resource network_security_config debugBuild: false
02-27 08:43:22.302 29886 29886 E ActivityThread: Failed to find provider info for tvlauncher.config
02-27 08:43:22.303 29886 29886 E OemConfigurationData: Error reading content://tvlauncher.config/configuration
02-27 08:43:22.303 29886 29886 E OemConfigurationData: No content provider: content://tvlauncher.config/configuration
02-27 08:43:22.317   505   514 I system_server: Background young concurrent copying GC freed 1145884(28MB) AllocSpace objects, 0(0B) LOS objects, 58% free, 16MB/40MB, paused 63us,1.723ms total 133.894ms
02-27 08:43:22.448 29812 29938 D libEGL  : loaded /vendor/lib64/egl/libEGL_emulation.so
02-27 08:43:22.455 29812 29938 D libEGL  : loaded /vendor/lib64/egl/libGLESv1_CM_emulation.so
02-27 08:43:22.475 29846 29846 I Safeboot: Checking safeboot...
02-27 08:43:22.477 29812 29938 D libEGL  : loaded /vendor/lib64/egl/libGLESv2_emulation.so
02-27 08:43:22.477 29886 29934 D CompatibilityChangeReporter: Compat change id reported: 160794467; UID 10052; state: ENABLED
02-27 08:43:23.588 29846 29856 W .gms.persisten: Suspending all threads took: 7.762ms
02-27 08:43:23.649 29846 29856 I .gms.persisten: Background young concurrent copying GC freed 15462(916KB) AllocSpace objects, 3(60KB) LOS objects, 91% free, 2341KB/26MB, paused 1.100ms,7.882ms total 170.299ms
02-27 08:43:23.811 29846 29846 I FixerFramework: Installing ProviderInstaller.
02-27 08:43:23.861   505   514 W system_server: Suspending all threads took: 6.586ms
02-27 08:43:24.031   505   514 I system_server: Background young concurrent copying GC freed 1091877(27MB) AllocSpace objects, 0(0B) LOS objects, 54% free, 18MB/40MB, paused 7.576ms,27.166ms total 446.559ms
02-27 08:43:24.058 29813 29813 V GraphicsEnvironment: ANGLE Developer option for 'com.streamflow.tv' set to: 'default'
02-27 08:43:24.058 29813 29813 V GraphicsEnvironment: Neither updatable production driver nor prerelease driver is supported.
02-27 08:43:24.101 29813 29813 D NetworkSecurityConfig: No Network Security Config specified, using platform default
02-27 08:43:24.127 29813 29813 D NetworkSecurityConfig: No Network Security Config specified, using platform default
02-27 08:43:24.190 29846 29846 W ProviderHelper: Unknown dynamite feature providerinstaller.dynamite
02-27 08:43:24.262 29846 29846 I DynamiteModule: Considering local module com.google.android.gms.providerinstaller.dynamite:1 and remote module com.google.android.gms.providerinstaller.dynamite:0
02-27 08:43:24.262 29846 29846 I DynamiteModule: Selected local version of com.google.android.gms.providerinstaller.dynamite
02-27 08:43:24.280   505   505 W Looper  : Slow dispatch took 120ms main h=android.app.PropertyInvalidatedCache$AutoCorker$1 c=null m=0
02-27 08:43:24.456 29812 29812 W ChimeRegistrationManage: Chime not initialized, cannot register for notifications.
02-27 08:43:24.471   505  2908 D CompatibilityChangeReporter: Compat change id reported: 135634846; UID 10033; state: DISABLED
02-27 08:43:24.472   505  2908 D CompatibilityChangeReporter: Compat change id reported: 177438394; UID 10033; state: DISABLED
02-27 08:43:24.472   505  2908 D CompatibilityChangeReporter: Compat change id reported: 135772972; UID 10033; state: DISABLED
02-27 08:43:24.472   505  2908 D CompatibilityChangeReporter: Compat change id reported: 135754954; UID 10033; state: ENABLED
02-27 08:43:24.476   505   555 D CompatibilityChangeReporter: Compat change id reported: 143937733; UID 10033; state: ENABLED
02-27 08:43:24.503   322   322 D Zygote  : Forked child process 29967
02-27 08:43:24.509   505   555 W ActivityManager: Slow operation: 55ms so far, now at startProcess: returned from zygote!
02-27 08:43:24.517   505   555 W ActivityManager: Slow operation: 56ms so far, now at startProcess: done updating battery stats
02-27 08:43:24.518   505   555 W ActivityManager: Slow operation: 64ms so far, now at startProcess: building log message
02-27 08:43:24.519   505   555 I ActivityManager: Start proc 29967:com.android.providers.tv/u0a33 for content provider {com.android.providers.tv/com.android.providers.tv.TvProvider}
02-27 08:43:24.519   505   555 W ActivityManager: Slow operation: 65ms so far, now at startProcess: starting to update pids map
02-27 08:43:24.520   505   555 W ActivityManager: Slow operation: 66ms so far, now at startProcess: done updating pids map
02-27 08:43:24.622 29902 29902 W ProviderHelper: Unknown dynamite feature providerinstaller.dynamite
02-27 08:43:24.631 29902 29902 I DynamiteModule: Considering local module com.google.android.gms.providerinstaller.dynamite:1 and remote module com.google.android.gms.providerinstaller.dynamite:0
02-27 08:43:24.631 29902 29902 I DynamiteModule: Selected local version of com.google.android.gms.providerinstaller.dynamite
02-27 08:43:24.672 29812 29812 W Glide   : Failed to find GeneratedAppGlideModule. You should include an annotationProcessor compile dependency on com.github.bumptech.glide:compiler in your application and a @GlideModule annotated AppGlideModule implementation or LibraryGlideModules will be silently ignored
02-27 08:43:24.801 29967 29967 E id.providers.t: Not starting debugger since process cannot load the jdwp agent.
02-27 08:43:24.909 29813 29983 D libEGL  : loaded /vendor/lib64/egl/libEGL_emulation.so
02-27 08:43:24.925   505  2908 D CompatibilityChangeReporter: Compat change id reported: 168419799; UID 10033; state: DISABLED
02-27 08:43:24.962   505   830 W WifiService: Permission violation - getConfiguredNetworks not allowed for uid=10052, packageName=com.google.android.tvrecommendations, reason=java.lang.SecurityException: UID 10052 has no location permission
02-27 08:43:24.971 29967 29967 D CompatibilityChangeReporter: Compat change id reported: 171979766; UID 10033; state: ENABLED
02-27 08:43:24.981 29813 29983 D libEGL  : loaded /vendor/lib64/egl/libGLESv1_CM_emulation.so
02-27 08:43:25.021 29813 29983 D libEGL  : loaded /vendor/lib64/egl/libGLESv2_emulation.so
02-27 08:43:25.072 29813 29813 D MainActivity: onCreate started
02-27 08:43:25.169 29886 29886 D NowPlayingListener: setRemoteControlListener: dqv@8114acb
02-27 08:43:25.244 29886 29886 D NowPlayingListener: onActiveSessionsChanged() called with: controllers = [[]], lastActiveMediaController = null, lastUpdatedAppPackageName = null
02-27 08:43:25.247 29886 29886 D NowPlayingManager: onClientChanged() called
02-27 08:43:25.248 29886 29886 D NowPlayingManager: A notification for Now Playing Card has been canceled
02-27 08:43:25.262   505   505 V NotificationListeners: 0 notification listener service connected: ComponentInfo{com.google.android.tvrecommendations/com.google.android.tvrecommendations.NotificationsService}
02-27 08:43:25.313   505  2908 W WifiService: Permission violation - getConfiguredNetworks not allowed for uid=10052, packageName=com.google.android.tvrecommendations, reason=java.lang.SecurityException: UID 10052 has no location permission
02-27 08:43:25.348   505   830 W WifiService: Permission violation - getConfiguredNetworks not allowed for uid=10052, packageName=com.google.android.tvrecommendations, reason=java.lang.SecurityException: UID 10052 has no location permission
02-27 08:43:25.454 29846 29846 V NativeCrypto: Registering com/google/android/gms/org/conscrypt/NativeCrypto's 295 native methods...
02-27 08:43:25.458 29967 29967 V GraphicsEnvironment: ANGLE Developer option for 'com.android.providers.tv' set to: 'default'
02-27 08:43:25.458 29967 29967 V GraphicsEnvironment: Neither updatable production driver nor prerelease driver is supported.
02-27 08:43:25.469 29967 29967 D NetworkSecurityConfig: No Network Security Config specified, using platform default
02-27 08:43:25.469 29967 29967 D NetworkSecurityConfig: No Network Security Config specified, using platform default
02-27 08:43:25.493 29967 29967 D CompatibilityChangeReporter: Compat change id reported: 160794467; UID 10033; state: ENABLED
02-27 08:43:25.496   505   615 I RoleService: Granting default roles...
02-27 08:43:25.498 20937 20937 V MediaPlayerList: mPackageChangedBroadcastReceiver: action: android.intent.action.PACKAGE_CHANGED
02-27 08:43:25.519 20937 20937 D MediaPlayerList: Name of package changed: com.google.android.tvrecommendations
02-27 08:43:25.519   505   542 D CompanionDeviceManagerService: onPackageModified(packageName = com.google.android.tvrecommendations)
02-27 08:43:25.523 29902 29902 V NativeCrypto: Registering com/google/android/gms/org/conscrypt/NativeCrypto's 295 native methods...
02-27 08:43:25.584   505   615 W ActivityManager: Slow operation: 61ms so far, now at startProcess: done creating new process record
02-27 08:43:25.584   505   615 W ActivityManager: Slow operation: 62ms so far, now at startProcess: stepping in to startProcess
02-27 08:43:25.585   505   615 D CompatibilityChangeReporter: Compat change id reported: 135634846; UID 10077; state: DISABLED
02-27 08:43:25.586   505   615 D CompatibilityChangeReporter: Compat change id reported: 177438394; UID 10077; state: DISABLED
02-27 08:43:25.586   505   615 D CompatibilityChangeReporter: Compat change id reported: 135772972; UID 10077; state: DISABLED
02-27 08:43:25.586   505   615 D CompatibilityChangeReporter: Compat change id reported: 135754954; UID 10077; state: DISABLED
02-27 08:43:25.601   505   615 W ActivityManager: Slow operation: 79ms so far, now at startProcess: done starting proc!
02-27 08:43:25.602   505   555 D CompatibilityChangeReporter: Compat change id reported: 143937733; UID 10077; state: DISABLED
02-27 08:43:25.645   322   322 D Zygote  : Forked child process 29999
02-27 08:43:25.653   505   555 W ActivityManager: Slow operation: 69ms so far, now at startProcess: returned from zygote!
02-27 08:43:25.654   505   555 W ActivityManager: Slow operation: 70ms so far, now at startProcess: done updating battery stats
02-27 08:43:25.683 29999 29999 I libc    : SetHeapTaggingLevel: tag level set to 0
02-27 08:43:25.698   505   555 W ActivityManager: Slow operation: 70ms so far, now at startProcess: building log message
02-27 08:43:25.698   505   555 I ActivityManager: Start proc 29999:com.google.android.permissioncontroller/u0a77 for service {com.google.android.permissioncontroller/com.android.permissioncontroller.role.service.RoleControllerServiceImpl}
02-27 08:43:25.698   505   555 W ActivityManager: Slow operation: 114ms so far, now at startProcess: starting to update pids map
02-27 08:43:25.698   505   555 W ActivityManager: Slow operation: 114ms so far, now at startProcess: done updating pids map
02-27 08:43:25.714   505   553 W Searchables: No global search activity found
02-27 08:43:25.750   505   505 W Looper  : Slow dispatch took 104ms main h=android.os.Handler c=android.app.LoadedApk$ReceiverDispatcher$Args$$ExternalSyntheticLambda0@36a4e4d m=0
02-27 08:43:25.753   505  2908 D ConnectivityService: requestNetwork for uid/pid:10048/29812 activeRequest: null callbackRequest: 388 [NetworkRequest [ REQUEST id=389, [ Capabilities: INTERNET&NOT_RESTRICTED&TRUSTED&NOT_VCN_MANAGED Uid: 10048 RequestorUid: 10048 RequestorPkg: com.google.android.tvlauncher] ]] callback flags: 0 priority: 2147483647
02-27 08:43:25.761 29812 29812 W PrtnrWidgetInfoLdr: No content provider for OEM widget found
02-27 08:43:25.761   505   709 D ConnectivityService: NetReassign [389 : null → 101]
02-27 08:43:25.765   505   702 D WifiNetworkFactory: got request NetworkRequest [ REQUEST id=389, [ Capabilities: INTERNET&NOT_RESTRICTED&TRUSTED&NOT_VCN_MANAGED Uid: 10048 RequestorUid: 10048 RequestorPkg: com.google.android.tvlauncher] ]
02-27 08:43:25.765   505   702 D UntrustedWifiNetworkFactory: got request NetworkRequest [ REQUEST id=389, [ Capabilities: INTERNET&NOT_RESTRICTED&TRUSTED&NOT_VCN_MANAGED Uid: 10048 RequestorUid: 10048 RequestorPkg: com.google.android.tvlauncher] ]
02-27 08:43:25.765   505   702 D OemPaidWifiNetworkFactory: got request NetworkRequest [ REQUEST id=389, [ Capabilities: INTERNET&NOT_RESTRICTED&TRUSTED&NOT_VCN_MANAGED Uid: 10048 RequestorUid: 10048 RequestorPkg: com.google.android.tvlauncher] ]
02-27 08:43:25.778   505   505 W Looper  : Slow delivery took 260ms main h=android.app.ActivityThread$H c=android.app.LoadedApk$ReceiverDispatcher$Args$$ExternalSyntheticLambda0@e471050 m=0
02-27 08:43:25.780 29999 29999 E ssioncontrolle: Not starting debugger since process cannot load the jdwp agent.
02-27 08:43:25.865   505   505 V NotificationListeners: enabling notification listener for 0: ComponentInfo{com.google.android.tvrecommendations/com.google.android.tvrecommendations.NotificationsService}
02-27 08:43:25.865   505   505 V NotificationListeners: Not registering ComponentInfo{com.google.android.tvrecommendations/com.google.android.tvrecommendations.NotificationsService} is already bound
02-27 08:43:25.888   505   505 D CompatibilityChangeReporter: Compat change id reported: 135634846; UID 10049; state: DISABLED
02-27 08:43:25.888   505   505 D CompatibilityChangeReporter: Compat change id reported: 177438394; UID 10049; state: DISABLED
02-27 08:43:25.888   505   505 D CompatibilityChangeReporter: Compat change id reported: 135772972; UID 10049; state: DISABLED
02-27 08:43:25.888   505   505 D CompatibilityChangeReporter: Compat change id reported: 135754954; UID 10049; state: ENABLED
02-27 08:43:25.888   505   505 W Looper  : Drained
02-27 08:43:25.890   505  2908 D CompatibilityChangeReporter: Compat change id reported: 168419799; UID 10077; state: DISABLED
02-27 08:43:25.891   505   555 D CompatibilityChangeReporter: Compat change id reported: 143937733; UID 10049; state: ENABLED
02-27 08:43:25.900   770   770 D TvNotificationHandler: Notification added
02-27 08:43:25.900   322   322 D Zygote  : Forked child process 30019
02-27 08:43:25.911 29999 29999 D CompatibilityChangeReporter: Compat change id reported: 171979766; UID 10077; state: DISABLED
02-27 08:43:25.914   505   555 I ActivityManager: Start proc 30019:com.google.android.tv.remote.service/u0a49 for service {com.google.android.tv.remote.service/com.google.android.tv.remote.service.AtvRemoteProviderService}
02-27 08:43:25.940 29999 29999 D ApplicationLoaders: Returning zygote-cached class loader: /system/framework/android.test.base.jar
02-27 08:43:25.942 30019 30019 E .remote.servic: Not starting debugger since process cannot load the jdwp agent.
02-27 08:43:25.956 29846 29846 I ProviderInstaller: Installed default security provider GmsCore_OpenSSL
02-27 08:43:25.957 29902 29902 I ProviderInstaller: Installed default security provider GmsCore_OpenSSL
02-27 08:43:25.960 29846 29846 W SQLiteCompatibilityWalFlags: Cannot read global setting sqlite_compatibility_wal_flags - Application state not available
02-27 08:43:25.962   505   620 I InputReader: Reconfiguring input devices, changes=KEYBOARD_LAYOUTS | 
02-27 08:43:25.966 29812 30036 E ActivityThread: Failed to find provider info for com.google.android.katniss.search.searchapi.VoiceInteractionProvider
02-27 08:43:26.329   338   338 W RanchuHwc: presentDisplay display has no layers to compose, flushing client target buffer.
02-27 08:43:26.494 29813 29813 I Choreographer: Skipped 109 frames!  The application may be doing too much work on its main thread.
02-27 08:43:26.502   505   514 W system_server: Suspending all threads took: 11.868ms
02-27 08:43:26.552   338   338 W RanchuHwc: presentDisplay display has no layers to compose, flushing client target buffer.
02-27 08:43:26.665   505  2243 D CompatibilityChangeReporter: Compat change id reported: 168419799; UID 10049; state: DISABLED
02-27 08:43:26.670   505  2243 W ActivityManager: Slow operation: 700ms so far, now at attachApplicationLocked: immediately before bindApplication
02-27 08:43:26.670   505  2243 W ActivityManager: Slow operation: 700ms so far, now at attachApplicationLocked: immediately after bindApplication
02-27 08:43:26.673 29999 29999 V GraphicsEnvironment: ANGLE Developer option for 'com.google.android.permissioncontroller' set to: 'default'
02-27 08:43:26.673 29999 29999 V GraphicsEnvironment: Neither updatable production driver nor prerelease driver is supported.
02-27 08:43:26.674   505  2243 W ActivityManager: Slow operation: 704ms so far, now at attachApplicationLocked: after updateLruProcessLocked
02-27 08:43:26.684 29999 29999 D NetworkSecurityConfig: No Network Security Config specified, using platform default
02-27 08:43:26.748 29999 29999 D NetworkSecurityConfig: No Network Security Config specified, using platform default
02-27 08:43:26.752   505   514 I system_server: Background young concurrent copying GC freed 1031631(26MB) AllocSpace objects, 7(564KB) LOS objects, 21% free, 31MB/40MB, paused 896us,13.192ms total 721.320ms
02-27 08:43:26.756   505  2243 W ActivityManager: Slow operation: 786ms so far, now at attachApplicationLocked: after mServices.attachApplicationLocked
02-27 08:43:26.758 29812 30037 E ActivityThread: Failed to find provider info for tvlauncher.mic
02-27 08:43:26.768 30019 30019 D CompatibilityChangeReporter: Compat change id reported: 171979766; UID 10049; state: ENABLED
02-27 08:43:26.772 29812 30036 E ActivityThread: Failed to find provider info for com.google.android.katniss.search.WidgetInfoProvider
02-27 08:43:26.782 29812 30039 E ActivityThread: Failed to find provider info for com.google.android.katniss.search.WidgetInfoProvider
02-27 08:43:26.868   505   505 W NotificationHistory: Attempted to add notif for locked/gone/disabled user 0
02-27 08:43:26.888 29813 29835 I m.streamflow.t: Background young concurrent copying GC freed 1800(327KB) AllocSpace objects, 0(0B) LOS objects, 35% free, 2854KB/4410KB, paused 33us,3.799ms total 132.585ms
02-27 08:43:26.890   770   770 V TvNotificationHandler: Notification not added because it isn't relevant for tv
02-27 08:43:26.912 29999 29999 I CarUiInstaller: CarUiInstaller started for com.google.android.permissioncontroller
02-27 08:43:27.040   505   514 W system_server: Suspending all threads took: 93.119ms
02-27 08:43:27.188 29813 29813 W m.streamflow.t: Verification of void androidx.compose.ui.platform.AndroidComposeViewAccessibilityDelegateCompat.<init>(androidx.compose.ui.platform.AndroidComposeView) took 255.473ms (1041.20 bytecodes/s) (10768B approximate peak alloc)
02-27 08:43:27.244 29846 29860 I DynamiteModule: Considering local module com.google.android.gms.googlecertificates:7 and remote module com.google.android.gms.googlecertificates:7
02-27 08:43:27.244 29846 29860 I DynamiteModule: Selected local version of com.google.android.gms.googlecertificates
02-27 08:43:27.256 30019 30019 D nativeloader: classloader namespace configured for unbundled product apk. library_path=/product/priv-app/AtvRemoteService/lib/arm64:/product/lib64:/system/product/lib64
02-27 08:43:27.373   505  1686 I ActivityTaskManager: START u0 {flg=0x14000000 cmp=com.google.android.tvlauncher/.MainActivity (has extras)} from uid 10048
02-27 08:43:27.381 30019 30019 V GraphicsEnvironment: ANGLE Developer option for 'com.google.android.tv.remote.service' set to: 'default'
02-27 08:43:27.381 30019 30019 V GraphicsEnvironment: Neither updatable production driver nor prerelease driver is supported.
02-27 08:43:27.382 30019 30019 D NetworkSecurityConfig: No Network Security Config specified, using platform default
02-27 08:43:27.384 30019 30019 D NetworkSecurityConfig: No Network Security Config specified, using platform default
02-27 08:43:27.452   505   514 I system_server: Background young concurrent copying GC freed 1059820(26MB) AllocSpace objects, 0(0B) LOS objects, 27% free, 29MB/40MB, paused 444us,111.668ms total 554.231ms
02-27 08:43:27.468 29902 30056 I Watchcat: Started
02-27 08:43:27.502 29902 29902 I avgw    : Primes not initialized, returning default (no-op) Primes instance which will ignore all calls. Please call Primes.initialize(...) before using any Primes API.
02-27 08:43:27.503 29902 30057 I GMS_MM_Logger: Started.
02-27 08:43:27.525 29846 29846 I GmsApplication: Registering the BackgroundBroadcastReceiverSupport receiver.
02-27 08:43:27.567   505  1686 W InputReader: Device virtio_input_multi_touch_10 is associated with display ADISPLAY_ID_NONE.
02-27 08:43:27.568   505  1686 W InputReader: Device virtio_input_multi_touch_11 is associated with display ADISPLAY_ID_NONE.
02-27 08:43:27.568   505  1686 W InputReader: Device virtio_input_multi_touch_6 is associated with display ADISPLAY_ID_NONE.
02-27 08:43:27.568   505  1686 W InputReader: Device virtio_input_multi_touch_8 is associated with display ADISPLAY_ID_NONE.
02-27 08:43:27.568   505  1686 W InputReader: Device virtio_input_multi_touch_3 is associated with display ADISPLAY_ID_NONE.
02-27 08:43:27.568   505  1686 W InputReader: Device virtio_input_multi_touch_4 is associated with display ADISPLAY_ID_NONE.
02-27 08:43:27.568   505  1686 W InputReader: Device virtio_input_multi_touch_2 is associated with display ADISPLAY_ID_NONE.
02-27 08:43:27.568   505  1686 W InputReader: Device virtio_input_multi_touch_9 is associated with display ADISPLAY_ID_NONE.
02-27 08:43:27.568   505  1686 W InputReader: Device virtio_input_multi_touch_7 is associated with display ADISPLAY_ID_NONE.
02-27 08:43:27.569   505  1686 W InputReader: Device virtio_input_multi_touch_5 is associated with display ADISPLAY_ID_NONE.
02-27 08:43:27.569   505  1686 W InputReader: Device virtio_input_multi_touch_10 is associated with display ADISPLAY_ID_NONE.
02-27 08:43:27.569   505  1686 W InputReader: Device virtio_input_multi_touch_11 is associated with display ADISPLAY_ID_NONE.
02-27 08:43:27.569   505  1686 W InputReader: Device virtio_input_multi_touch_6 is associated with display ADISPLAY_ID_NONE.
02-27 08:43:27.569   505  1686 W InputReader: Device virtio_input_multi_touch_8 is associated with display ADISPLAY_ID_NONE.
02-27 08:43:27.569   505  1686 W InputReader: Device virtio_input_multi_touch_3 is associated with display ADISPLAY_ID_NONE.
02-27 08:43:27.569   505  1686 W InputReader: Device virtio_input_multi_touch_4 is associated with display ADISPLAY_ID_NONE.
02-27 08:43:27.569   505  1686 W InputReader: Device virtio_input_multi_touch_2 is associated with display ADISPLAY_ID_NONE.
02-27 08:43:27.569   505  1686 W InputReader: Device virtio_input_multi_touch_9 is associated with display ADISPLAY_ID_NONE.
02-27 08:43:27.569   505  1686 W InputReader: Device virtio_input_multi_touch_7 is associated with display ADISPLAY_ID_NONE.
02-27 08:43:27.569   505  1686 W InputReader: Device virtio_input_multi_touch_5 is associated with display ADISPLAY_ID_NONE.
02-27 08:43:27.592   360   360 I BpBinder: onLastStrongRef automatically unlinking death recipients: <uncached descriptor>
02-27 08:43:27.606 30019 30019 I AtvRemote.Application: Application started
02-27 08:43:27.615 29846 29846 I GmsReceiverSupport: Registered Receiver for 14+1 IntentFilters
02-27 08:43:27.640 29999 29999 W Role    : Cannot get ApplicationInfo for default holder: com.android.messaging
02-27 08:43:27.648   770   770 D TvPipController: onTaskStackChanged()
02-27 08:43:27.663 29846 29846 I avgw    : Primes not initialized, returning default (no-op) Primes instance which will ignore all calls. Please call Primes.initialize(...) before using any Primes API.
02-27 08:43:27.668 29812 29812 E Clearcut-EventLogger: Unexpected log parameter home_selected_row_position
02-27 08:43:27.687 29846 30067 I Watchcat: Started
02-27 08:43:27.689 29846 30068 I GMS_MM_Logger: Started.
02-27 08:43:27.690 29999 30070 W Role    : Cannot get ApplicationInfo for default holder: com.android.messaging
02-27 08:43:27.712 29999 30070 W Role    : Cannot get ApplicationInfo for default holder: com.android.contacts
02-27 08:43:27.722 29999 30020 I PermissionControllerServiceImpl: Updating user sensitive for uid 10052
02-27 08:43:27.734 30019 30071 W .remote.servic: Accessing hidden field Ljava/util/Collections$SynchronizedCollection;->mutex:Ljava/lang/Object; (max-target-o, reflection, denied)
02-27 08:43:27.734 30019 30071 W .remote.servic: Accessing hidden method Ljava/util/Collections$SynchronizedSet;-><init>(Ljava/util/Set;Ljava/lang/Object;)V (max-target-o, reflection, denied)
02-27 08:43:27.734 30019 30071 W .remote.servic: Accessing hidden method Ljava/util/Collections$SynchronizedCollection;-><init>(Ljava/util/Collection;Ljava/lang/Object;)V (max-target-o, reflection, denied)
02-27 08:43:27.765 29999 30070 W Role    : Cannot get ApplicationInfo for default holder: com.android.gallery3d
02-27 08:43:27.875   338   338 W RanchuHwc: presentDisplay display has no layers to compose, flushing client target buffer.
02-27 08:43:27.887   338   338 W RanchuHwc: presentDisplay display has no layers to compose, flushing client target buffer.
02-27 08:43:27.948   505   545 W ActivityTaskManager: Activity top resumed state loss timeout for ActivityRecord{a6ed316 u0 com.streamflow.tv/.MainActivity t27}
02-27 08:43:28.062 30019 30019 W .remote.servic: Verification of void com.android.media.tv.remoteprovider.TvRemoteProvider.<init>(android.content.Context) took 274.059ms (91.22 bytecodes/s) (1848B approximate peak alloc)
02-27 08:43:28.106 29999 30008 I ssioncontrolle: Background young concurrent copying GC freed 13701(666KB) AllocSpace objects, 0(0B) LOS objects, 91% free, 2208KB/26MB, paused 1.239ms,2.533ms total 388.491ms
02-27 08:43:28.127 30019 30028 W .remote.servic: Suspending all threads took: 5.287ms
02-27 08:43:28.220 30019 30028 I .remote.servic: Background young concurrent copying GC freed 15312(922KB) AllocSpace objects, 0(0B) LOS objects, 91% free, 2215KB/26MB, paused 37.937ms,5.417ms total 300.197ms
02-27 08:43:28.329 29812 29812 E Clearcut-EventLogger: Unexpected log parameter shown_channel_count
02-27 08:43:28.884   182   182 I lowmemorykiller: Kill 'com.streamflow.tv' (29813), uid 10082, oom_score_adj 200 to free 137256kB rss, 0kB swap; reason: min watermark is breached and thrashing (308%)
02-27 08:43:28.924 29812 29812 E Clearcut-EventLogger: Unexpected log parameter shown_channel_count
02-27 08:43:28.952   322   322 I Zygote  : Process 29813 exited due to signal 9 (Killed)
02-27 08:43:28.957   505  2251 I WindowManager: WIN DEATH: Window{c31c67b u0 com.streamflow.tv/com.streamflow.tv.MainActivity}
02-27 08:43:28.963 29812 29812 I Choreographer: Skipped 71 frames!  The application may be doing too much work on its main thread.
02-27 08:43:28.966   505  1686 I ActivityManager: Process com.streamflow.tv (pid 29813) has died: prcp TOP 
02-27 08:43:28.981   505   556 I libprocessgroup: Successfully killed process cgroup uid 10082 pid 29813 in 7ms
02-27 08:43:28.984   505   514 I system_server: Background young concurrent copying GC freed 1103540(27MB) AllocSpace objects, 0(0B) LOS objects, 0% free, 45MB/45MB, paused 19.875ms,4.205ms total 1.043s
02-27 08:43:28.992 29846 29846 D BoundBrokerSvc: onBind: Intent { act=com.google.android.gms.phenotype.service.START pkg=com.google.android.gms }
02-27 08:43:28.992 29846 29846 D BoundBrokerSvc: Loading bound service for intent: Intent { act=com.google.android.gms.phenotype.service.START pkg=com.google.android.gms }
02-27 08:43:29.001   505  2251 W InputManager-JNI: Input channel object 'c31c67b com.streamflow.tv/com.streamflow.tv.MainActivity (client)' was disposed without first being removed with the input manager!
02-27 08:43:29.137 29902 29902 D BoundBrokerSvc: onBind: Intent { act=com.google.android.gms.gservices.START pkg=com.google.android.gms }
