02-27 08:43:29.137 29902 29902 D BoundBrokerSvc: Loading bound service for intent: Intent { act=com.google.android.gms.gservices.START pkg=com.google.android.gms }
02-27 08:43:29.237   338   338 W RanchuHwc: presentDisplay display has no layers to compose, flushing client target buffer.
02-27 08:43:29.247   338   338 W RanchuHwc: presentDisplay display has no layers to compose, flushing client target buffer.
02-27 08:43:29.262   505   546 D CompatibilityChangeReporter: Compat change id reported: 158002302; UID 10048; state: ENABLED
02-27 08:43:29.270   338   338 W RanchuHwc: presentDisplay display has no layers to compose, flushing client target buffer.
02-27 08:43:29.277   505  1686 W ActivityTaskManager: Force removing ActivityRecord{a6ed316 u0 com.streamflow.tv/.MainActivity t27}: app died, no saved state
02-27 08:43:29.286   338   338 W RanchuHwc: presentDisplay display has no layers to compose, flushing client target buffer.
02-27 08:43:29.305 29812 29935 D HostConnection: createUnique: call
02-27 08:43:29.306 29812 29935 D HostConnection: HostConnection::get() New Host Connection established 0xb400007b8b098710, tid 29935
02-27 08:43:29.316 29812 29935 D HostConnection: HostComposition ext ANDROID_EMU_CHECKSUM_HELPER_v1 ANDROID_EMU_native_sync_v2 ANDROID_EMU_native_sync_v3 ANDROID_EMU_native_sync_v4 ANDROID_EMU_dma_v1 ANDROID_EMU_direct_mem ANDROID_EMU_host_composition_v1 ANDROID_EMU_host_composition_v2 ANDROID_EMU_vulkan ANDROID_EMU_deferred_vulkan_commands ANDROID_EMU_vulkan_null_optional_strings ANDROID_EMU_vulkan_create_resources_with_requirements ANDROID_EMU_YUV_Cache ANDROID_EMU_vulkan_ignored_handles ANDROID_EMU_has_shared_slots_host_memory_allocator ANDROID_EMU_vulkan_free_memory_sync ANDROID_EMU_vulkan_shader_float16_int8 ANDROID_EMU_vulkan_async_queue_submit ANDROID_EMU_vulkan_queue_submit_with_commands ANDROID_EMU_sync_buffer_data ANDROID_EMU_vulkan_async_qsri ANDROID_EMU_read_color_buffer_dma ANDROID_EMU_hwc_color_transform GL_OES_EGL_image_external_essl3 GL_OES_vertex_array_object ANDROID_EMU_host_side_tracing ANDROID_EMU_gles_max_version_3_0 
02-27 08:43:29.353   338   338 W RanchuHwc: presentDisplay display has no layers to compose, flushing client target buffer.
02-27 08:43:29.360   184   184 I hwservicemanager: getTransport: Cannot find entry android.hardware.configstore@1.0::ISurfaceFlingerConfigs/default in either framework or device VINTF manifest.
02-27 08:43:29.362 29812 29935 W OpenGLRenderer: Failed to choose config with EGL_SWAP_BEHAVIOR_PRESERVED, retrying without...
02-27 08:43:29.364 29812 29935 W OpenGLRenderer: Failed to initialize 101010-2 format, error = EGL_SUCCESS
02-27 08:43:29.368 29812 29935 D EGL_emulation: eglCreateContext: 0xb400007b8b099010: maj 3 min 0 rcv 3
02-27 08:43:29.381 29812 29935 D EGL_emulation: eglMakeCurrent: 0xb400007b8b099010: ver 3 0 (tinfo 0x7da2400080) (first time)
02-27 08:43:29.456   505   505 W Looper  : Slow dispatch took 164ms main h=com.android.server.job.JobSchedulerService$JobHandler c=null m=7
02-27 08:43:29.457   505   545 W ActivityManager: setHasOverlayUi called on unknown pid: 29813
02-27 08:43:29.469 29902 29902 D BoundBrokerSvc: onBind: Intent { act=com.google.android.gms.feedback.internal.IFeedbackService pkg=com.google.android.gms }
02-27 08:43:29.470 29902 29902 D BoundBrokerSvc: Loading bound service for intent: Intent { act=com.google.android.gms.feedback.internal.IFeedbackService pkg=com.google.android.gms }
02-27 08:43:29.510 29886 29900 D CompatibilityChangeReporter: Compat change id reported: 150939131; UID 10052; state: ENABLED
02-27 08:43:29.510   505   514 I system_server: Background concurrent copying GC freed 1586335(40MB) AllocSpace objects, 1(20KB) LOS objects, 49% free, 21MB/43MB, paused 994us,4.375ms total 522.736ms
02-27 08:43:29.511 29886 30049 D CompatibilityChangeReporter: Compat change id reported: 150939131; UID 10052; state: ENABLED
02-27 08:43:29.512   360   445 E HWComposer: getSupportedContentTypes: getSupportedContentTypes failed for display 4619827259835644672: Unsupported (8)
02-27 08:43:29.515   184   184 I hwservicemanager: getTransport: Cannot find entry android.hardware.graphics.mapper@4.0::IMapper/default in either framework or device VINTF manifest.
02-27 08:43:29.516 29812 29935 I Gralloc4: mapper 4.x is not supported
02-27 08:43:29.520 29812 30045 D CompatibilityChangeReporter: Compat change id reported: 150939131; UID 10048; state: ENABLED
02-27 08:43:29.528   770   770 V TvNotificationHandler: Notification not added because it isn't relevant for tv
02-27 08:43:29.538 29812 29935 D HostConnection: createUnique: call
02-27 08:43:29.538 29812 29935 D HostConnection: HostConnection::get() New Host Connection established 0xb400007b8b09b590, tid 29935
02-27 08:43:29.542 29812 29935 D goldfish-address-space: allocate: Ask for block of size 0x100
02-27 08:43:29.542 29812 29935 D goldfish-address-space: allocate: ioctl allocate returned offset 0x1f7ff8000 size 0x8000
02-27 08:43:29.548   184   184 I hwservicemanager: getTransport: Cannot find entry android.hardware.graphics.allocator@4.0::IAllocator/default in either framework or device VINTF manifest.
02-27 08:43:29.549 29812 29935 W Gralloc4: allocator 4.x is not supported
02-27 08:43:29.559   337   399 D goldfish-address-space: claimShared: Ask to claim region [0x1f9008000 0x1f97f4000]
02-27 08:43:29.564 29812 29935 D HostConnection: HostComposition ext ANDROID_EMU_CHECKSUM_HELPER_v1 ANDROID_EMU_native_sync_v2 ANDROID_EMU_native_sync_v3 ANDROID_EMU_native_sync_v4 ANDROID_EMU_dma_v1 ANDROID_EMU_direct_mem ANDROID_EMU_host_composition_v1 ANDROID_EMU_host_composition_v2 ANDROID_EMU_vulkan ANDROID_EMU_deferred_vulkan_commands ANDROID_EMU_vulkan_null_optional_strings ANDROID_EMU_vulkan_create_resources_with_requirements ANDROID_EMU_YUV_Cache ANDROID_EMU_vulkan_ignored_handles ANDROID_EMU_has_shared_slots_host_memory_allocator ANDROID_EMU_vulkan_free_memory_sync ANDROID_EMU_vulkan_shader_float16_int8 ANDROID_EMU_vulkan_async_queue_submit ANDROID_EMU_vulkan_queue_submit_with_commands ANDROID_EMU_sync_buffer_data ANDROID_EMU_vulkan_async_qsri ANDROID_EMU_read_color_buffer_dma ANDROID_EMU_hwc_color_transform GL_OES_EGL_image_external_essl3 GL_OES_vertex_array_object ANDROID_EMU_host_side_tracing ANDROID_EMU_gles_max_version_3_0 
02-27 08:43:29.571   337   399 D goldfish-address-space: claimShared: Ask to claim region [0x1f97f4000 0x1f9fe0000]
02-27 08:43:29.576   337   399 D goldfish-address-space: claimShared: Ask to claim region [0x1f9fe0000 0x1fa7cc000]
02-27 08:43:29.594 29999 30070 W Role    : Cannot get ApplicationInfo for default holder: com.google.android.katniss
02-27 08:43:29.631 30019 30019 W SystemServiceRegistry: No service published for: hdmi_control
02-27 08:43:29.656 30019 30019 I AtvRemote.RemoteService: Starting bluetooth server
02-27 08:43:29.663 29812 29812 W Glide   : Load failed for [null] with dimensions [0x0]
02-27 08:43:29.663 29812 29812 W Glide   : class byq: Received null model
02-27 08:43:29.689 29902 29917 I DynamiteModule: Considering local module com.google.android.gms.googlecertificates:7 and remote module com.google.android.gms.googlecertificates:7
02-27 08:43:29.689 29902 29917 I DynamiteModule: Selected local version of com.google.android.gms.googlecertificates
02-27 08:43:29.694 29812 29812 W Glide   : Load failed for [null] with dimensions [0x0]
02-27 08:43:29.694 29812 29812 W Glide   : class byq: Received null model
02-27 08:43:29.745   505   542 I ServiceWatcher: [GeocoderProxy] connected to {com.google.android.gms/com.google.android.gms.location.geocode.GeocodeService}
02-27 08:43:29.756   505  1381 D ConnectivityService: requestNetwork for uid/pid:10052/29886 activeRequest: null callbackRequest: 390 [NetworkRequest [ REQUEST id=391, [ Capabilities: INTERNET&NOT_RESTRICTED&TRUSTED&NOT_VCN_MANAGED Uid: 10052 RequestorUid: 10052 RequestorPkg: com.google.android.tvrecommendations] ]] callback flags: 0 priority: 2147483647
02-27 08:43:29.757   505   709 D ConnectivityService: NetReassign [391 : null → 101]
02-27 08:43:29.757   505   702 D WifiNetworkFactory: got request NetworkRequest [ REQUEST id=391, [ Capabilities: INTERNET&NOT_RESTRICTED&TRUSTED&NOT_VCN_MANAGED Uid: 10052 RequestorUid: 10052 RequestorPkg: com.google.android.tvrecommendations] ]
02-27 08:43:29.761   505   702 D UntrustedWifiNetworkFactory: got request NetworkRequest [ REQUEST id=391, [ Capabilities: INTERNET&NOT_RESTRICTED&TRUSTED&NOT_VCN_MANAGED Uid: 10052 RequestorUid: 10052 RequestorPkg: com.google.android.tvrecommendations] ]
02-27 08:43:29.762   505   702 D OemPaidWifiNetworkFactory: got request NetworkRequest [ REQUEST id=391, [ Capabilities: INTERNET&NOT_RESTRICTED&TRUSTED&NOT_VCN_MANAGED Uid: 10052 RequestorUid: 10052 RequestorPkg: com.google.android.tvrecommendations] ]
02-27 08:43:29.762   505   709 D ConnectivityService: NetReassign [no changes]
02-27 08:43:29.783 20937 20952 I bt_btif_sock_rfcomm: system/bt/btif/src/btif_sock_rfc.cc:303 btsock_rfc_listen: Adding listening socket service_name: Android TV Remote - channel: -1
02-27 08:43:29.792 30019 30019 I AtvRemote.BluetoothServer: Starting Bluetooth LE advertising
02-27 08:43:29.794 30019 30019 D BluetoothAdapter: isLeEnabled(): ON
02-27 08:43:29.794 30019 30019 D BluetoothAdapter: isLeEnabled(): ON
02-27 08:43:29.794 20937 21204 I bt_bta_dm: system/bt/bta/dm/bta_dm_act.cc:2897 bta_dm_set_eir: Generating extended inquiry response packet EIR
02-27 08:43:29.803 20937 21204 I bt_stack: [INFO:port_api.cc(234)] RFCOMM_CreateConnection: bd_addr=ff:ff:ff:ff:ff:ff, scn=6, is_server=1, mtu=990, uuid=000000, dlci=12, signal_state=0x0b, p_port=0x7a819092e8
02-27 08:43:29.817 29886 29964 I cr_CronetLibraryLoader: Cronet version: 105.0.5195.35, arch: aarch64
02-27 08:43:29.910 29846 29846 W .gms.persisten: Accessing hidden method Landroid/net/ConnectivityManager;->isNetworkTypeMobile(I)Z (max-target-p, reflection, denied)
02-27 08:43:29.911 30019 30019 D TvRemoteProvider: openRemoteInputBridge() for virtual-search: success
02-27 08:43:29.913   505  2569 I TvRemote-native-uiBridge: Registering uinput device virtual-search: touch pad size 1x1, max pointers 1.
02-27 08:43:29.908   505   505 W Binder:505_18: type=1400 audit(0.0:2144): avc: denied { write } for name="uinput" dev="tmpfs" ino=382 scontext=u:r:system_server:s0 tcontext=u:object_r:uhid_device:s0 tclass=chr_file permissive=0
02-27 08:43:29.913   505  2569 E TvRemote-native-uiBridge: Cannot open /dev/uinput: Permission denied.
02-27 08:43:29.915 29846 29866 I FontLog : (REDACTED) Updating from directory version %d to %d from disk
02-27 08:43:29.916 29812 29812 E Clearcut-EventLogger: Unexpected log parameter tray_notification_count
02-27 08:43:29.916 29812 30104 D nativeloader: classloader namespace configured for unbundled product apk. library_path=/product/priv-app/PrebuiltGmsCore/lib/arm64:/product/priv-app/PrebuiltGmsCore/PrebuiltGmsCorePano.apk!/lib/arm64-v8a:/product/lib64:/system/product/lib64
02-27 08:43:29.917   505  2569 E TvRemoteServiceInput: Cannot create device for virtual-search
02-27 08:43:29.917 29812 29812 E Clearcut-EventLogger: Unexpected log parameter notification_indicator_total
02-27 08:43:29.918 29846 29866 I FontLog : (REDACTED) Received query %s, URI %s
02-27 08:43:29.920 30019 30019 I AtvRemote.BluetoothServer: Advertising on LE Settings [mAdvertiseMode=0, mAdvertiseTxPowerLevel=2, mAdvertiseConnectable=true, mAdvertiseTimeoutMillis=0]
02-27 08:43:29.921 29846 29866 I FontLog : (REDACTED) Query [%s] resolved to %s
02-27 08:43:29.927 29846 30076 I FontLog : (REDACTED) Using directory in FlatBuffer format
02-27 08:43:29.933 29846 29866 I FontLog : (REDACTED) Font PFD returned from cache for %s
02-27 08:43:29.934 29846 29866 I FontLog : (REDACTED) Fetch %s end status %s
02-27 08:43:29.949 29812 29812 E Clearcut-EventLogger: Unexpected log parameter home_selected_row_position
02-27 08:43:29.949 29812 29812 W HomeController: onResume: List view global layout completed.
02-27 08:43:30.011 29846 29866 I FontLog : (REDACTED) Pulling font file for id = %d, cache size = %d
02-27 08:43:30.061 29846 29846 D CompatibilityChangeReporter: Compat change id reported: 160794467; UID 10057; state: ENABLED
02-27 08:43:30.175 29812 30104 I DynamiteModule: Considering local module com.google.android.gms.ads.dynamite:0 and remote module com.google.android.gms.ads.dynamite:222508000
02-27 08:43:30.175 29812 30104 I DynamiteModule: Selected remote version of com.google.android.gms.ads.dynamite, version >= 222508000
02-27 08:43:30.853   505   553 W ProcessStats: Tracking association SourceState{bdbbb59 system/1000 BTopFgs #17079} whose proc state 2 is better than process ProcessState{f7a131e com.google.android.tv.remote.service/10049 pkg=com.google.android.tv.remote.service} proc state 3 (37 skipped)
02-27 08:43:31.420   505   542 D CompanionDeviceManagerService: onPackageModified(packageName = com.google.android.tvrecommendations)
02-27 08:43:31.514 20937 20937 V MediaPlayerList: mPackageChangedBroadcastReceiver: action: android.intent.action.PACKAGE_CHANGED
02-27 08:43:31.520   505   615 I RoleService: Granting default roles...
02-27 08:43:31.555 20937 20937 D MediaPlayerList: Name of package changed: com.google.android.tvrecommendations
02-27 08:43:31.690   505   505 W Looper  : Slow delivery took 206ms main h=android.app.ActivityThread$H c=android.app.LoadedApk$ReceiverDispatcher$Args$$ExternalSyntheticLambda0@fc3c47b m=0
02-27 08:43:31.701   505   505 W Looper  : Slow dispatch took 140ms main h=android.app.ActivityThread$H c=android.app.LoadedApk$ReceiverDispatcher$Args$$ExternalSyntheticLambda0@fc3c47b m=0
02-27 08:43:31.787 29846 29861 I FontLog : (REDACTED) Received query %s, URI %s
02-27 08:43:31.924   505   553 W Searchables: No global search activity found
02-27 08:43:31.963   505   505 W Looper  : Slow dispatch took 156ms main h=android.app.ActivityThread$H c=android.app.LoadedApk$ReceiverDispatcher$Args$$ExternalSyntheticLambda0@a03052d m=0
02-27 08:43:31.974 29999 30017 I PermissionControllerServiceImpl: Updating user sensitive for uid 10052
02-27 08:43:31.984   505   505 V NotificationListeners: enabling notification listener for 0: ComponentInfo{com.google.android.tvrecommendations/com.google.android.tvrecommendations.NotificationsService}
02-27 08:43:31.989   505   505 V NotificationListeners: Not registering ComponentInfo{com.google.android.tvrecommendations/com.google.android.tvrecommendations.NotificationsService} is already bound
02-27 08:43:32.136 29846 29861 I FontLog : (REDACTED) Query [%s] resolved to %s
02-27 08:43:32.143   505   620 I InputReader: Reconfiguring input devices, changes=KEYBOARD_LAYOUTS | 
02-27 08:43:32.178 29999 30070 W Role    : Cannot get ApplicationInfo for default holder: com.android.messaging
02-27 08:43:32.360 29846 29861 I FontLog : (REDACTED) Font PFD returned from cache for %s
02-27 08:43:32.409 29846 29861 I FontLog : (REDACTED) Fetch %s end status %s
02-27 08:43:32.649 29999 30070 W Role    : Cannot get ApplicationInfo for default holder: com.android.contacts
02-27 08:43:32.665 29999 30070 W Role    : Cannot get ApplicationInfo for default holder: com.android.gallery3d
02-27 08:43:32.893   338   338 W RanchuHwc: presentDisplay display has no layers to compose, flushing client target buffer.
02-27 08:43:32.896   505   505 W Looper  : Drained
02-27 08:43:32.907 29846 29861 I FontLog : (REDACTED) Pulling font file for id = %d, cache size = %d
02-27 08:43:32.960 29812 29821 W roid.tvlaunche: Suspending all threads took: 16.626ms
02-27 08:43:32.963   338   338 W RanchuHwc: presentDisplay display has no layers to compose, flushing client target buffer.
02-27 08:43:32.976   338   338 W RanchuHwc: presentDisplay display has no layers to compose, flushing client target buffer.
02-27 08:43:33.125   505   514 W system_server: Suspending all threads took: 8.390ms
02-27 08:43:33.216   505  2053 E TaskPersister: File error accessing recents directory (directory doesn't exist?).
02-27 08:43:33.373 29812 29821 I roid.tvlaunche: Background young concurrent copying GC freed 8180(515KB) AllocSpace objects, 6(248KB) LOS objects, 13% free, 4986KB/5782KB, paused 34us,35.873ms total 1.222s
02-27 08:43:33.384 29812 29812 I Choreographer: Skipped 246 frames!  The application may be doing too much work on its main thread.
02-27 08:43:33.466 29812 29812 E Clearcut-EventLogger: Unexpected log parameter tray_notification_count
02-27 08:43:33.466 29812 29812 E Clearcut-EventLogger: Unexpected log parameter notification_indicator_total
02-27 08:43:33.543 29812 30105 I gmg     : Provider GmsCore_OpenSSL not available
02-27 08:43:33.736 29812 29821 I roid.tvlaunche: Background concurrent copying GC freed 9972(628KB) AllocSpace objects, 2(104KB) LOS objects, 49% free, 4776KB/9552KB, paused 47us,76us total 140.674ms
02-27 08:43:34.040   505   594 I ActivityManager: Background started FGS: Allowed [callingPackage: com.google.android.tv.remote.service; callingUid: 10049; uidState: FGS ; intent: Intent { cmp=com.google.android.tv.remote.service/.DiscoveryService }; code:BACKGROUND_ACTIVITY_PERMISSION; tempAllowListReason:<null>; targetSdkVersion:31; callerTargetSdkVersion:31; startForegroundCount:0; bindFromPackage:null]
02-27 08:43:34.070   505   514 I system_server: Background young concurrent copying GC freed 1174325(30MB) AllocSpace objects, 9(620KB) LOS objects, 37% free, 27MB/43MB, paused 5.330ms,9.092ms total 1.923s
02-27 08:43:34.160   770   770 V TvNotificationHandler: Notification not added because it isn't relevant for tv
02-27 08:43:34.165 30019 30138 I AtvRemote.TcpServer: Listening on 6466
02-27 08:43:34.189   505   516 E System  : Uncaught exception thrown by finalizer
02-27 08:43:34.202 29999 30070 W Role    : Cannot get ApplicationInfo for default holder: com.google.android.katniss
02-27 08:43:34.207 29812 30104 D DynamitePackage: Instantiated singleton DynamitePackage.
02-27 08:43:34.207 29812 30104 D DynamitePackage: Instantiating com.google.android.gms.ads.adshield.ChimeraAdShieldCreatorImpl
02-27 08:43:34.216   505   594 D CompatibilityChangeReporter: Compat change id reported: 135634846; UID 10066; state: DISABLED
02-27 08:43:34.216   505   594 D CompatibilityChangeReporter: Compat change id reported: 177438394; UID 10066; state: DISABLED
02-27 08:43:34.216   505   594 D CompatibilityChangeReporter: Compat change id reported: 135772972; UID 10066; state: DISABLED
02-27 08:43:34.216   505   594 D CompatibilityChangeReporter: Compat change id reported: 135754954; UID 10066; state: ENABLED
02-27 08:43:34.232   505   555 D CompatibilityChangeReporter: Compat change id reported: 143937733; UID 10066; state: ENABLED
02-27 08:43:34.233   505   516 E System  : java.lang.NullPointerException: Attempt to invoke virtual method 'boolean java.lang.Object.equals(java.lang.Object)' on a null object reference
02-27 08:43:34.233   505   516 E System  : 	at com.android.server.tv.UinputBridge.isTokenValid(UinputBridge.java:135)
02-27 08:43:34.233   505   516 E System  : 	at com.android.server.tv.UinputBridge.close(UinputBridge.java:119)
02-27 08:43:34.233   505   516 E System  : 	at com.android.server.tv.UinputBridge.finalize(UinputBridge.java:111)
02-27 08:43:34.233   505   516 E System  : 	at java.lang.Daemons$FinalizerDaemon.doFinalize(Daemons.java:291)
02-27 08:43:34.233   505   516 E System  : 	at java.lang.Daemons$FinalizerDaemon.runInternal(Daemons.java:278)
02-27 08:43:34.233   505   516 E System  : 	at java.lang.Daemons$Daemon.run(Daemons.java:139)
02-27 08:43:34.233   505   516 E System  : 	at java.lang.Thread.run(Thread.java:920)
02-27 08:43:34.281   322   322 D Zygote  : Forked child process 30144
02-27 08:43:34.285   505   555 W ActivityManager: Slow operation: 87ms so far, now at startProcess: returned from zygote!
02-27 08:43:34.285   505   555 W ActivityManager: Slow operation: 87ms so far, now at startProcess: done updating battery stats
02-27 08:43:34.288   505   555 W ActivityManager: Slow operation: 90ms so far, now at startProcess: building log message
02-27 08:43:34.288   505   555 I ActivityManager: Start proc 30144:com.google.android.inputmethod.latin/u0a66 for service {com.google.android.inputmethod.latin/com.android.inputmethod.latin.LatinIME}
02-27 08:43:34.288   505   555 W ActivityManager: Slow operation: 90ms so far, now at startProcess: starting to update pids map
02-27 08:43:34.295   505   555 W ActivityManager: Slow operation: 97ms so far, now at startProcess: done updating pids map
02-27 08:43:34.336   505   712 D NsdService: New client listening to asynchronous messages
02-27 08:43:34.336 30019 30019 D CompatibilityChangeReporter: Compat change id reported: 191844585; UID 10049; state: ENABLED
02-27 08:43:34.337   505   712 D NsdService: New client, channel: com.android.internal.util.AsyncChannel@90fa821 messenger: android.os.Messenger@b6ad446
02-27 08:43:34.352   505  2251 D ConnectivityService: requestNetwork for uid/pid:10048/29812 activeRequest: null callbackRequest: 393 [NetworkRequest [ REQUEST id=394, [ Capabilities: INTERNET&NOT_RESTRICTED&TRUSTED&NOT_VCN_MANAGED Uid: 10048 RequestorUid: 10048 RequestorPkg: com.google.android.tvlauncher] ]] callback flags: 0 priority: 2147483647
02-27 08:43:34.353   505   709 D ConnectivityService: NetReassign [394 : null → 101]
02-27 08:43:34.358   505   702 D WifiNetworkFactory: got request NetworkRequest [ REQUEST id=394, [ Capabilities: INTERNET&NOT_RESTRICTED&TRUSTED&NOT_VCN_MANAGED Uid: 10048 RequestorUid: 10048 RequestorPkg: com.google.android.tvlauncher] ]
02-27 08:43:34.358   505   702 D UntrustedWifiNetworkFactory: got request NetworkRequest [ REQUEST id=394, [ Capabilities: INTERNET&NOT_RESTRICTED&TRUSTED&NOT_VCN_MANAGED Uid: 10048 RequestorUid: 10048 RequestorPkg: com.google.android.tvlauncher] ]
02-27 08:43:34.358 29846 29861 I FontLog : (REDACTED) Received query %s, URI %s
02-27 08:43:34.358 30144 30144 E putmethod.lati: Not starting debugger since process cannot load the jdwp agent.
02-27 08:43:34.359 29846 29861 I FontLog : (REDACTED) Query [%s] resolved to %s
02-27 08:43:34.362   505   712 D NsdService: Register service
02-27 08:43:34.362   505   712 D NsdService: mdnssd [start-service]
02-27 08:43:34.364 30019 30019 I AtvRemote.RemoteService: Starting up pairing server.
02-27 08:43:34.365 29846 29861 I FontLog : (REDACTED) Font PFD returned from cache for %s
02-27 08:43:34.365 29846 29861 I FontLog : (REDACTED) Fetch %s end status %s
02-27 08:43:34.369 29846 29861 I FontLog : (REDACTED) Pulling font file for id = %d, cache size = %d
02-27 08:43:34.370   505   702 D OemPaidWifiNetworkFactory: got request NetworkRequest [ REQUEST id=394, [ Capabilities: INTERNET&NOT_RESTRICTED&TRUSTED&NOT_VCN_MANAGED Uid: 10048 RequestorUid: 10048 RequestorPkg: com.google.android.tvlauncher] ]
02-27 08:43:34.379   505   572 E VerityUtils: Failed to measure fs-verity, errno 1: /product/priv-app/TVLauncher/TVLauncher.apk
02-27 08:43:34.372   505   505 W PackageManagerB: type=1400 audit(0.0:2145): avc: denied { ioctl } for path="/product/priv-app/TVLauncher/TVLauncher.apk" dev="dm-2" ino=220 ioctlcmd=0x6686 scontext=u:r:system_server:s0 tcontext=u:object_r:system_file:s0 tclass=file permissive=0
02-27 08:43:34.391   505   594 D CompatibilityChangeReporter: Compat change id reported: 168419799; UID 10066; state: DISABLED
02-27 08:43:34.398 30144 30144 D CompatibilityChangeReporter: Compat change id reported: 171979766; UID 10066; state: ENABLED
02-27 08:43:34.408   505   709 D ConnectivityService: NetReassign [no changes]
02-27 08:43:34.870   505   712 D NsdService: registerService: 26 name: sdk_google_atv64_arm64, type: _androidtvremote2._tcp., host: null, port: 6466, txtRecord: bt=BB:BB:BB:00:00:01
02-27 08:43:34.873   505   712 D NsdService: mdnssd [register, 26, sdk_google_atv64_arm64, _androidtvremote2._tcp., 6466, FGJ0PUJCOkJCOkJCOjAwOjAwOjAx]
02-27 08:43:34.912   505   712 D NsdService: Register 2 26
02-27 08:43:35.925   505   712 D NsdService: Native daemon message SERVICE_REGISTERED: 606 26 "sdk_google_atv64_arm64"
02-27 08:43:35.972 30019 30145 I AtvRemote.DiscoveryService: NDS Service registered: sdk_google_atv64_arm64
02-27 08:43:36.189   505   594 W ContentProviderHelper: Slow operation: 148ms so far, now at getContentProviderImpl: after checkContentProviderPermission
02-27 08:43:36.189   505   594 W ContentProviderHelper: Slow operation: 148ms so far, now at getContentProviderImpl: incProviderCountLocked
02-27 08:43:36.193   505   594 W ContentProviderHelper: Slow operation: 151ms so far, now at getContentProviderImpl: before updateLruProcess
02-27 08:43:36.194   505   594 W ContentProviderHelper: Slow operation: 153ms so far, now at getContentProviderImpl: after updateLruProcess
02-27 08:43:36.194   505   594 W ContentProviderHelper: Slow operation: 153ms so far, now at getContentProviderImpl: before updateOomAdj
02-27 08:43:36.196   505   594 W ContentProviderHelper: Slow operation: 155ms so far, now at getContentProviderImpl: after updateOomAdj
02-27 08:43:36.196   505   594 W ContentProviderHelper: Slow operation: 155ms so far, now at getContentProviderImpl: done!
02-27 08:43:36.375 30144 30144 D nativeloader: classloader namespace configured for unbundled product apk. library_path=/product/app/LatinIMEGoogleTvPrebuilt/lib/arm64:/product/app/LatinIMEGoogleTvPrebuilt/LatinIMEGoogleTvPrebuilt.apk!/lib/arm64-v8a:/product/lib64:/system/product/lib64
02-27 08:43:36.886 30019 30066 D PhenotypeContext: Application doesn't implement PhenotypeApplication interface, falling back to globally set context. See go/phenotype-flag#process-stable-init for more info.
02-27 08:43:36.948 29812 29812 I Choreographer: Skipped 157 frames!  The application may be doing too much work on its main thread.
02-27 08:43:36.996 29812 29935 D EGL_emulation: app_time_stats: avg=1383.13ms min=37.91ms max=2825.31ms count=3
02-27 08:43:37.045   505  2586 W ContentProviderHelper: Slow operation: 116ms so far, now at getContentProviderImpl: after updateOomAdj
02-27 08:43:37.050   505  2586 W ContentProviderHelper: Slow operation: 122ms so far, now at getContentProviderImpl: done!
02-27 08:43:37.329   505   543 W Looper  : Slow dispatch took 123ms android.ui h=com.android.server.am.ActivityManagerService$UiHandler c=null m=31
02-27 08:43:37.459 29812 29812 E Clearcut-EventLogger: Unexpected log parameter notification_indicator_total
02-27 08:43:37.572   505   545 W ActivityTaskManager: Launch timeout has expired, giving up wake lock!
02-27 08:43:37.577 29812 29812 E Clearcut-EventLogger: Unexpected log parameter tray_notification_count
02-27 08:43:37.701 29812 30142 W roid.tvlaunche: Verification of boolean amu.bN(int, android.os.Parcel, android.os.Parcel) took 120.863ms (1059.05 bytecodes/s) (3808B approximate peak alloc)
02-27 08:43:37.954 29812 29812 I Choreographer: Skipped 36 frames!  The application may be doing too much work on its main thread.
02-27 08:43:38.108 29812 29935 D EGL_emulation: app_time_stats: avg=555.25ms min=364.99ms max=745.51ms count=2
02-27 08:43:38.764 30144 30144 V GraphicsEnvironment: ANGLE Developer option for 'com.google.android.inputmethod.latin' set to: 'default'
02-27 08:43:38.764 30144 30144 V GraphicsEnvironment: Neither updatable production driver nor prerelease driver is supported.
02-27 08:43:38.792 30144 30144 D NetworkSecurityConfig: No Network Security Config specified, using platform default
02-27 08:43:38.812 30144 30144 D NetworkSecurityConfig: No Network Security Config specified, using platform default
02-27 08:43:38.828 29846 29846 D BoundBrokerSvc: onBind: Intent { act=android.intent.action.RESOLVE_INSTANT_APP_PACKAGE cmp=com.google.android.gms/.chimera.PersistentBoundBrokerService }
02-27 08:43:38.846 29846 29846 D BoundBrokerSvc: Loading bound service for intent: Intent { act=android.intent.action.RESOLVE_INSTANT_APP_PACKAGE cmp=com.google.android.gms/.chimera.PersistentBoundBrokerService }
02-27 08:43:38.868 29812 29812 I Choreographer: Skipped 38 frames!  The application may be doing too much work on its main thread.
02-27 08:43:39.017   505   514 I system_server: Background concurrent copying GC freed 1543048(39MB) AllocSpace objects, 5(628KB) LOS objects, 49% free, 23MB/47MB, paused 39.054ms,419us total 3.194s
02-27 08:43:39.157   505  2908 D CompatibilityChangeReporter: Compat change id reported: 171306433; UID 10057; state: ENABLED
02-27 08:43:39.187 29812 29935 D EGL_emulation: app_time_stats: avg=178.12ms min=19.72ms max=657.96ms count=6
02-27 08:43:39.417   505   542 I ServiceWatcher: [fused] connected to {com.google.android.gms/com.google.android.location.fused.FusedLocationService}
02-27 08:43:39.572   505   542 W Looper  : Slow dispatch took 165ms android.fg h=android.os.Handler c=android.app.LoadedApk$ServiceDispatcher$RunConnection@3dc71c7 m=0
02-27 08:43:39.635   505  2586 I LocationManagerService: fused provider loaded extra attribution tags: [activity_recognition_provider, awareness_provider, current_semantic_location, fused_location_provider, fused_provider_shim, geofencer_provider, network_location_calibration, network_location_provider, network_provider_shim]
02-27 08:43:39.644   505  1684 D CompatibilityChangeReporter: Compat change id reported: 168419799; UID 10057; state: DISABLED
02-27 08:43:39.704 30144 30180 W putmethod.lati: Suspending all threads took: 18.797ms
02-27 08:43:39.761 29902 29917 W SQLiteLog: (28) double-quoted string literal: "1771983819742"
02-27 08:43:39.761 29902 29917 W SQLiteLog: (28) double-quoted string literal: "1"
02-27 08:43:39.765 29846 29846 W SystemServiceRegistry: No service published for: contexthub
02-27 08:43:39.788   505  2908 D CompatibilityChangeReporter: Compat change id reported: 135634846; UID 10057; state: DISABLED
02-27 08:43:39.788   505  2908 D CompatibilityChangeReporter: Compat change id reported: 177438394; UID 10057; state: DISABLED
02-27 08:43:39.788   505  2908 D CompatibilityChangeReporter: Compat change id reported: 135772972; UID 10057; state: DISABLED
02-27 08:43:39.788   505  2908 D CompatibilityChangeReporter: Compat change id reported: 135754954; UID 10057; state: ENABLED
02-27 08:43:39.798   505   555 D CompatibilityChangeReporter: Compat change id reported: 143937733; UID 10057; state: ENABLED
02-27 08:43:39.808 29846 30067 W ProviderHelper: Unknown dynamite feature providerinstaller.dynamite
02-27 08:43:39.809 29846 30067 I DynamiteModule: Considering local module com.google.android.gms.providerinstaller.dynamite:1 and remote module com.google.android.gms.providerinstaller.dynamite:0
02-27 08:43:39.809 29846 30067 I DynamiteModule: Selected local version of com.google.android.gms.providerinstaller.dynamite
02-27 08:43:39.816   322   322 D Zygote  : Forked child process 30213
02-27 08:43:39.817   505   555 I ActivityManager: Start proc 30213:com.google.process.gapps/u0a57 for content provider {com.google.android.gsf/com.google.android.gsf.settings.GoogleSettingsProvider}
02-27 08:43:39.832 29846 30067 I NetworkManagementSocketTagger: tagSocketFd(-1, 805307399, -1) failed with errno-9
02-27 08:43:39.856   505   555 W ActivityManager: Slow operation: 75ms so far, now at startProcess: done updating pids map
02-27 08:43:39.965 30213 30213 E e.process.gapp: Not starting debugger since process cannot load the jdwp agent.
02-27 08:43:40.206 29812 29935 D EGL_emulation: app_time_stats: avg=43.80ms min=6.21ms max=132.70ms count=20
02-27 08:43:41.218 29812 29935 D EGL_emulation: app_time_stats: avg=57.86ms min=15.57ms max=269.44ms count=16
02-27 08:43:41.458 30144 30180 W putmethod.lati: Suspending all threads took: 13.609ms
02-27 08:43:41.672   505  1684 W ActivityManager: Slow operation: 194ms so far, now at attachApplicationLocked: before bindApplication
02-27 08:43:41.751   505  1684 W ActivityManager: Slow operation: 273ms so far, now at attachApplicationLocked: immediately before bindApplication
02-27 08:43:41.796   505  1684 W ActivityManager: Slow operation: 318ms so far, now at attachApplicationLocked: immediately after bindApplication
02-27 08:43:41.796   505  1684 W ActivityManager: Slow operation: 318ms so far, now at attachApplicationLocked: after updateLruProcessLocked
02-27 08:43:41.982   505  1684 W ActivityManager: Slow operation: 504ms so far, now at attachApplicationLocked: after mServices.attachApplicationLocked
02-27 08:43:42.272 29812 29935 D EGL_emulation: app_time_stats: avg=71.01ms min=7.78ms max=190.05ms count=12
02-27 08:43:42.274 29846 29846 E inertial-anchor: Requested sensor:1 and fallback sensor: 1 are both unavailable.
02-27 08:43:42.276 29846 29846 E inertial-anchor: Requested sensor:1 and fallback sensor: 1 are both unavailable.
02-27 08:43:42.328   505  1684 W ProcessStats: Tracking association SourceState{bdbbb59 system/1000 BTopFgs #17125} whose proc state 2 is better than process ProcessState{f7a131e com.google.android.tv.remote.service/10049 pkg=com.google.android.tv.remote.service} proc state 3 (36 skipped)
02-27 08:43:42.353   505  1684 W ActivityManager: Slow operation: 874ms so far, now at attachApplicationLocked: after updateOomAdjLocked
02-27 08:43:42.362   505   554 W ActivityManager: Timeout executing service: ServiceRecord{102feb9 u0 com.google.android.gms/com.google.android.location.internal.server.HardwareArProviderService}
02-27 08:43:42.437 30213 30213 D CompatibilityChangeReporter: Compat change id reported: 171979766; UID 10057; state: ENABLED
02-27 08:43:42.944   505 30232 I ActivityManager: dumpStackTraces pids=null nativepids=null
