02-27 08:43:15.355 29547 29589 D HostConnection: HostComposition ext ANDROID_EMU_CHECKSUM_HELPER_v1 ANDROID_EMU_native_sync_v2 ANDROID_EMU_native_sync_v3 ANDROID_EMU_native_sync_v4 ANDROID_EMU_dma_v1 ANDROID_EMU_direct_mem ANDROID_EMU_host_composition_v1 ANDROID_EMU_host_composition_v2 ANDROID_EMU_vulkan ANDROID_EMU_deferred_vulkan_commands ANDROID_EMU_vulkan_null_optional_strings ANDROID_EMU_vulkan_create_resources_with_requirements ANDROID_EMU_YUV_Cache ANDROID_EMU_vulkan_ignored_handles ANDROID_EMU_has_shared_slots_host_memory_allocator ANDROID_EMU_vulkan_free_memory_sync ANDROID_EMU_vulkan_shader_float16_int8 ANDROID_EMU_vulkan_async_queue_submit ANDROID_EMU_vulkan_queue_submit_with_commands ANDROID_EMU_sync_buffer_data ANDROID_EMU_vulkan_async_qsri ANDROID_EMU_read_color_buffer_dma ANDROID_EMU_hwc_color_transform GL_OES_EGL_image_external_essl3 GL_OES_vertex_array_object ANDROID_EMU_host_side_tracing ANDROID_EMU_gles_max_version_3_0 
02-27 08:43:15.379   337   399 D goldfish-address-space: claimShared: Ask to claim region [0x1f97f4000 0x1f9fe0000]
02-27 08:43:15.392   337   399 D goldfish-address-space: claimShared: Ask to claim region [0x1f9fe0000 0x1fa7cc000]
02-27 08:43:15.441   505   543 W Looper  : Slow dispatch took 655ms android.ui h=com.android.server.am.ActivityManagerService$UiHandler c=null m=31
02-27 08:43:15.469   505   594 D CompatibilityChangeReporter: Compat change id reported: 168419799; UID 10066; state: DISABLED
02-27 08:43:15.524   505   514 I system_server: Background concurrent copying GC freed 889968(23MB) AllocSpace objects, 10(624KB) LOS objects, 50% free, 23MB/46MB, paused 41.959ms,56.956ms total 3.642s
02-27 08:43:15.540   505   594 W ActivityManager: Slow operation: 88ms so far, now at attachApplicationLocked: immediately after bindApplication
02-27 08:43:15.540   505   594 W ActivityManager: Slow operation: 88ms so far, now at attachApplicationLocked: after updateLruProcessLocked
02-27 08:43:15.588   505   594 W ActivityManager: Slow operation: 136ms so far, now at attachApplicationLocked: after mServices.attachApplicationLocked
02-27 08:43:15.594 29715 29715 D CompatibilityChangeReporter: Compat change id reported: 171979766; UID 10066; state: ENABLED
02-27 08:43:15.600   505   505 D CompatibilityChangeReporter: Compat change id reported: 135634846; UID 10049; state: DISABLED
02-27 08:43:15.600   505   505 D CompatibilityChangeReporter: Compat change id reported: 177438394; UID 10049; state: DISABLED
02-27 08:43:15.600   505   505 D CompatibilityChangeReporter: Compat change id reported: 135772972; UID 10049; state: DISABLED
02-27 08:43:15.600   505   505 D CompatibilityChangeReporter: Compat change id reported: 135754954; UID 10049; state: ENABLED
02-27 08:43:15.601   505   555 D CompatibilityChangeReporter: Compat change id reported: 143937733; UID 10049; state: ENABLED
02-27 08:43:15.614   322   322 D Zygote  : Forked child process 29748
02-27 08:43:15.652   505  1684 I ActivityManager: com.android.vending is exempt from freezer
02-27 08:43:15.653   505  1684 D CompatibilityChangeReporter: Compat change id reported: 135634846; UID 10058; state: DISABLED
02-27 08:43:15.653   505  1684 D CompatibilityChangeReporter: Compat change id reported: 177438394; UID 10058; state: DISABLED
02-27 08:43:15.653   505  1684 D CompatibilityChangeReporter: Compat change id reported: 135772972; UID 10058; state: DISABLED
02-27 08:43:15.653   505  1684 D CompatibilityChangeReporter: Compat change id reported: 135754954; UID 10058; state: ENABLED
02-27 08:43:15.656   505   505 W Looper  : Slow dispatch took 2582ms main h=android.os.Handler c=com.android.server.tv.TvRemoteProviderWatcher$2@82b00e9 m=0
02-27 08:43:15.680 29695 29695 D ApplicationLoaders: Returning zygote-cached class loader: /system/framework/android.test.base.jar
02-27 08:43:15.769 29349 29697 I Finsky  : [116] ph.run(14): Initialized AssetModuleDownloader.
02-27 08:43:15.815   505   542 W Looper  : Slow dispatch took 1502ms android.fg h=android.os.Handler c=com.android.server.Watchdog$HandlerChecker@aa33aeb m=0
02-27 08:43:15.820   505   542 W Looper  : Slow delivery took 1183ms android.fg h=android.os.Handler c=com.android.server.power.hint.HintManagerService$UidObserver$$ExternalSyntheticLambda1@1569305 m=0
02-27 08:43:15.843   770   770 D TvPipController: onTaskStackChanged()
02-27 08:43:15.854   505   505 W Looper  : Slow dispatch took 170ms main h=com.android.server.alarm.AlarmManagerService$AlarmHandler c=null m=11
02-27 08:43:15.854   505  2621 W InputReader: Device virtio_input_multi_touch_10 is associated with display ADISPLAY_ID_NONE.
02-27 08:43:15.854   505  2621 W InputReader: Device virtio_input_multi_touch_11 is associated with display ADISPLAY_ID_NONE.
02-27 08:43:15.854   505  2621 W InputReader: Device virtio_input_multi_touch_6 is associated with display ADISPLAY_ID_NONE.
02-27 08:43:15.854   505  2621 W InputReader: Device virtio_input_multi_touch_8 is associated with display ADISPLAY_ID_NONE.
02-27 08:43:15.854   505  2621 W InputReader: Device virtio_input_multi_touch_3 is associated with display ADISPLAY_ID_NONE.
02-27 08:43:15.854   505  2621 W InputReader: Device virtio_input_multi_touch_4 is associated with display ADISPLAY_ID_NONE.
02-27 08:43:15.854   505  2621 W InputReader: Device virtio_input_multi_touch_2 is associated with display ADISPLAY_ID_NONE.
02-27 08:43:15.854   505  2621 W InputReader: Device virtio_input_multi_touch_9 is associated with display ADISPLAY_ID_NONE.
02-27 08:43:15.854   505  2621 W InputReader: Device virtio_input_multi_touch_7 is associated with display ADISPLAY_ID_NONE.
02-27 08:43:15.854   505  2621 W InputReader: Device virtio_input_multi_touch_5 is associated with display ADISPLAY_ID_NONE.
02-27 08:43:15.897   505  2621 W InputReader: Device virtio_input_multi_touch_10 is associated with display ADISPLAY_ID_NONE.
02-27 08:43:15.897   505  2621 W InputReader: Device virtio_input_multi_touch_11 is associated with display ADISPLAY_ID_NONE.
02-27 08:43:15.897   505  2621 W InputReader: Device virtio_input_multi_touch_6 is associated with display ADISPLAY_ID_NONE.
02-27 08:43:15.897   505  2621 W InputReader: Device virtio_input_multi_touch_8 is associated with display ADISPLAY_ID_NONE.
02-27 08:43:15.897   505  2621 W InputReader: Device virtio_input_multi_touch_3 is associated with display ADISPLAY_ID_NONE.
02-27 08:43:15.897   505  2621 W InputReader: Device virtio_input_multi_touch_4 is associated with display ADISPLAY_ID_NONE.
02-27 08:43:15.897   505  2621 W InputReader: Device virtio_input_multi_touch_2 is associated with display ADISPLAY_ID_NONE.
02-27 08:43:15.897   505  2621 W InputReader: Device virtio_input_multi_touch_9 is associated with display ADISPLAY_ID_NONE.
02-27 08:43:15.897   505  2621 W InputReader: Device virtio_input_multi_touch_7 is associated with display ADISPLAY_ID_NONE.
02-27 08:43:15.897   505  2621 W InputReader: Device virtio_input_multi_touch_5 is associated with display ADISPLAY_ID_NONE.
02-27 08:43:15.936 29349 29506 I Finsky  : [95] hvg.run(26): Wrote row to frosting DB: 120
02-27 08:43:15.938 29748 29748 E .remote.servic: Not starting debugger since process cannot load the jdwp agent.
02-27 08:43:15.974   505  2621 W ActivityManager: Slow operation: 263ms so far, now at attachApplicationLocked: after mServices.attachApplicationLocked
02-27 08:43:15.981 29349 29349 I Finsky  : [2] kvx.i(0): PackageMonitorReceiverImpl - Received: android.intent.action.PACKAGE_ADDED, [DpsPkSMHqWttfQXwzyJIZdxvbLGGKJ1F0YBostZeLuc]
02-27 08:43:15.990   505   555 W ActivityManager: Slow operation: 391ms so far, now at startProcess: done updating battery stats
02-27 08:43:15.990   505   555 W ActivityManager: Slow operation: 392ms so far, now at startProcess: building log message
02-27 08:43:15.990   505   555 I ActivityManager: Start proc 29748:com.google.android.tv.remote.service/u0a49 for service {com.google.android.tv.remote.service/com.google.android.tv.remote.service.AtvRemoteProviderService}
02-27 08:43:15.990   505   555 W ActivityManager: Slow operation: 392ms so far, now at startProcess: starting to update pids map
02-27 08:43:16.012 29349 29349 I Finsky  : [2] kwn.n(8): Invalidating cached PackageState for com.streamflow.tv
02-27 08:43:16.018   338   338 W RanchuHwc: presentDisplay display has no layers to compose, flushing client target buffer.
02-27 08:43:16.036 29457 29465 I gle.android.gm: Background young concurrent copying GC freed 3106(440KB) AllocSpace objects, 1(20KB) LOS objects, 42% free, 3655KB/6315KB, paused 66.890ms,29us total 290.309ms
02-27 08:43:16.044 29349 29349 I Finsky  : [2] kvx.i(0): PackageMonitorReceiverImpl - Deduping intent android.intent.action.PACKAGE_ADDED
02-27 08:43:16.047 29349 29349 I Finsky  : [2] kvx.i(0): PackageMonitorReceiverImpl - Received: android.intent.action.PACKAGE_ADDED, [DpsPkSMHqWttfQXwzyJIZdxvbLGGKJ1F0YBostZeLuc]
02-27 08:43:16.048 29349 29349 I Finsky  : [2] kwn.n(8): Invalidating cached PackageState for com.streamflow.tv
02-27 08:43:16.052 29349 29349 I Finsky  : [2] kvx.i(0): PackageMonitorReceiverImpl - Deduping intent android.intent.action.PACKAGE_ADDED
02-27 08:43:16.058   505   555 W ActivityManager: Slow operation: 460ms so far, now at startProcess: done updating pids map
02-27 08:43:16.058   505   555 W ActivityManager: Slow operation: 408ms so far, now at startProcess: asking zygote to start proc
02-27 08:43:16.064   505   505 W Looper  : Slow dispatch took 210ms main h=android.os.Handler c=com.android.server.tv.TvRemoteProviderWatcher$2@82b00e9 m=0
02-27 08:43:16.082   505   555 D CompatibilityChangeReporter: Compat change id reported: 143937733; UID 10058; state: ENABLED
02-27 08:43:16.125   322   322 D Zygote  : Forked child process 29766
02-27 08:43:16.126   505   555 W ActivityManager: Slow operation: 476ms so far, now at startProcess: returned from zygote!
02-27 08:43:16.142   505  1680 W BroadcastQueue: Background execution not allowed: receiving Intent { act=android.intent.action.PACKAGE_REPLACED dat=package:com.streamflow.tv flg=0x4000010 (has extras) } to com.google.android.gms/.gass.chimera.PackageChangeBroadcastReceiver
02-27 08:43:16.171   505   555 W ActivityManager: Slow operation: 521ms so far, now at startProcess: done updating battery stats
02-27 08:43:16.171   505   555 W ActivityManager: Slow operation: 521ms so far, now at startProcess: building log message
02-27 08:43:16.171   505   555 I ActivityManager: Start proc 29766:com.android.vending:background/u0a58 for service {com.android.vending/com.google.android.finsky.ipcservers.background.BackgroundGrpcServerAndroidService}
02-27 08:43:16.171   505   555 W ActivityManager: Slow operation: 521ms so far, now at startProcess: starting to update pids map
02-27 08:43:16.172   505   555 W ActivityManager: Slow operation: 521ms so far, now at startProcess: done updating pids map
02-27 08:43:16.172   505   554 W BroadcastQueue: Background execution not allowed: receiving Intent { act=android.intent.action.PACKAGE_REPLACED dat=package:com.streamflow.tv flg=0x4000010 (has extras) } to com.google.android.gms/.chimera.GmsIntentOperationService$PersistentTrustedReceiver
02-27 08:43:16.184   505   542 W Looper  : Drained
02-27 08:43:16.218 29349 29349 I Finsky  : [2] mps.run(40): Detected restoreservicev2://recovery not needed, will not run
02-27 08:43:16.260 29715 29715 D nativeloader: classloader namespace configured for unbundled product apk. library_path=/product/app/LatinIMEGoogleTvPrebuilt/lib/arm64:/product/app/LatinIMEGoogleTvPrebuilt/LatinIMEGoogleTvPrebuilt.apk!/lib/arm64-v8a:/product/lib64:/system/product/lib64
02-27 08:43:16.286 29766 29766 E ding:backgroun: Not starting debugger since process cannot load the jdwp agent.
02-27 08:43:16.310 29349 29506 I Finsky  : [95] hvg.run(26): Wrote row to frosting DB: 121
02-27 08:43:16.393   505   505 W Looper  : Slow dispatch took 192ms main h=com.android.server.job.JobSchedulerService$JobHandler c=null m=7
02-27 08:43:17.473   505  2476 D CompatibilityChangeReporter: Compat change id reported: 168419799; UID 10049; state: DISABLED
02-27 08:43:17.473   505  2476 W ActivityManager: Slow operation: 111ms so far, now at attachApplicationLocked: immediately before bindApplication
02-27 08:43:17.798   505  2476 W ActivityManager: Slow operation: 436ms so far, now at attachApplicationLocked: immediately after bindApplication
02-27 08:43:17.859   505  2476 W ActivityManager: Slow operation: 497ms so far, now at attachApplicationLocked: after updateLruProcessLocked
02-27 08:43:18.383   505   543 W Looper  : Slow dispatch took 470ms android.ui h=com.android.server.am.ActivityManagerService$UiHandler c=com.android.server.am.UidObserverController$$ExternalSyntheticLambda0@22ffb12 m=0
02-27 08:43:18.631 29766 29779 W ding:backgroun: Suspending all threads took: 12.131ms
02-27 08:43:18.639 29748 29760 I .remote.servic: Background young concurrent copying GC freed 12586(556KB) AllocSpace objects, 0(0B) LOS objects, 92% free, 1851KB/25MB, paused 131us,130us total 727.669ms
02-27 08:43:18.650 29349 29506 I Finsky  : [95] hvg.run(26): Wrote row to frosting DB: 122
02-27 08:43:18.690 29766 29779 I ding:backgroun: Background young concurrent copying GC freed 12426(534KB) AllocSpace objects, 0(0B) LOS objects, 93% free, 1840KB/25MB, paused 24.377ms,61.129ms total 505.600ms
02-27 08:43:18.771 29683 29683 V GraphicsEnvironment: ANGLE Developer option for 'com.android.keychain' set to: 'default'
02-27 08:43:18.771 29683 29683 V GraphicsEnvironment: Neither updatable production driver nor prerelease driver is supported.
02-27 08:43:18.886 29683 29683 D NetworkSecurityConfig: No Network Security Config specified, using platform default
02-27 08:43:18.898 29695 29695 V GraphicsEnvironment: ANGLE Developer option for 'com.google.android.permissioncontroller' set to: 'default'
02-27 08:43:18.899 29695 29695 V GraphicsEnvironment: Neither updatable production driver nor prerelease driver is supported.
02-27 08:43:18.917 29683 29691 W ndroid.keychai: Suspending all threads took: 13.082ms
02-27 08:43:18.930 29683 29683 D NetworkSecurityConfig: No Network Security Config specified, using platform default
02-27 08:43:18.938 29695 29695 D NetworkSecurityConfig: No Network Security Config specified, using platform default
02-27 08:43:18.948 29695 29695 D NetworkSecurityConfig: No Network Security Config specified, using platform default
02-27 08:43:18.980   505  2476 W ActivityManager: Slow operation: 1618ms so far, now at attachApplicationLocked: after mServices.attachApplicationLocked
02-27 08:43:18.989   505   505 W Looper  : Slow dispatch took 2508ms main h=com.android.server.job.JobSchedulerService$JobHandler c=null m=4
02-27 08:43:19.061   338   338 W RanchuHwc: presentDisplay display has no layers to compose, flushing client target buffer.
02-27 08:43:19.089 29715 29715 V GraphicsEnvironment: ANGLE Developer option for 'com.google.android.inputmethod.latin' set to: 'default'
02-27 08:43:19.101 29715 29715 V GraphicsEnvironment: Neither updatable production driver nor prerelease driver is supported.
02-27 08:43:19.123 29349 29506 I Finsky  : [95] hvg.run(26): Wrote row to frosting DB: 123
02-27 08:43:19.126   505   505 W Looper  : Slow dispatch took 137ms main h=com.android.server.job.JobSchedulerService$JobHandler c=null m=4
02-27 08:43:19.127 29715 29715 D NetworkSecurityConfig: No Network Security Config specified, using platform default
02-27 08:43:19.128 29715 29715 D NetworkSecurityConfig: No Network Security Config specified, using platform default
02-27 08:43:19.134 29748 29748 D CompatibilityChangeReporter: Compat change id reported: 171979766; UID 10049; state: ENABLED
02-27 08:43:19.160 29766 29766 D CompatibilityChangeReporter: Compat change id reported: 171979766; UID 10058; state: ENABLED
02-27 08:43:19.343   505   709 D ConnectivityService: NetReassign [no changes]
02-27 08:43:19.498   505   505 W Looper  : Drained
02-27 08:43:19.597   505   505 W NotificationHistory: Attempted to add notif for locked/gone/disabled user 0
02-27 08:43:19.747   770   770 V TvNotificationHandler: Notification not added because it isn't relevant for tv
02-27 08:43:19.806 29748 29748 D nativeloader: classloader namespace configured for unbundled product apk. library_path=/product/priv-app/AtvRemoteService/lib/arm64:/product/lib64:/system/product/lib64
02-27 08:43:19.808 29766 29766 D nativeloader: classloader namespace configured for unbundled product apk. library_path=/product/priv-app/Tubesky/lib/arm64:/product/priv-app/Tubesky/Tubesky.apk!/lib/arm64-v8a:/product/lib64:/system/product/lib64
02-27 08:43:19.822 29698 29698 D CompatibilityChangeReporter: Compat change id reported: 171979766; UID 10082; state: ENABLED
02-27 08:43:19.869 29683 29691 W ndroid.keychai: Suspending all threads took: 20.684ms
02-27 08:43:19.910 29695 29695 I CarUiInstaller: CarUiInstaller started for com.google.android.permissioncontroller
02-27 08:43:20.006 29748 29748 V GraphicsEnvironment: ANGLE Developer option for 'com.google.android.tv.remote.service' set to: 'default'
02-27 08:43:20.006 29748 29748 V GraphicsEnvironment: Neither updatable production driver nor prerelease driver is supported.
02-27 08:43:20.010 29748 29748 D NetworkSecurityConfig: No Network Security Config specified, using platform default
02-27 08:43:20.010 29748 29748 D NetworkSecurityConfig: No Network Security Config specified, using platform default
02-27 08:43:20.035 29349 29378 I Finsky  : [57] mar.accept(5): SCH: Scheduling phonesky job Id: 12-1, CT: 1772156591802, Constraints: [{ L: 15000, D: 86400000, C: 1, I: 1, N: 1 }]
02-27 08:43:20.189 29748 29748 I AtvRemote.Application: Application started
02-27 08:43:20.205   182   182 I lowmemorykiller: Kill 'android.process.media' (29527), uid 10027, oom_score_adj 700 to free 53716kB rss, 0kB swap; reason: min watermark is breached and thrashing (120%)
02-27 08:43:20.229   182   182 I lowmemorykiller: Kill 'com.android.keychain' (29683), uid 1000, oom_score_adj 500 to free 72764kB rss, 0kB swap; reason: min watermark is breached even after kill
02-27 08:43:20.234   505  2621 I ActivityManager: Process android.process.media (pid 29527) has died: prev LAST
02-27 08:43:20.237   322   322 I Zygote  : Process 29527 exited due to signal 9 (Killed)
02-27 08:43:20.254 29349 29378 I Finsky  : [57] mqf.apply(81): SCH: Scheduling 1 system job(s)
02-27 08:43:20.263 29349 29378 I Finsky  : [57] mqf.apply(87): SCH: Scheduling system job Id: 9393, L: 6548, D: 82968788, C: false, I: false, N: 1
02-27 08:43:20.263   322   322 I Zygote  : Process 29683 exited due to signal 9 (Killed)
02-27 08:43:20.269   182   182 I lowmemorykiller: Kill 'com.android.vending' (29349), uid 10058, oom_score_adj 250 to free 94776kB rss, 0kB swap; reason: min watermark is breached even after kill
02-27 08:43:20.295   505  2621 W ProcessStats: Tracking association SourceState{bdbbb59 system/1000 BTopFgs #16966} whose proc state 2 is better than process ProcessState{f7a131e com.google.android.tv.remote.service/10049 pkg=com.google.android.tv.remote.service} proc state 3 (34 skipped)
02-27 08:43:20.306   505   556 I libprocessgroup: Successfully killed process cgroup uid 10027 pid 29527 in 0ms
02-27 08:43:20.351 29766 29766 V GraphicsEnvironment: ANGLE Developer option for 'com.android.vending' set to: 'default'
02-27 08:43:20.351 29766 29766 V GraphicsEnvironment: Neither updatable production driver nor prerelease driver is supported.
02-27 08:43:20.357 29766 29766 D NetworkSecurityConfig: No Network Security Config specified, using platform default
02-27 08:43:20.357 29766 29766 D NetworkSecurityConfig: No Network Security Config specified, using platform default
02-27 08:43:20.368 29695 29695 W Role    : Cannot get ApplicationInfo for default holder: com.android.messaging
02-27 08:43:20.373   182   182 I lowmemorykiller: Kill 'com.google.android.gms' (29457), uid 10057, oom_score_adj 250 to free 62540kB rss, 0kB swap; reason: min watermark is breached even after kill
02-27 08:43:20.377   322   322 I Zygote  : Process 29349 exited due to signal 9 (Killed)
02-27 08:43:20.377   505  1925 W ActivityManager: Exception when destroying service com.android.keychain/.KeyChainService
02-27 08:43:20.377   505  1925 W ActivityManager: android.os.DeadObjectException
02-27 08:43:20.377   505  1925 W ActivityManager: 	at android.os.BinderProxy.transactNative(Native Method)
02-27 08:43:20.377   505  1925 W ActivityManager: 	at android.os.BinderProxy.transact(BinderProxy.java:571)
02-27 08:43:20.377   505  1925 W ActivityManager: 	at android.app.IApplicationThread$Stub$Proxy.scheduleStopService(IApplicationThread.java:1538)
02-27 08:43:20.377   505  1925 W ActivityManager: 	at com.android.server.am.ActiveServices.bringDownServiceLocked(ActiveServices.java:4303)
02-27 08:43:20.377   505  1925 W ActivityManager: 	at com.android.server.am.ActiveServices.bringDownServiceIfNeededLocked(ActiveServices.java:4138)
02-27 08:43:20.377   505  1925 W ActivityManager: 	at com.android.server.am.ActiveServices.stopServiceTokenLocked(ActiveServices.java:1336)
02-27 08:43:20.377   505  1925 W ActivityManager: 	at com.android.server.am.ActivityManagerService.stopServiceToken(ActivityManagerService.java:11886)
02-27 08:43:20.377   505  1925 W ActivityManager: 	at android.app.IActivityManager$Stub.onTransact(IActivityManager.java:2810)
02-27 08:43:20.377   505  1925 W ActivityManager: 	at com.android.server.am.ActivityManagerService.onTransact(ActivityManagerService.java:2498)
02-27 08:43:20.377   505  1925 W ActivityManager: 	at android.os.Binder.execTransactInternal(Binder.java:1179)
02-27 08:43:20.377   505  1925 W ActivityManager: 	at android.os.Binder.execTransact(Binder.java:1143)
02-27 08:43:20.393   182   182 W lowmemorykiller: Failed to open /proc/29683/oom_score_adj; errno=2: process 29683 might have been killed
02-27 08:43:20.393   505   556 I libprocessgroup: Successfully killed process cgroup uid 1000 pid 29683 in 0ms
02-27 08:43:20.393   505  2259 I ActivityManager: Process com.android.keychain (pid 29683) has died: cch+5 CEM 
02-27 08:43:20.423   505   505 W Looper  : Slow dispatch took 115ms main h=com.android.server.job.JobSchedulerService$JobHandler c=null m=1
02-27 08:43:20.423   505  1684 I ActivityManager: Process com.android.vending (pid 29349) has died: prcl TRNB
02-27 08:43:20.423   505   556 I libprocessgroup: Successfully killed process cgroup uid 10058 pid 29349 in 0ms
02-27 08:43:20.446   322   322 I Zygote  : Process 29457 exited due to signal 9 (Killed)
02-27 08:43:20.447   505  1684 W ActivityManager: Exception when unbinding service com.google.android.gms/.chimera.GmsBoundBrokerService
02-27 08:43:20.447   505  1684 W ActivityManager: android.os.DeadObjectException
02-27 08:43:20.447   505  1684 W ActivityManager: 	at android.os.BinderProxy.transactNative(Native Method)
02-27 08:43:20.447   505  1684 W ActivityManager: 	at android.os.BinderProxy.transact(BinderProxy.java:571)
02-27 08:43:20.447   505  1684 W ActivityManager: 	at android.app.IApplicationThread$Stub$Proxy.scheduleUnbindService(IApplicationThread.java:1790)
02-27 08:43:20.447   505  1684 W ActivityManager: 	at com.android.server.am.ActiveServices.removeConnectionLocked(ActiveServices.java:4453)
02-27 08:43:20.447   505  1684 W ActivityManager: 	at com.android.server.am.ActiveServices.killServicesLocked(ActiveServices.java:4890)
02-27 08:43:20.447   505  1684 W ActivityManager: 	at com.android.server.am.ActivityManagerService.cleanUpApplicationRecordLocked(ActivityManagerService.java:11706)
02-27 08:43:20.447   505  1684 W ActivityManager: 	at com.android.server.am.ActivityManagerService.handleAppDiedLocked(ActivityManagerService.java:3015)
02-27 08:43:20.447   505  1684 W ActivityManager: 	at com.android.server.am.ActivityManagerService.appDiedLocked(ActivityManagerService.java:3122)
02-27 08:43:20.447   505  1684 W ActivityManager: 	at com.android.server.am.ActivityManagerService$AppDeathRecipient.binderDied(ActivityManagerService.java:1437)
02-27 08:43:20.447   505  1684 W ActivityManager: 	at android.os.IBinder$DeathRecipient.binderDied(IBinder.java:314)
02-27 08:43:20.447   505  1684 W ActivityManager: 	at android.os.BinderProxy.sendDeathNotice(BinderProxy.java:685)
02-27 08:43:20.457   505  1684 W ActivityManager: Scheduling restart of crashed service com.android.vending/com.google.android.finsky.scheduler.process.mainimpl.PhoneskyJobServiceMain in 1000ms for connection
02-27 08:43:20.474   182   182 I lowmemorykiller: Kill 'com.google.android.tvlauncher' (29547), uid 10048, oom_score_adj 102 to free 87104kB rss, 0kB swap; reason: min watermark is breached even after kill
02-27 08:43:20.491 29748 29806 W .remote.servic: Accessing hidden field Ljava/util/Collections$SynchronizedCollection;->mutex:Ljava/lang/Object; (max-target-o, reflection, denied)
02-27 08:43:20.492 29748 29806 W .remote.servic: Accessing hidden method Ljava/util/Collections$SynchronizedSet;-><init>(Ljava/util/Set;Ljava/lang/Object;)V (max-target-o, reflection, denied)
02-27 08:43:20.492 29748 29806 W .remote.servic: Accessing hidden method Ljava/util/Collections$SynchronizedCollection;-><init>(Ljava/util/Collection;Ljava/lang/Object;)V (max-target-o, reflection, denied)
02-27 08:43:20.511   322   322 I Zygote  : Process 29547 exited due to signal 9 (Killed)
02-27 08:43:20.516   182   182 I lowmemorykiller: Kill 'com.android.providers.tv' (29621), uid 10033, oom_score_adj 102 to free 56200kB rss, 0kB swap; reason: min watermark is breached even after kill
02-27 08:43:20.533 29766 29766 I Finsky:background: [2] eqq.gk(6): Process created at version: 29.7.18-21 [8] [PR] 435106348
02-27 08:43:20.554 29389 29424 I FontLog : (REDACTED) Updating from directory version %d to %d from disk
02-27 08:43:20.557   322   322 I Zygote  : Process 29621 exited due to signal 9 (Killed)
02-27 08:43:20.561   182   182 I lowmemorykiller: Kill 'com.google.android.tvrecommendations' (26625), uid 10052, oom_score_adj 102 to free 51928kB rss, 0kB swap; reason: min watermark is breached even after kill
02-27 08:43:20.569 29389 29639 I FontLog : (REDACTED) Using directory in FlatBuffer format
02-27 08:43:20.572   322   322 I Zygote  : Process 26625 exited due to signal 9 (Killed)
02-27 08:43:20.577 29389 29424 I FontLog : (REDACTED) Received query %s, URI %s
02-27 08:43:20.580 29389 29424 I FontLog : (REDACTED) Query [%s] resolved to %s
02-27 08:43:20.581   182   182 I lowmemorykiller: Kill 'com.google.android.tv.remote.service' (29748), uid 10049, oom_score_adj 100 to free 81212kB rss, 0kB swap; reason: min watermark is breached even after kill
02-27 08:43:20.605   322   322 I Zygote  : Process 29748 exited due to signal 9 (Killed)
02-27 08:43:20.606   182   182 I lowmemorykiller: Kill 'com.google.android.gms.persistent' (29389), uid 10057, oom_score_adj 0 to free 109604kB rss, 0kB swap; reason: min watermark is breached even after kill
02-27 08:43:20.637   322   322 I Zygote  : Process 29389 exited due to signal 9 (Killed)
02-27 08:43:20.653   182   182 I lowmemorykiller: Kill 'com.android.vending:background' (29766), uid 10058, oom_score_adj 0 to free 95256kB rss, 0kB swap; reason: min watermark is breached even after kill
02-27 08:43:20.674   322   322 I Zygote  : Process 29766 exited due to signal 9 (Killed)
02-27 08:43:20.676   182   182 I lowmemorykiller: Kill 'com.google.android.inputmethod.latin' (29715), uid 10066, oom_score_adj 0 to free 87736kB rss, 0kB swap; reason: min watermark is breached even after kill
02-27 08:43:20.702   322   322 I Zygote  : Process 29715 exited due to signal 9 (Killed)
02-27 08:43:20.705   182   182 I lowmemorykiller: Kill 'com.streamflow.tv' (29698), uid 10082, oom_score_adj 0 to free 82776kB rss, 0kB swap; reason: min watermark is breached even after kill
02-27 08:43:20.721   322   322 I Zygote  : Process 29698 exited due to signal 9 (Killed)
02-27 08:43:20.722   182   182 I lowmemorykiller: Kill 'com.google.android.permissioncontroller' (29695), uid 10077, oom_score_adj 0 to free 74240kB rss, 0kB swap; reason: min watermark is breached even after kill
02-27 08:43:20.744   322   322 I Zygote  : Process 29695 exited due to signal 9 (Killed)
02-27 08:43:20.745   182   182 I lowmemorykiller: Kill 'com.google.process.gservices' (28999), uid 10057, oom_score_adj 0 to free 51052kB rss, 0kB swap; reason: min watermark is breached even after kill
02-27 08:43:20.760   322   322 I Zygote  : Process 28999 exited due to signal 9 (Killed)
02-27 08:43:20.773   182   182 W lowmemorykiller: Failed to open /proc/29457/oom_score_adj; errno=2: process 29457 might have been killed
02-27 08:43:20.774   505  1683 E IPCThreadState: binder thread pool (31 threads) starved for 203 ms
02-27 08:43:20.777   505  2586 D ConnectivityService: ConnectivityService NetworkRequestInfo binderDied(uid/pid:10052/26625, android.os.BinderProxy@3391b28)
02-27 08:43:20.778   505   709 D ConnectivityService: releasing NetworkRequest [ REQUEST id=350, [ Capabilities: INTERNET&NOT_RESTRICTED&TRUSTED&NOT_VCN_MANAGED Uid: 10052 RequestorUid: 10052 RequestorPkg: com.google.android.tvrecommendations] ] (release request)
02-27 08:43:20.779   505  3356 D ConnectivityService: ConnectivityService NetworkRequestInfo binderDied(uid/pid:10048/29547, android.os.BinderProxy@947e61a)
02-27 08:43:20.780   505   594 D NotificationListeners: Removing active service ComponentInfo{com.google.android.tvrecommendations/com.google.android.tvrecommendations.NotificationsService}
02-27 08:43:20.780   505  2243 D ConnectivityService: ConnectivityService NetworkRequestInfo binderDied(uid/pid:10057/29389, android.os.BinderProxy@e86f041)
02-27 08:43:20.781   505   709 D ConnectivityService: releasing NetworkRequest [ REQUEST id=386, [ Capabilities: INTERNET&NOT_RESTRICTED&TRUSTED&NOT_VCN_MANAGED Uid: 10048 RequestorUid: 10048 RequestorPkg: com.google.android.tvlauncher] ] (release request)
02-27 08:43:20.781   505  1683 D ConnectivityService: ConnectivityService NetworkRequestInfo binderDied(uid/pid:10052/26625, android.os.BinderProxy@dd5154b)
02-27 08:43:20.784   505   542 I ServiceWatcher: [GeocoderProxy] disconnected from 10057/com.google.android.gms/.location.geocode.GeocodeService@2
02-27 08:43:20.788   505   891 I WindowManager: WIN DEATH: Window{b1ad564 u0 com.google.android.tvlauncher/com.google.android.tvlauncher.MainActivity}
02-27 08:43:20.814   505   891 W InputManager-JNI: Input channel object 'b1ad564 com.google.android.tvlauncher/com.google.android.tvlauncher.MainActivity (client)' was disposed without first being removed with the input manager!
02-27 08:43:20.847   505   514 I system_server: Background young concurrent copying GC freed 1422229(36MB) AllocSpace objects, 2(56KB) LOS objects, 34% free, 30MB/46MB, paused 13.589ms,133us total 824.953ms
02-27 08:43:20.866   338   338 W RanchuHwc: presentDisplay display has no layers to compose, flushing client target buffer.
02-27 08:43:20.889   505  1212 I ActivityManager: Process com.google.android.tvlauncher (pid 29547) has died: vis+2 TOP 
02-27 08:43:20.889   505   556 I libprocessgroup: Successfully killed process cgroup uid 10048 pid 29547 in 0ms
02-27 08:43:20.892   505  1212 W ActivityManager: Exception when unbinding service com.google.android.gms/.chimera.PersistentDirectBootAwareApiService
02-27 08:43:20.892   505  1212 W ActivityManager: android.os.DeadObjectException
02-27 08:43:20.892   505  1212 W ActivityManager: 	at android.os.BinderProxy.transactNative(Native Method)
02-27 08:43:20.892   505  1212 W ActivityManager: 	at android.os.BinderProxy.transact(BinderProxy.java:571)
02-27 08:43:20.892   505  1212 W ActivityManager: 	at android.app.IApplicationThread$Stub$Proxy.scheduleUnbindService(IApplicationThread.java:1790)
02-27 08:43:20.892   505  1212 W ActivityManager: 	at com.android.server.am.ActiveServices.removeConnectionLocked(ActiveServices.java:4453)
02-27 08:43:20.892   505  1212 W ActivityManager: 	at com.android.server.am.ActiveServices.killServicesLocked(ActiveServices.java:4890)
02-27 08:43:20.892   505  1212 W ActivityManager: 	at com.android.server.am.ActivityManagerService.cleanUpApplicationRecordLocked(ActivityManagerService.java:11706)
02-27 08:43:20.892   505  1212 W ActivityManager: 	at com.android.server.am.ActivityManagerService.handleAppDiedLocked(ActivityManagerService.java:3015)
02-27 08:43:20.892   505  1212 W ActivityManager: 	at com.android.server.am.ActivityManagerService.appDiedLocked(ActivityManagerService.java:3122)
02-27 08:43:20.892   505  1212 W ActivityManager: 	at com.android.server.am.ActivityManagerService$AppDeathRecipient.binderDied(ActivityManagerService.java:1437)
02-27 08:43:20.892   505  1212 W ActivityManager: 	at android.os.IBinder$DeathRecipient.binderDied(IBinder.java:314)
02-27 08:43:20.892   505  1212 W ActivityManager: 	at android.os.BinderProxy.sendDeathNotice(BinderProxy.java:685)
02-27 08:43:20.892   505  1212 W ActivityManager: Exception when unbinding service com.google.android.gms/.auth.GetToken
02-27 08:43:20.892   505  1212 W ActivityManager: android.os.DeadObjectException
02-27 08:43:20.892   505  1212 W ActivityManager: 	at android.os.BinderProxy.transactNative(Native Method)
02-27 08:43:20.892   505  1212 W ActivityManager: 	at android.os.BinderProxy.transact(BinderProxy.java:571)
02-27 08:43:20.892   505  1212 W ActivityManager: 	at android.app.IApplicationThread$Stub$Proxy.scheduleUnbindService(IApplicationThread.java:1790)
02-27 08:43:20.892   505  1212 W ActivityManager: 	at com.android.server.am.ActiveServices.removeConnectionLocked(ActiveServices.java:4453)
02-27 08:43:20.892   505  1212 W ActivityManager: 	at com.android.server.am.ActiveServices.killServicesLocked(ActiveServices.java:4890)
02-27 08:43:20.892   505  1212 W ActivityManager: 	at com.android.server.am.ActivityManagerService.cleanUpApplicationRecordLocked(ActivityManagerService.java:11706)
02-27 08:43:20.892   505  1212 W ActivityManager: 	at com.android.server.am.ActivityManagerService.handleAppDiedLocked(ActivityManagerService.java:3015)
02-27 08:43:20.892   505  1212 W ActivityManager: 	at com.android.server.am.ActivityManagerService.appDiedLocked(ActivityManagerService.java:3122)
02-27 08:43:20.892   505  1212 W ActivityManager: 	at com.android.server.am.ActivityManagerService$AppDeathRecipient.binderDied(ActivityManagerService.java:1437)
02-27 08:43:20.892   505  1212 W ActivityManager: 	at android.os.IBinder$DeathRecipient.binderDied(IBinder.java:314)
02-27 08:43:20.892   505  1212 W ActivityManager: 	at android.os.BinderProxy.sendDeathNotice(BinderProxy.java:685)
02-27 08:43:20.893   505  1212 W ActivityManager: Exception when destroying service com.google.android.gms/.auth.GetToken
02-27 08:43:20.893   505  1212 W ActivityManager: android.os.DeadObjectException
02-27 08:43:20.893   505  1212 W ActivityManager: 	at android.os.BinderProxy.transactNative(Native Method)
02-27 08:43:20.893   505  1212 W ActivityManager: 	at android.os.BinderProxy.transact(BinderProxy.java:571)
02-27 08:43:20.893   505  1212 W ActivityManager: 	at android.app.IApplicationThread$Stub$Proxy.scheduleStopService(IApplicationThread.java:1538)
02-27 08:43:20.893   505  1212 W ActivityManager: 	at com.android.server.am.ActiveServices.bringDownServiceLocked(ActiveServices.java:4303)
02-27 08:43:20.893   505  1212 W ActivityManager: 	at com.android.server.am.ActiveServices.bringDownServiceIfNeededLocked(ActiveServices.java:4138)
02-27 08:43:20.893   505  1212 W ActivityManager: 	at com.android.server.am.ActiveServices.removeConnectionLocked(ActiveServices.java:4477)
02-27 08:43:20.893   505  1212 W ActivityManager: 	at com.android.server.am.ActiveServices.killServicesLocked(ActiveServices.java:4890)
02-27 08:43:20.893   505  1212 W ActivityManager: 	at com.android.server.am.ActivityManagerService.cleanUpApplicationRecordLocked(ActivityManagerService.java:11706)
02-27 08:43:20.893   505  1212 W ActivityManager: 	at com.android.server.am.ActivityManagerService.handleAppDiedLocked(ActivityManagerService.java:3015)
02-27 08:43:20.893   505  1212 W ActivityManager: 	at com.android.server.am.ActivityManagerService.appDiedLocked(ActivityManagerService.java:3122)
02-27 08:43:20.893   505  1212 W ActivityManager: 	at com.android.server.am.ActivityManagerService$AppDeathRecipient.binderDied(ActivityManagerService.java:1437)
02-27 08:43:20.893   505  1212 W ActivityManager: 	at android.os.IBinder$DeathRecipient.binderDied(IBinder.java:314)
02-27 08:43:20.893   505  1212 W ActivityManager: 	at android.os.BinderProxy.sendDeathNotice(BinderProxy.java:685)
02-27 08:43:20.893   505  1212 W ActivityManager: Exception when unbinding service com.google.android.gms/.chimera.PersistentApiService
02-27 08:43:20.893   505  1212 W ActivityManager: android.os.DeadObjectException
02-27 08:43:20.893   505  1212 W ActivityManager: 	at android.os.BinderProxy.transactNative(Native Method)
02-27 08:43:20.893   505  1212 W ActivityManager: 	at android.os.BinderProxy.transact(BinderProxy.java:571)
02-27 08:43:20.893   505  1212 W ActivityManager: 	at android.app.IApplicationThread$Stub$Proxy.scheduleUnbindService(IApplicationThread.java:1790)
02-27 08:43:20.893   505  1212 W ActivityManager: 	at com.android.server.am.ActiveServices.removeConnectionLocked(ActiveServices.java:4453)
02-27 08:43:20.893   505  1212 W ActivityManager: 	at com.android.server.am.ActiveServices.killServicesLocked(ActiveServices.java:4890)
02-27 08:43:20.893   505  1212 W ActivityManager: 	at com.android.server.am.ActivityManagerService.cleanUpApplicationRecordLocked(ActivityManagerService.java:11706)
02-27 08:43:20.893   505  1212 W ActivityManager: 	at com.android.server.am.ActivityManagerService.handleAppDiedLocked(ActivityManagerService.java:3015)
02-27 08:43:20.893   505  1212 W ActivityManager: 	at com.android.server.am.ActivityManagerService.appDiedLocked(ActivityManagerService.java:3122)
02-27 08:43:20.893   505  1212 W ActivityManager: 	at com.android.server.am.ActivityManagerService$AppDeathRecipient.binderDied(ActivityManagerService.java:1437)
02-27 08:43:20.893   505  1212 W ActivityManager: 	at android.os.IBinder$DeathRecipient.binderDied(IBinder.java:314)
02-27 08:43:20.893   505  1212 W ActivityManager: 	at android.os.BinderProxy.sendDeathNotice(BinderProxy.java:685)
02-27 08:43:20.894   505  1212 W ActivityManager: Exception when unbinding service com.google.android.gms/.chimera.PersistentDirectBootAwareApiService
02-27 08:43:20.894   505  1212 W ActivityManager: android.os.DeadObjectException
02-27 08:43:20.894   505  1212 W ActivityManager: 	at android.os.BinderProxy.transactNative(Native Method)
02-27 08:43:20.894   505  1212 W ActivityManager: 	at android.os.BinderProxy.transact(BinderProxy.java:571)
02-27 08:43:20.894   505  1212 W ActivityManager: 	at android.app.IApplicationThread$Stub$Proxy.scheduleUnbindService(IApplicationThread.java:1790)
02-27 08:43:20.894   505  1212 W ActivityManager: 	at com.android.server.am.ActiveServices.removeConnectionLocked(ActiveServices.java:4453)
02-27 08:43:20.894   505  1212 W ActivityManager: 	at com.android.server.am.ActiveServices.killServicesLocked(ActiveServices.java:4890)
02-27 08:43:20.894   505  1212 W ActivityManager: 	at com.android.server.am.ActivityManagerService.cleanUpApplicationRecordLocked(ActivityManagerService.java:11706)
02-27 08:43:20.894   505  1212 W ActivityManager: 	at com.android.server.am.ActivityManagerService.handleAppDiedLocked(ActivityManagerService.java:3015)
02-27 08:43:20.894   505  1212 W ActivityManager: 	at com.android.server.am.ActivityManagerService.appDiedLocked(ActivityManagerService.java:3122)
02-27 08:43:20.894   505  1212 W ActivityManager: 	at com.android.server.am.ActivityManagerService$AppDeathRecipient.binderDied(ActivityManagerService.java:1437)
02-27 08:43:20.894   505  1212 W ActivityManager: 	at android.os.IBinder$DeathRecipient.binderDied(IBinder.java:314)
02-27 08:43:20.894   505  1212 W ActivityManager: 	at android.os.BinderProxy.sendDeathNotice(BinderProxy.java:685)
02-27 08:43:20.897   182   182 W lowmemorykiller: Failed to open /proc/26625/oom_score_adj; errno=2: process 26625 might have been killed
02-27 08:43:20.913   505   505 W Looper  : Slow dispatch took 490ms main h=android.app.ActivityThread$H c=android.app.LoadedApk$ServiceDispatcher$RunConnection@964e81f m=0
02-27 08:43:20.914   505   505 W Looper  : Slow delivery took 516ms main h=android.app.ActivityThread$H c=<recycled PooledLambda@5aa776c> m=0
02-27 08:43:20.914   505   505 V NotificationListeners: 0 notification listener connection lost: ComponentInfo{com.google.android.tvrecommendations/com.google.android.tvrecommendations.NotificationsService}
02-27 08:43:20.915   505  1212 D CompatibilityChangeReporter: Compat change id reported: 181136395; UID 10082; state: DISABLED
02-27 08:43:20.916   505  1212 D CompatibilityChangeReporter: Compat change id reported: 174042936; UID 10082; state: DISABLED
02-27 08:43:20.918   182   182 W lowmemorykiller: Failed to open /proc/29621/oom_score_adj; errno=2: process 29621 might have been killed
02-27 08:43:20.922   505  2796 I ActivityManager: Process com.android.providers.tv (pid 29621) has died: cch+15 CEM 
02-27 08:43:20.922   505   556 I libprocessgroup: Successfully killed process cgroup uid 10033 pid 29621 in 0ms
02-27 08:43:20.925   505   556 I libprocessgroup: Successfully killed process cgroup uid 10052 pid 26625 in 0ms
02-27 08:43:20.925   505  2476 I ActivityManager: Process com.google.android.tvrecommendations (pid 26625) has died: prcl BFGS
02-27 08:43:20.928   505  2476 W ActivityManager: Scheduling restart of crashed service com.google.android.tvrecommendations/.NotificationsService in 1000ms for connection
02-27 08:43:20.931   505   542 E PermissionControllerManager: Error updating user_sensitive flags for uid 10082
02-27 08:43:20.931   505   542 E PermissionControllerManager: android.os.DeadObjectException
02-27 08:43:20.931   505   542 E PermissionControllerManager: 	at android.os.BinderProxy.transactNative(Native Method)
02-27 08:43:20.931   505   542 E PermissionControllerManager: 	at android.os.BinderProxy.transact(BinderProxy.java:571)
02-27 08:43:20.931   505   542 E PermissionControllerManager: 	at android.permission.IPermissionController$Stub$Proxy.updateUserSensitiveForApp(IPermissionController.java:763)
02-27 08:43:20.931   505   542 E PermissionControllerManager: 	at android.permission.PermissionControllerManager.lambda$updateUserSensitiveForApp$27(PermissionControllerManager.java:701)
02-27 08:43:20.931   505   542 E PermissionControllerManager: 	at android.permission.PermissionControllerManager$$ExternalSyntheticLambda0.run(Unknown Source:4)
02-27 08:43:20.931   505   542 E PermissionControllerManager: 	at com.android.internal.infra.ServiceConnector$Impl$CompletionAwareJob.run(ServiceConnector.java:691)
02-27 08:43:20.931   505   542 E PermissionControllerManager: 	at com.android.internal.infra.ServiceConnector$Impl.processQueue(ServiceConnector.java:456)
02-27 08:43:20.931   505   542 E PermissionControllerManager: 	at com.android.internal.infra.ServiceConnector$Impl.onServiceConnected(ServiceConnector.java:564)
02-27 08:43:20.931   505   542 E PermissionControllerManager: 	at android.app.LoadedApk$ServiceDispatcher.doConnected(LoadedApk.java:2077)
02-27 08:43:20.931   505   542 E PermissionControllerManager: 	at android.app.LoadedApk$ServiceDispatcher$RunConnection.run(LoadedApk.java:2110)
02-27 08:43:20.931   505   542 E PermissionControllerManager: 	at android.os.Handler.handleCallback(Handler.java:938)
02-27 08:43:20.931   505   542 E PermissionControllerManager: 	at android.os.Handler.dispatchMessage(Handler.java:99)
02-27 08:43:20.931   505   542 E PermissionControllerManager: 	at android.os.Looper.loopOnce(Looper.java:201)
02-27 08:43:20.931   505   542 E PermissionControllerManager: 	at android.os.Looper.loop(Looper.java:288)
02-27 08:43:20.931   505   542 E PermissionControllerManager: 	at android.os.HandlerThread.run(HandlerThread.java:67)
02-27 08:43:20.931   505   542 E PermissionControllerManager: 	at com.android.server.ServiceThread.run(ServiceThread.java:44)
02-27 08:43:20.931   505   542 I ServiceWatcher: [fused] connected to {com.google.android.gms/com.google.android.location.fused.FusedLocationService}
02-27 08:43:20.937   505  2586 I ActivityManager: Process com.google.android.tv.remote.service (pid 29748) has died: vis FGS 
02-27 08:43:20.937   505   556 I libprocessgroup: Successfully killed process cgroup uid 10049 pid 29748 in 0ms
02-27 08:43:20.937   505  2586 W ActivityManager: Scheduling restart of crashed service com.google.android.tv.remote.service/.AtvRemoteProviderService in 10991ms for connection
02-27 08:43:20.938   505  2586 W ActivityManager: Scheduling restart of crashed service com.google.android.tv.remote.service/.RemoteService in 678960ms for start-requested
02-27 08:43:20.942   505   556 I libprocessgroup: Successfully killed process cgroup uid 10058 pid 29766 in 0ms
02-27 08:43:20.942   505  2243 I ActivityManager: Process com.android.vending:background (pid 29766) has died: fg  SVC 
02-27 08:43:20.949   505   505 W Looper  : Drained
02-27 08:43:20.950   505   556 I libprocessgroup: Successfully killed process cgroup uid 10066 pid 29715 in 0ms
02-27 08:43:20.952   505  1683 I ActivityManager: Process com.google.android.inputmethod.latin (pid 29715) has died: fg  IMPB
02-27 08:43:20.953   505  1683 W ActivityManager: Scheduling restart of crashed service com.google.android.inputmethod.latin/com.android.inputmethod.latin.LatinIME in 175152ms for connection
02-27 08:43:20.956   505   556 I libprocessgroup: Successfully killed process cgroup uid 10082 pid 29698 in 0ms
02-27 08:43:20.956   505  2908 I ActivityManager: Process com.streamflow.tv (pid 29698) has died: fg  TOP 
02-27 08:43:20.960   505   505 D CompatibilityChangeReporter: Compat change id reported: 175319604; UID 1000; state: ENABLED
02-27 08:43:20.965   505  2908 D CompatibilityChangeReporter: Compat change id reported: 168419799; UID 10082; state: DISABLED
02-27 08:43:20.973   505  3356 I ActivityManager: Process com.google.android.permissioncontroller (pid 29695) has died: fg  IMPF
02-27 08:43:20.973   505  3356 W ActivityManager: Scheduling restart of crashed service com.google.android.permissioncontroller/com.android.permissioncontroller.role.service.RoleControllerServiceImpl in 789392ms for connection
02-27 08:43:20.974   505  3356 W ActivityManager: Scheduling restart of crashed service com.google.android.permissioncontroller/com.android.permissioncontroller.permission.service.PermissionControllerServiceImpl in 20955ms for connection
02-27 08:43:20.974   505   556 I libprocessgroup: Successfully killed process cgroup uid 10077 pid 29695 in 0ms
02-27 08:43:20.977   505   542 E ServiceWatcher: [fused] error running operation on 10057/com.google.android.gms/com.google.android.location.fused.FusedLocationService@1
02-27 08:43:20.977   505   542 E ServiceWatcher: android.os.DeadObjectException
02-27 08:43:20.977   505   542 E ServiceWatcher: 	at android.os.BinderProxy.transactNative(Native Method)
02-27 08:43:20.977   505   542 E ServiceWatcher: 	at android.os.BinderProxy.transact(BinderProxy.java:571)
02-27 08:43:20.977   505   542 E ServiceWatcher: 	at android.location.provider.ILocationProvider$Stub$Proxy.setLocationProviderManager(ILocationProvider.java:173)
02-27 08:43:20.977   505   542 E ServiceWatcher: 	at com.android.server.location.provider.proxy.ProxyLocationProvider.onBind(ProxyLocationProvider.java:126)
02-27 08:43:20.977   505   542 E ServiceWatcher: 	at com.android.server.location.provider.proxy.ProxyLocationProvider.onBind(ProxyLocationProvider.java:56)
02-27 08:43:20.977   505   542 E ServiceWatcher: 	at com.android.server.servicewatcher.ServiceWatcherImpl$MyServiceConnection.onServiceConnected(ServiceWatcherImpl.java:267)
02-27 08:43:20.977   505   542 E ServiceWatcher: 	at android.app.LoadedApk$ServiceDispatcher.doConnected(LoadedApk.java:2077)
02-27 08:43:20.977   505   542 E ServiceWatcher: 	at android.app.LoadedApk$ServiceDispatcher$RunConnection.run(LoadedApk.java:2110)
02-27 08:43:20.977   505   542 E ServiceWatcher: 	at android.os.Handler.handleCallback(Handler.java:938)
02-27 08:43:20.977   505   542 E ServiceWatcher: 	at android.os.Handler.dispatchMessage(Handler.java:99)
02-27 08:43:20.977   505   542 E ServiceWatcher: 	at android.os.Looper.loopOnce(Looper.java:201)
02-27 08:43:20.977   505   542 E ServiceWatcher: 	at android.os.Looper.loop(Looper.java:288)
02-27 08:43:20.977   505   542 E ServiceWatcher: 	at android.os.HandlerThread.run(HandlerThread.java:67)
02-27 08:43:20.977   505   542 E ServiceWatcher: 	at com.android.server.ServiceThread.run(ServiceThread.java:44)
02-27 08:43:20.980   505   542 I ServiceWatcher: [fused] disconnected from 10057/com.google.android.gms/com.google.android.location.fused.FusedLocationService@1
02-27 08:43:20.982   505   830 I ActivityManager: Process com.google.process.gservices (pid 28999) has died: fg  BFGS
02-27 08:43:20.983   505   556 I libprocessgroup: Successfully killed process cgroup uid 10057 pid 28999 in 0ms
02-27 08:43:20.987   505   545 W ActivityManager: setHasOverlayUi called on unknown pid: 29547
02-27 08:43:20.989   505   545 D CompatibilityChangeReporter: Compat change id reported: 135634846; UID 10048; state: DISABLED
02-27 08:43:20.989   505   545 D CompatibilityChangeReporter: Compat change id reported: 177438394; UID 10048; state: DISABLED
02-27 08:43:20.989   505   545 D CompatibilityChangeReporter: Compat change id reported: 135772972; UID 10048; state: DISABLED
02-27 08:43:20.989   505   545 D CompatibilityChangeReporter: Compat change id reported: 135754954; UID 10048; state: ENABLED
02-27 08:43:20.992   505  2673 I ActivityManager: Process com.google.android.gms.persistent (pid 29389) has died: fg  BFGS
02-27 08:43:20.992   505   556 I libprocessgroup: Successfully killed process cgroup uid 10057 pid 29389 in 0ms
