02-27 08:42:44.254 29125 29125 D BoundBrokerSvc: Loading bound service for intent: Intent { act=com.google.android.gms.phenotype.service.START dat=chimera-action:com.google.android.gms.phenotype.service.START cmp=com.google.android.gms/.chimera.PersistentApiService }
02-27 08:42:44.257 29125 29125 D BoundBrokerSvc: onUnbind: Intent { act=com.google.android.gms.phenotype.service.START pkg=com.google.android.gms }
02-27 08:42:44.257 29125 29125 D BoundBrokerSvc: onUnbind: Intent { act=com.google.android.gms.clearcut.service.START dat=chimera-action:com.google.android.gms.clearcut.service.START cmp=com.google.android.gms/.chimera.PersistentDirectBootAwareApiService }
02-27 08:42:44.257 29125 29125 D BoundBrokerSvc: onUnbind: Intent { act=com.google.android.gms.usagereporting.service.START dat=chimera-action:com.google.android.gms.usagereporting.service.START cmp=com.google.android.gms/.chimera.PersistentDirectBootAwareApiService }
02-27 08:42:44.258 29125 29125 D BoundBrokerSvc: onUnbind: Intent { act=com.google.android.gms.scheduler.ACTION_PROXY_SCHEDULE dat=chimera-action:com.google.android.gms.scheduler.ACTION_PROXY_SCHEDULE cmp=com.google.android.gms/.chimera.PersistentApiService }
02-27 08:42:44.258 29125 29125 D BoundBrokerSvc: onBind: Intent { act=com.google.android.gms.usagereporting.service.START pkg=com.google.android.gms }
02-27 08:42:44.258 29125 29125 D BoundBrokerSvc: Loading bound service for intent: Intent { act=com.google.android.gms.usagereporting.service.START pkg=com.google.android.gms }
02-27 08:42:44.267 29125 29190 I FontLog : (REDACTED) Using directory in FlatBuffer format
02-27 08:42:44.311 29125 29140 I FontLog : (REDACTED) Fetch %s end status %s
02-27 08:42:44.325 29125 29140 I FontLog : (REDACTED) Pulling font file for id = %d, cache size = %d
02-27 08:42:44.629 28345 28421 D EGL_emulation: app_time_stats: avg=15.21ms min=5.88ms max=39.57ms count=51
02-27 08:42:44.736 29125 29197 I FontLog : (REDACTED) Pulling font file for id = %d, cache size = %d
02-27 08:42:44.761 29157 29240 I chromium: [29157:29240:INFO:grpc_auth_manager_with_grpc_ipc.cc(63)] Connecting IPC for Auth.AuthReadyStreaming.
02-27 08:42:44.785   505   554 W BroadcastQueue: Background execution not allowed: receiving Intent { act=android.intent.action.DROPBOX_ENTRY_ADDED flg=0x10 (has extras) } to com.google.android.gms/.stats.service.DropBoxEntryAddedReceiver
02-27 08:42:44.785   505   554 W BroadcastQueue: Background execution not allowed: receiving Intent { act=android.intent.action.DROPBOX_ENTRY_ADDED flg=0x10 (has extras) } to com.google.android.gms/.chimera.GmsIntentOperationService$PersistentTrustedReceiver
02-27 08:42:44.805 29157 29240 D BindingManager: with
02-27 08:42:44.817 29157 29240 I chromium: [29157:29240:INFO:distributed_service_discovery_with_grpc_ipc.cc(152)] Connecting IPC for DistributedServiceDiscovery.AddService.
02-27 08:42:44.838 29157 29240 I chromium: [29157:29240:INFO:distributed_service_discovery_with_grpc_ipc.cc(66)] Connecting IPC for DistributedServiceDiscovery.UpdateObservers.
02-27 08:42:44.857 29157 29240 I chromium: [29157:29240:INFO:metrics_recorder_with_grpc_ipc.cc(156)] Connecting IPC for MetricsRecorder.RecordMetrics: num_attempts=2
02-27 08:42:44.857 29157 29240 I chromium: [29157:29240:INFO:synchronous_sound_player_with_grpc_ipc.cc(176)] Connecting IPC for SynchronousSoundPlayer.UpdateSound.
02-27 08:42:44.860 29157 29240 I chromium: [29157:29240:INFO:directory_service_with_grpc_ipc.cc(66)] Connecting IPC for DirectoryService.LocalDeviceInfo.
02-27 08:42:44.860 29157 29240 I chromium: [29157:29240:INFO:directory_service_with_grpc_ipc.cc(123)] Connecting IPC for DirectoryService.ObserveCommonTime.
02-27 08:42:44.860 29157 29240 I chromium: [29157:29240:INFO:directory_service_with_grpc_ipc.cc(279)] Connecting IPC for DirectoryService.UpdateStateObservers.
02-27 08:42:44.865 29157 29240 I chromium: [29157:29240:INFO:directory_service_with_grpc_ipc.cc(381)] Connecting IPC for DirectoryService.UpdateMessageObservers.
02-27 08:42:44.865 29157 29240 I chromium: [29157:29240:INFO:state_manager_with_grpc_ipc.cc(78)] Connecting IPC for StateManager.ReceiveStateUpdates.
02-27 08:42:44.933 29157 29157 D cr_GrpcIpcUidPolicy: [AndroidIpcUidPolicy.java:147] Valid access from com.google.android.apps.mediashell
02-27 08:42:44.933 29157 29157 E cr_GrpcIpcSocketService: Native code not initialized yet.
02-27 08:42:44.933 29157 29157 E GrpcIpcSocketClientImpl: invalid message
02-27 08:42:44.933 29157 29240 E chromium: [29157:29240:ERROR:grpc_ipc_socket_client.cc(76)] Error for usonia-ipc-socket
02-27 08:42:44.933 29157 29240 E chromium: [29157:29240:ERROR:android_grpc_builder.cc(86)] Could not get a socket for binder:com.google.android.apps.mediashell:usonia-ipc-socket
02-27 08:42:44.933 29157 29240 E chromium: [29157:29240:ERROR:grpc_manager_impl.cc(618)] GRPC[uri=]: Grpc cannot connect to host {UNDEFINED}
02-27 08:42:44.934 29157 29240 E chromium: [29157:29240:ERROR:grpc_manager_impl.cc(767)] GRPC[uri=]: status=[error_code=RESOURCE_EXHAUSTED, error_message=Cannot create a channel. Call to binder:com.google.android.apps.mediashell:usonia-ipc-socket ignored.]
02-27 08:42:44.934 29157 29240 W chromium: [29157:29240:WARNING:grpc_auth_manager_with_grpc_ipc.cc(59)] IPC for Auth.AuthReadyStreaming closed: status=[error_code=RESOURCE_EXHAUSTED, error_message=Cannot create a channel. Call to binder:com.google.android.apps.mediashell:usonia-ipc-socket ignored.]
02-27 08:42:44.934 29157 29240 E chromium: [29157:29240:ERROR:grpc_manager_impl.cc(767)] GRPC[uri=]: status=[error_code=RESOURCE_EXHAUSTED, error_message=Cannot create a channel. Call to binder:com.google.android.apps.mediashell:usonia-ipc-socket ignored.]
02-27 08:42:44.934 29157 29240 W chromium: [29157:29240:WARNING:distributed_service_discovery_with_grpc_ipc.cc(147)] IPC for DistributedServiceDiscovery.AddService closed: status=[error_code=RESOURCE_EXHAUSTED, error_message=Cannot create a channel. Call to binder:com.google.android.apps.mediashell:usonia-ipc-socket ignored.]
02-27 08:42:44.934 29157 29240 E chromium: [29157:29240:ERROR:grpc_manager_impl.cc(767)] GRPC[uri=]: status=[error_code=RESOURCE_EXHAUSTED, error_message=Cannot create a channel. Call to binder:com.google.android.apps.mediashell:usonia-ipc-socket ignored.]
02-27 08:42:44.934 29157 29240 W chromium: [29157:29240:WARNING:distributed_service_discovery_with_grpc_ipc.cc(60)] IPC for DistributedServiceDiscovery.UpdateObservers closed: status=[error_code=RESOURCE_EXHAUSTED, error_message=Cannot create a channel. Call to binder:com.google.android.apps.mediashell:usonia-ipc-socket ignored.]
02-27 08:42:44.934 29157 29240 E chromium: [29157:29240:ERROR:grpc_manager_impl.cc(767)] GRPC[uri=]: status=[error_code=RESOURCE_EXHAUSTED, error_message=Cannot create a channel. Call to binder:com.google.android.apps.mediashell:usonia-ipc-socket ignored.]
02-27 08:42:44.934 29157 29240 W chromium: [29157:29240:WARNING:metrics_recorder_with_grpc_ipc.cc(142)] IPC for MetricsRecorder.RecordMetrics closed: status=[error_code=RESOURCE_EXHAUSTED, error_message=Cannot create a channel. Call to binder:com.google.android.apps.mediashell:usonia-ipc-socket ignored.]
02-27 08:42:44.934 29157 29240 E chromium: [29157:29240:ERROR:grpc_manager_impl.cc(767)] GRPC[uri=]: status=[error_code=RESOURCE_EXHAUSTED, error_message=Cannot create a channel. Call to binder:com.google.android.apps.mediashell:usonia-ipc-socket ignored.]
02-27 08:42:44.934 29157 29240 W chromium: [29157:29240:WARNING:synchronous_sound_player_with_grpc_ipc.cc(171)] IPC for SynchronousSoundPlayer.UpdateSound closed: status=[error_code=RESOURCE_EXHAUSTED, error_message=Cannot create a channel. Call to binder:com.google.android.apps.mediashell:usonia-ipc-socket ignored.]
02-27 08:42:44.934 29157 29240 E chromium: [29157:29240:ERROR:grpc_manager_impl.cc(767)] GRPC[uri=]: status=[error_code=RESOURCE_EXHAUSTED, error_message=Cannot create a channel. Call to binder:com.google.android.apps.mediashell:usonia-ipc-socket ignored.]
02-27 08:42:44.934 29157 29240 E chromium: [29157:29240:ERROR:ipc_common.h(444)] Error in fetching local device info: [error_code=RESOURCE_EXHAUSTED, error_message=Cannot create a channel. Call to binder:com.google.android.apps.mediashell:usonia-ipc-socket ignored.]
02-27 08:42:44.934 29157 29240 E chromium: [29157:29240:ERROR:grpc_manager_impl.cc(767)] GRPC[uri=]: status=[error_code=RESOURCE_EXHAUSTED, error_message=Cannot create a channel. Call to binder:com.google.android.apps.mediashell:usonia-ipc-socket ignored.]
02-27 08:42:44.934 29157 29240 W chromium: [29157:29240:WARNING:directory_service_with_grpc_ipc.cc(118)] IPC for DirectoryService.ObserveCommonTime closed: status=[error_code=RESOURCE_EXHAUSTED, error_message=Cannot create a channel. Call to binder:com.google.android.apps.mediashell:usonia-ipc-socket ignored.]
02-27 08:42:44.934 29157 29240 E chromium: [29157:29240:ERROR:grpc_manager_impl.cc(767)] GRPC[uri=]: status=[error_code=RESOURCE_EXHAUSTED, error_message=Cannot create a channel. Call to binder:com.google.android.apps.mediashell:usonia-ipc-socket ignored.]
02-27 08:42:44.934 29157 29240 E chromium: [29157:29240:ERROR:directory_service_with_grpc_ipc.cc(274)] IPC for DirectoryService.UpdateStateObservers closed: status=[error_code=RESOURCE_EXHAUSTED, error_message=Cannot create a channel. Call to binder:com.google.android.apps.mediashell:usonia-ipc-socket ignored.]
02-27 08:42:44.934 29157 29240 E chromium: [29157:29240:ERROR:grpc_manager_impl.cc(767)] GRPC[uri=]: status=[error_code=RESOURCE_EXHAUSTED, error_message=Cannot create a channel. Call to binder:com.google.android.apps.mediashell:usonia-ipc-socket ignored.]
02-27 08:42:44.934 29157 29240 E chromium: [29157:29240:ERROR:directory_service_with_grpc_ipc.cc(376)] IPC for DirectoryService.UpdateMessageObservers closed: status=[error_code=RESOURCE_EXHAUSTED, error_message=Cannot create a channel. Call to binder:com.google.android.apps.mediashell:usonia-ipc-socket ignored.]
02-27 08:42:44.934 29157 29240 E chromium: [29157:29240:ERROR:grpc_manager_impl.cc(767)] GRPC[uri=]: status=[error_code=RESOURCE_EXHAUSTED, error_message=Cannot create a channel. Call to binder:com.google.android.apps.mediashell:usonia-ipc-socket ignored.]
02-27 08:42:44.934 29157 29240 W chromium: [29157:29240:WARNING:state_manager_with_grpc_ipc.cc(73)] IPC for StateManager.ReceiveStateUpdates closed: status=[error_code=RESOURCE_EXHAUSTED, error_message=Cannot create a channel. Call to binder:com.google.android.apps.mediashell:usonia-ipc-socket ignored.]
02-27 08:42:44.949   505  3356 W AppOps  : Noting op not finished: uid 10057 pkg com.google.android.gms code 113 startTime of in progress event=1772156564939
02-27 08:42:44.957 29125 29125 D CompatibilityChangeReporter: Compat change id reported: 148180766; UID 10057; state: ENABLED
02-27 08:42:44.957 29125 29232 D CompatibilityChangeReporter: Compat change id reported: 150935354; UID 10057; state: ENABLED
02-27 08:42:44.979 29125 29303 I NetworkScheduler: Using standalone scheduling engine [CONTEXT service_id=218 ]
02-27 08:42:45.048   505  1686 W AppOps  : Noting op not finished: uid 10057 pkg com.google.android.gms code 113 startTime of in progress event=1772156564939
02-27 08:42:45.049   505  1686 W AppOps  : Noting op not finished: uid 10057 pkg com.google.android.gms code 113 startTime of in progress event=1772156564939
02-27 08:42:45.050   505  1686 W AppOps  : Noting op not finished: uid 10057 pkg com.google.android.gms code 113 startTime of in progress event=1772156564939
02-27 08:42:45.053   505   514 I system_server: Background young concurrent copying GC freed 985984(24MB) AllocSpace objects, 0(0B) LOS objects, 49% free, 19MB/38MB, paused 5.397ms,33us total 110.104ms
02-27 08:42:45.057   505  1686 W AppOps  : Noting op not finished: uid 10057 pkg com.google.android.gms code 113 startTime of in progress event=1772156564939
02-27 08:42:45.058   505  1686 W AppOps  : Noting op not finished: uid 10057 pkg com.google.android.gms code 113 startTime of in progress event=1772156564939
02-27 08:42:45.064   505  1686 W AppOps  : Noting op not finished: uid 10057 pkg com.google.android.gms code 113 startTime of in progress event=1772156564939
02-27 08:42:45.082 29125 29232 W Settings: Setting airplane_mode_on has moved from android.provider.Settings.System to android.provider.Settings.Global, returning read-only value.
02-27 08:42:45.235 29125 29232 W SystemServiceRegistry: No service published for: wifirtt
02-27 08:42:45.348 29125 29319 I GCoreUlr: ULR code skipped on unsupported form factor.
02-27 08:42:45.533 29125 29125 D BoundBrokerSvc: onBind: Intent { act=com.google.android.gms.clearcut.bootcount.service.START dat=chimera-action:com.google.android.gms.clearcut.bootcount.service.START cmp=com.google.android.gms/.chimera.PersistentBoundBrokerService }
02-27 08:42:45.535 29125 29125 D BoundBrokerSvc: Loading bound service for intent: Intent { act=com.google.android.gms.clearcut.bootcount.service.START dat=chimera-action:com.google.android.gms.clearcut.bootcount.service.START cmp=com.google.android.gms/.chimera.PersistentBoundBrokerService }
02-27 08:42:45.577   505  3356 W ActivityManager: Unable to start service Intent { act=com.google.android.gms.nearby.discovery:ACTION_PERMISSION_CHANGE cmp=com.google.android.gms/.nearby.discovery.service.DiscoveryService } U=0: not found
02-27 08:42:45.644 29157 29281 I chromium: [29157:29281:INFO:mdns_app_filter.cc(1768)] MdnsAppFilter: Done announcing.
02-27 08:42:45.648 28345 28421 D EGL_emulation: app_time_stats: avg=14.09ms min=3.79ms max=38.31ms count=54
02-27 08:42:45.884   505   514 I system_server: Background young concurrent copying GC freed 973364(24MB) AllocSpace objects, 0(0B) LOS objects, 57% free, 16MB/38MB, paused 85us,83us total 106.552ms
02-27 08:42:45.971 29157 29240 I chromium: [29157:29240:INFO:grpc_auth_manager_with_grpc_ipc.cc(63)] Connecting IPC for Auth.AuthReadyStreaming.
02-27 08:42:45.971 29157 29240 D BindingManager: with
02-27 08:42:45.972 29157 29240 I chromium: [29157:29240:INFO:distributed_service_discovery_with_grpc_ipc.cc(152)] Connecting IPC for DistributedServiceDiscovery.AddService.
02-27 08:42:45.972 29157 29240 I chromium: [29157:29240:INFO:distributed_service_discovery_with_grpc_ipc.cc(66)] Connecting IPC for DistributedServiceDiscovery.UpdateObservers.
02-27 08:42:45.972 29157 29240 I chromium: [29157:29240:INFO:metrics_recorder_with_grpc_ipc.cc(156)] Connecting IPC for MetricsRecorder.RecordMetrics: num_attempts=3
02-27 08:42:45.972 29157 29240 I chromium: [29157:29240:INFO:synchronous_sound_player_with_grpc_ipc.cc(176)] Connecting IPC for SynchronousSoundPlayer.UpdateSound.
02-27 08:42:45.972 29157 29240 I chromium: [29157:29240:INFO:directory_service_with_grpc_ipc.cc(66)] Connecting IPC for DirectoryService.LocalDeviceInfo.
02-27 08:42:45.972 29157 29240 I chromium: [29157:29240:INFO:directory_service_with_grpc_ipc.cc(123)] Connecting IPC for DirectoryService.ObserveCommonTime.
02-27 08:42:45.972 29157 29240 I chromium: [29157:29240:INFO:directory_service_with_grpc_ipc.cc(279)] Connecting IPC for DirectoryService.UpdateStateObservers.
02-27 08:42:45.972 29157 29240 I chromium: [29157:29240:INFO:directory_service_with_grpc_ipc.cc(381)] Connecting IPC for DirectoryService.UpdateMessageObservers.
02-27 08:42:45.972 29157 29240 I chromium: [29157:29240:INFO:state_manager_with_grpc_ipc.cc(78)] Connecting IPC for StateManager.ReceiveStateUpdates.
02-27 08:42:45.973 29157 29157 D cr_GrpcIpcUidPolicy: [AndroidIpcUidPolicy.java:147] Valid access from com.google.android.apps.mediashell
02-27 08:42:45.973 29157 29157 E cr_GrpcIpcSocketService: Native code not initialized yet.
02-27 08:42:45.973 29157 29157 E GrpcIpcSocketClientImpl: invalid message
02-27 08:42:45.973 29157 29240 E chromium: [29157:29240:ERROR:grpc_ipc_socket_client.cc(76)] Error for usonia-ipc-socket
02-27 08:42:45.973 29157 29240 E chromium: [29157:29240:ERROR:android_grpc_builder.cc(86)] Could not get a socket for binder:com.google.android.apps.mediashell:usonia-ipc-socket
02-27 08:42:45.973 29157 29240 E chromium: [29157:29240:ERROR:grpc_manager_impl.cc(618)] GRPC[uri=]: Grpc cannot connect to host {UNDEFINED}
02-27 08:42:45.973 29157 29240 E chromium: [29157:29240:ERROR:grpc_manager_impl.cc(767)] GRPC[uri=]: status=[error_code=RESOURCE_EXHAUSTED, error_message=Cannot create a channel. Call to binder:com.google.android.apps.mediashell:usonia-ipc-socket ignored.]
02-27 08:42:45.973 29157 29240 W chromium: [29157:29240:WARNING:grpc_auth_manager_with_grpc_ipc.cc(59)] IPC for Auth.AuthReadyStreaming closed: status=[error_code=RESOURCE_EXHAUSTED, error_message=Cannot create a channel. Call to binder:com.google.android.apps.mediashell:usonia-ipc-socket ignored.]
02-27 08:42:45.973 29157 29240 E chromium: [29157:29240:ERROR:grpc_manager_impl.cc(767)] GRPC[uri=]: status=[error_code=RESOURCE_EXHAUSTED, error_message=Cannot create a channel. Call to binder:com.google.android.apps.mediashell:usonia-ipc-socket ignored.]
02-27 08:42:45.973 29157 29240 W chromium: [29157:29240:WARNING:distributed_service_discovery_with_grpc_ipc.cc(147)] IPC for DistributedServiceDiscovery.AddService closed: status=[error_code=RESOURCE_EXHAUSTED, error_message=Cannot create a channel. Call to binder:com.google.android.apps.mediashell:usonia-ipc-socket ignored.]
02-27 08:42:45.973 29157 29240 E chromium: [29157:29240:ERROR:grpc_manager_impl.cc(767)] GRPC[uri=]: status=[error_code=RESOURCE_EXHAUSTED, error_message=Cannot create a channel. Call to binder:com.google.android.apps.mediashell:usonia-ipc-socket ignored.]
02-27 08:42:45.973 29157 29240 W chromium: [29157:29240:WARNING:distributed_service_discovery_with_grpc_ipc.cc(60)] IPC for DistributedServiceDiscovery.UpdateObservers closed: status=[error_code=RESOURCE_EXHAUSTED, error_message=Cannot create a channel. Call to binder:com.google.android.apps.mediashell:usonia-ipc-socket ignored.]
02-27 08:42:45.973 29157 29240 E chromium: [29157:29240:ERROR:grpc_manager_impl.cc(767)] GRPC[uri=]: status=[error_code=RESOURCE_EXHAUSTED, error_message=Cannot create a channel. Call to binder:com.google.android.apps.mediashell:usonia-ipc-socket ignored.]
02-27 08:42:45.973 29157 29240 W chromium: [29157:29240:WARNING:metrics_recorder_with_grpc_ipc.cc(142)] IPC for MetricsRecorder.RecordMetrics closed: status=[error_code=RESOURCE_EXHAUSTED, error_message=Cannot create a channel. Call to binder:com.google.android.apps.mediashell:usonia-ipc-socket ignored.]
02-27 08:42:45.973 29157 29240 E chromium: [29157:29240:ERROR:grpc_manager_impl.cc(767)] GRPC[uri=]: status=[error_code=RESOURCE_EXHAUSTED, error_message=Cannot create a channel. Call to binder:com.google.android.apps.mediashell:usonia-ipc-socket ignored.]
02-27 08:42:45.973 29157 29240 W chromium: [29157:29240:WARNING:synchronous_sound_player_with_grpc_ipc.cc(171)] IPC for SynchronousSoundPlayer.UpdateSound closed: status=[error_code=RESOURCE_EXHAUSTED, error_message=Cannot create a channel. Call to binder:com.google.android.apps.mediashell:usonia-ipc-socket ignored.]
02-27 08:42:45.973 29157 29240 E chromium: [29157:29240:ERROR:grpc_manager_impl.cc(767)] GRPC[uri=]: status=[error_code=RESOURCE_EXHAUSTED, error_message=Cannot create a channel. Call to binder:com.google.android.apps.mediashell:usonia-ipc-socket ignored.]
02-27 08:42:45.973 29157 29240 E chromium: [29157:29240:ERROR:ipc_common.h(444)] Error in fetching local device info: [error_code=RESOURCE_EXHAUSTED, error_message=Cannot create a channel. Call to binder:com.google.android.apps.mediashell:usonia-ipc-socket ignored.]
02-27 08:42:45.973 29157 29240 E chromium: [29157:29240:ERROR:grpc_manager_impl.cc(767)] GRPC[uri=]: status=[error_code=RESOURCE_EXHAUSTED, error_message=Cannot create a channel. Call to binder:com.google.android.apps.mediashell:usonia-ipc-socket ignored.]
02-27 08:42:45.973 29157 29240 W chromium: [29157:29240:WARNING:directory_service_with_grpc_ipc.cc(118)] IPC for DirectoryService.ObserveCommonTime closed: status=[error_code=RESOURCE_EXHAUSTED, error_message=Cannot create a channel. Call to binder:com.google.android.apps.mediashell:usonia-ipc-socket ignored.]
02-27 08:42:45.973 29157 29240 E chromium: [29157:29240:ERROR:grpc_manager_impl.cc(767)] GRPC[uri=]: status=[error_code=RESOURCE_EXHAUSTED, error_message=Cannot create a channel. Call to binder:com.google.android.apps.mediashell:usonia-ipc-socket ignored.]
02-27 08:42:45.973 29157 29240 E chromium: [29157:29240:ERROR:directory_service_with_grpc_ipc.cc(274)] IPC for DirectoryService.UpdateStateObservers closed: status=[error_code=RESOURCE_EXHAUSTED, error_message=Cannot create a channel. Call to binder:com.google.android.apps.mediashell:usonia-ipc-socket ignored.]
02-27 08:42:45.973 29157 29240 E chromium: [29157:29240:ERROR:grpc_manager_impl.cc(767)] GRPC[uri=]: status=[error_code=RESOURCE_EXHAUSTED, error_message=Cannot create a channel. Call to binder:com.google.android.apps.mediashell:usonia-ipc-socket ignored.]
02-27 08:42:45.973 29157 29240 E chromium: [29157:29240:ERROR:directory_service_with_grpc_ipc.cc(376)] IPC for DirectoryService.UpdateMessageObservers closed: status=[error_code=RESOURCE_EXHAUSTED, error_message=Cannot create a channel. Call to binder:com.google.android.apps.mediashell:usonia-ipc-socket ignored.]
02-27 08:42:45.973 29157 29240 E chromium: [29157:29240:ERROR:grpc_manager_impl.cc(767)] GRPC[uri=]: status=[error_code=RESOURCE_EXHAUSTED, error_message=Cannot create a channel. Call to binder:com.google.android.apps.mediashell:usonia-ipc-socket ignored.]
02-27 08:42:45.973 29157 29240 W chromium: [29157:29240:WARNING:state_manager_with_grpc_ipc.cc(73)] IPC for StateManager.ReceiveStateUpdates closed: status=[error_code=RESOURCE_EXHAUSTED, error_message=Cannot create a channel. Call to binder:com.google.android.apps.mediashell:usonia-ipc-socket ignored.]
02-27 08:42:46.320  6639  6639 I abb     : StartCommandInProcess(73657474696e67730067657400676c6f settings.get.glo [truncated])
02-27 08:42:46.500   505   505 W Binder:505_2: type=1400 audit(0.0:2137): avc: denied { getopt } for scontext=u:r:system_server:s0 tcontext=u:r:shell:s0 tclass=unix_stream_socket permissive=0
02-27 08:42:46.500   505   505 W Binder:505_2: type=1400 audit(0.0:2138): avc: denied { getopt } for scontext=u:r:system_server:s0 tcontext=u:r:shell:s0 tclass=unix_stream_socket permissive=0
02-27 08:42:46.500   505   505 W Binder:505_2: type=1400 audit(0.0:2139): avc: denied { getopt } for scontext=u:r:system_server:s0 tcontext=u:r:shell:s0 tclass=unix_stream_socket permissive=0
02-27 08:42:46.522  6639  6639 I abb     : StartCommandInProcess(7061636b61676500696e7374616c6c00 package.install. [truncated])
02-27 08:42:46.564   505   514 W system_server: Suspending all threads took: 9.923ms
02-27 08:42:46.658 28345 28421 D EGL_emulation: app_time_stats: avg=28.18ms min=5.55ms max=352.04ms count=32
02-27 08:42:47.121 29157 29240 I chromium: [29157:29240:INFO:grpc_auth_manager_with_grpc_ipc.cc(63)] Connecting IPC for Auth.AuthReadyStreaming.
02-27 08:42:47.194 29157 29240 D BindingManager: with
02-27 08:42:47.245 29157 29240 I chromium: [29157:29240:INFO:distributed_service_discovery_with_grpc_ipc.cc(152)] Connecting IPC for DistributedServiceDiscovery.AddService.
02-27 08:42:47.251 29157 29240 I chromium: [29157:29240:INFO:distributed_service_discovery_with_grpc_ipc.cc(66)] Connecting IPC for DistributedServiceDiscovery.UpdateObservers.
02-27 08:42:47.272 29157 29240 I chromium: [29157:29240:INFO:metrics_recorder_with_grpc_ipc.cc(156)] Connecting IPC for MetricsRecorder.RecordMetrics: num_attempts=4
02-27 08:42:47.272 29157 29240 I chromium: [29157:29240:INFO:synchronous_sound_player_with_grpc_ipc.cc(176)] Connecting IPC for SynchronousSoundPlayer.UpdateSound.
02-27 08:42:47.272 29157 29240 I chromium: [29157:29240:INFO:directory_service_with_grpc_ipc.cc(66)] Connecting IPC for DirectoryService.LocalDeviceInfo.
02-27 08:42:47.272 29157 29240 I chromium: [29157:29240:INFO:directory_service_with_grpc_ipc.cc(123)] Connecting IPC for DirectoryService.ObserveCommonTime.
02-27 08:42:47.272 29157 29240 I chromium: [29157:29240:INFO:directory_service_with_grpc_ipc.cc(279)] Connecting IPC for DirectoryService.UpdateStateObservers.
02-27 08:42:47.272 29157 29240 I chromium: [29157:29240:INFO:directory_service_with_grpc_ipc.cc(381)] Connecting IPC for DirectoryService.UpdateMessageObservers.
02-27 08:42:47.273 29157 29240 I chromium: [29157:29240:INFO:state_manager_with_grpc_ipc.cc(78)] Connecting IPC for StateManager.ReceiveStateUpdates.
02-27 08:42:47.315   505   505 W Looper  : Slow dispatch took 359ms main h=android.os.Handler c=com.android.internal.os.BinderCallsStats$1@50e9aa6 m=0
02-27 08:42:47.462   505   514 I system_server: Background young concurrent copying GC freed 1017870(25MB) AllocSpace objects, 0(0B) LOS objects, 0% free, 44MB/44MB, paused 1.801ms,15.174ms total 1.045s
02-27 08:42:47.485 29157 29207 I chromium: [29157:29207:INFO:connectivity_checker_impl.cc(158)] Change check url=http://connectivitycheck.gstatic.com/generate_204
02-27 08:42:47.485 29157 29207 I chromium: [29157:29207:INFO:connectivity_checker_impl.cc(162)] Global connection is: Up
02-27 08:42:47.511 29157 29157 D cr_GrpcIpcUidPolicy: [AndroidIpcUidPolicy.java:147] Valid access from com.google.android.apps.mediashell
02-27 08:42:47.512 29157 29157 E cr_GrpcIpcSocketService: Native code not initialized yet.
02-27 08:42:47.520 29157 29266 I chromium: [29157:29266:INFO:setup_state.cc(263)] Setup state changed: SETUP_STATE_CHECKING_GLOBAL_CONNECTIVITY (50) -> SETUP_STATE_CONNECTED (60)
02-27 08:42:47.522 29157 29267 I chromium: [29157:29267:INFO:structure_info_from_trusted_devices_update_trigger_impl.cc(209)] Triggering Usonia trusted devices first ever fetch.
02-27 08:42:47.522 29157 29267 I chromium: [29157:29267:INFO:structure_info_from_trusted_devices.cc(635)] Skip writing fetch in progress since value didn't change: 1
02-27 08:42:47.522 29157 29267 I chromium: [29157:29267:INFO:structure_info_from_trusted_devices.cc(502)] Getting trusted devices from cloud, num_in_flight_requests = 1
02-27 08:42:47.526 29157 29157 I chromium: [29157:29157:INFO:lycra_gcm_impl.cc(116)] Registering GCM handler.
02-27 08:42:47.527 29157 29266 W libc    : Access denied finding property "ro.odm.cast.ssid_suffix"
02-27 08:42:47.532 29157 29266 I chromium: [29157:29266:INFO:setup_manager_impl.cc(1128)] Setup discoverability is disabled
02-27 08:42:47.538 29157 29206 I chromium: [29157:29206:INFO:hotspot_manager.cc(219)] Stop: id=1
02-27 08:42:47.562   182   182 I lowmemorykiller: Kill 'com.google.android.gms.unstable' (29088), uid 10057, oom_score_adj 905 to free 47496kB rss, 0kB swap; reason: min watermark is breached and thrashing (117%)
02-27 08:42:47.586   505  1686 I ActivityManager: Process com.google.android.gms.unstable (pid 29088) has died: cch+5 CEM 
02-27 08:42:47.592   505   556 I libprocessgroup: Successfully killed process cgroup uid 10057 pid 29088 in 0ms
02-27 08:42:47.594   322   322 I Zygote  : Process 29088 exited due to signal 9 (Killed)
02-27 08:42:47.610   182   182 I lowmemorykiller: Kill 'com.google.android.apps.mediashell' (29157), uid 10054, oom_score_adj 500 to free 89632kB rss, 0kB swap; reason: min watermark is breached even after kill
02-27 08:42:47.641   322   322 I Zygote  : Process 29157 exited due to signal 9 (Killed)
02-27 08:42:47.657   505   890 D ConnectivityService: ConnectivityService NetworkRequestInfo binderDied(uid/pid:10054/29157, android.os.BinderProxy@a516e44)
02-27 08:42:47.657   505  2673 D ConnectivityService: ConnectivityService NetworkRequestInfo binderDied(uid/pid:10054/29157, android.os.BinderProxy@dcdb2d)
02-27 08:42:47.661   505  1698 E WifiMulticastLockManager: Multicaster binderDied
02-27 08:42:47.669   505   709 D ConnectivityService: releasing NetworkRequest [ REQUEST id=381, [ Capabilities: INTERNET&NOT_RESTRICTED&TRUSTED&NOT_VCN_MANAGED Uid: 10054 RequestorUid: 10054 RequestorPkg: com.google.android.apps.mediashell] ] (release request)
02-27 08:42:47.685   505  2113 I ActivityManager: Process com.google.android.apps.mediashell (pid 29157) has died: svcb SVC 
02-27 08:42:47.686   505   556 I libprocessgroup: Successfully killed process cgroup uid 10054 pid 29157 in 0ms
02-27 08:42:47.691   505  2113 W ActivityManager: Scheduling restart of crashed service com.google.android.apps.mediashell/.MediaShellCastReceiverService in 161460ms for start-requested
02-27 08:42:47.725 28345 28421 D EGL_emulation: app_time_stats: avg=18.00ms min=5.63ms max=71.24ms count=48
02-27 08:42:47.762 29125 29125 D BoundBrokerSvc: onUnbind: Intent { act=com.google.android.gms.usagereporting.service.START pkg=com.google.android.gms }
02-27 08:42:48.512   505   505 W Binder:505_2: type=1400 audit(0.0:2140): avc: denied { getopt } for scontext=u:r:system_server:s0 tcontext=u:r:shell:s0 tclass=unix_stream_socket permissive=0
02-27 08:42:48.613   505   514 I system_server: Background concurrent copying GC freed 1870817(47MB) AllocSpace objects, 4(112KB) LOS objects, 37% free, 39MB/63MB, paused 14.773ms,40us total 1.127s
02-27 08:42:48.730 28345 28421 D EGL_emulation: app_time_stats: avg=14.42ms min=4.18ms max=54.51ms count=50
02-27 08:42:48.926   505   554 I ActivityManager: com.android.vending is exempt from freezer
02-27 08:42:48.932   505   554 D CompatibilityChangeReporter: Compat change id reported: 135634846; UID 10058; state: DISABLED
02-27 08:42:48.932   505   554 D CompatibilityChangeReporter: Compat change id reported: 177438394; UID 10058; state: DISABLED
02-27 08:42:48.932   505   554 D CompatibilityChangeReporter: Compat change id reported: 135772972; UID 10058; state: DISABLED
02-27 08:42:48.932   505   554 D CompatibilityChangeReporter: Compat change id reported: 135754954; UID 10058; state: ENABLED
02-27 08:42:48.932   505   555 D CompatibilityChangeReporter: Compat change id reported: 143937733; UID 10058; state: ENABLED
02-27 08:42:48.951   322   322 D Zygote  : Forked child process 29349
02-27 08:42:48.953   505   555 I ActivityManager: Start proc 29349:com.android.vending/u0a58 for broadcast {com.android.vending/com.google.android.finsky.verifier.impl.PackageVerificationReceiver}
02-27 08:42:49.045   505   626 W RuleEvaluation: Integrity rule files are not available.
02-27 08:42:49.062   505   575 I PackageManager: Integrity check passed for file:///data/app/vmdl1218702828.tmp
02-27 08:42:49.084 29349 29349 E android.vendin: Not starting debugger since process cannot load the jdwp agent.
02-27 08:42:49.144   505  1686 D CompatibilityChangeReporter: Compat change id reported: 168419799; UID 10058; state: DISABLED
02-27 08:42:49.190 29349 29349 D CompatibilityChangeReporter: Compat change id reported: 171979766; UID 10058; state: ENABLED
02-27 08:42:49.375 29349 29349 D nativeloader: classloader namespace configured for unbundled product apk. library_path=/product/priv-app/Tubesky/lib/arm64:/product/priv-app/Tubesky/Tubesky.apk!/lib/arm64-v8a:/product/lib64:/system/product/lib64
02-27 08:42:49.631 29349 29349 V GraphicsEnvironment: ANGLE Developer option for 'com.android.vending' set to: 'default'
02-27 08:42:49.631 29349 29349 V GraphicsEnvironment: Neither updatable production driver nor prerelease driver is supported.
02-27 08:42:49.634 29349 29349 D NetworkSecurityConfig: No Network Security Config specified, using platform default
02-27 08:42:49.641 29349 29349 D NetworkSecurityConfig: No Network Security Config specified, using platform default
02-27 08:42:49.730 28345 28421 D EGL_emulation: app_time_stats: avg=9.33ms min=4.57ms max=25.13ms count=59
02-27 08:42:50.074 29349 29349 I Finsky  : [2] eqq.gk(6): Process created at version: 29.7.18-21 [8] [PR] 435106348
02-27 08:42:50.303   505   514 W system_server: Suspending all threads took: 7.430ms
02-27 08:42:50.545   505   543 W Looper  : Slow dispatch took 267ms android.ui h=com.android.server.am.ActivityManagerService$UiHandler c=null m=68
02-27 08:42:50.545   505   543 W Looper  : Slow delivery took 255ms android.ui h=com.android.server.am.ActivityManagerService$UiHandler c=null m=31
02-27 08:42:50.563   505   543 W Looper  : Drained
02-27 08:42:50.574   505   514 I system_server: Background young concurrent copying GC freed 1023686(25MB) AllocSpace objects, 0(0B) LOS objects, 34% free, 25MB/38MB, paused 10.778ms,7.812ms total 441.733ms
02-27 08:42:50.732 28345 28421 D EGL_emulation: app_time_stats: avg=9.04ms min=4.75ms max=20.15ms count=60
02-27 08:42:50.744 29349 29370 I Finsky  : [49] lzw.l(18): Finished reading experiment flags from file [0tGUNCGIkbk4o6-fQ335kUYSKwVj4lusnHT-A5Dsy08].
02-27 08:42:50.793 29349 29370 I Finsky  : [49] lzw.l(18): Finished reading experiment flags from file [Se-xCc4LzNyh3UrKMIU2sUf-PUKz4oQEbpKZDMuaFno].
02-27 08:42:51.032   505   514 W system_server: Suspending all threads took: 9.715ms
02-27 08:42:51.384 29349 29357 W android.vendin: Suspending all threads took: 5.539ms
02-27 08:42:51.489   505   514 I system_server: Background young concurrent copying GC freed 988225(24MB) AllocSpace objects, 0(0B) LOS objects, 39% free, 23MB/38MB, paused 317us,34.075ms total 672.443ms
02-27 08:42:51.666 29349 29349 I Finsky  : [2] pyq.a(1): Warm data store was already initialized.
02-27 08:42:51.724 29349 29349 I Finsky  : [2] mre.<init>(3): Resetting scheduler db
02-27 08:42:51.748 28345 28421 D EGL_emulation: app_time_stats: avg=13.74ms min=4.31ms max=56.73ms count=49
02-27 08:42:51.812   182   182 I lowmemorykiller: Kill 'com.google.process.gapps' (29242), uid 10057, oom_score_adj 700 to free 47988kB rss, 0kB swap; reason: min watermark is breached and thrashing (109%)
02-27 08:42:51.820 29349 29367 W Finsky  : [46] ehz.d(18): For unauth, use getDfeApiNonAuthenticated() instead!
02-27 08:42:51.838   182   182 I lowmemorykiller: Kill 'com.google.android.gms' (28983), uid 10057, oom_score_adj 500 to free 52468kB rss, 0kB swap; reason: min watermark is breached even after kill
02-27 08:42:51.840   322   322 I Zygote  : Process 29242 exited due to signal 9 (Killed)
02-27 08:42:51.866 29349 29368 I Finsky  : [47] kvx.<init>(3): PackageMonitorReceiverImpl - Registering in memory receiver for android.intent.action.PACKAGE_ADDED and android.intent.action.PACKAGE_REMOVED
02-27 08:42:51.870   322   322 I Zygote  : Process 28983 exited due to signal 9 (Killed)
02-27 08:42:51.888   182   182 I lowmemorykiller: Kill 'com.google.android.gms.persistent' (29125), uid 10057, oom_score_adj 100 to free 78336kB rss, 0kB swap; reason: min watermark is breached even after kill
02-27 08:42:51.933   322   322 I Zygote  : Process 29125 exited due to signal 9 (Killed)
02-27 08:42:51.964   505  1684 D ConnectivityService: ConnectivityService NetworkRequestInfo binderDied(uid/pid:10057/29125, android.os.BinderProxy@66a8fc2)
02-27 08:42:51.966   505  2259 I ActivityManager: Process com.google.android.gms (pid 28983) has died: svc SVC 
02-27 08:42:51.968   505   542 I ServiceWatcher: [GeocoderProxy] disconnected from 10057/com.google.android.gms/.location.geocode.GeocodeService@2
02-27 08:42:51.968   505   542 I ServiceWatcher: [fused] disconnected from 10057/com.google.android.gms/com.google.android.location.fused.FusedLocationService@1
02-27 08:42:51.970   505   542 I ServiceWatcher: [HardwareActivityRecognitionProxy] disconnected from 10057/com.google.android.gms/com.google.android.location.internal.server.HardwareArProviderService@1
02-27 08:42:51.988   505   542 I ServiceWatcher: [GeofenceProxy] disconnected from 10057/com.google.android.gms/com.google.android.location.internal.GoogleLocationManagerService@1
02-27 08:42:51.988   505   542 I ServiceWatcher: [network] disconnected from 10057/com.google.android.gms/com.google.android.location.network.NetworkLocationService@2
02-27 08:42:52.017   505   556 I libprocessgroup: Successfully killed process cgroup uid 10057 pid 28983 in 0ms
02-27 08:42:52.025 29349 29367 I Finsky  : [46] pyq.a(1): Warm data store was already initialized.
02-27 08:42:52.041   505  2259 W ActivityManager: Scheduling restart of crashed service com.google.android.gms/.chimera.GmsIntentOperationService in 1000ms for start-requested
02-27 08:42:52.047   505   514 W system_server: Suspending all threads took: 6.076ms
02-27 08:42:52.066   505   514 I system_server: Background young concurrent copying GC freed 1038127(25MB) AllocSpace objects, 0(0B) LOS objects, 57% free, 16MB/38MB, paused 92us,6.172ms total 281.618ms
02-27 08:42:52.081   505  1683 I ActivityManager: Process com.google.process.gapps (pid 29242) has died: prev LAST
02-27 08:42:52.082   505   556 I libprocessgroup: Successfully killed process cgroup uid 10057 pid 29242 in 0ms
02-27 08:42:52.096   505  1395 I ActivityManager: Process com.google.android.gms.persistent (pid 29125) has died: vis BTOP
02-27 08:42:52.096   505   556 I libprocessgroup: Successfully killed process cgroup uid 10057 pid 29125 in 0ms
02-27 08:42:52.097 29349 29373 I Finsky  : [52] nlv.run(10): SysCUA: Set {com.android.vending/com.google.android.finsky.systemcomponentupdateui.common.SystemComponentUpdateActivity} enabled state to 0
02-27 08:42:52.098   505  1395 W ActivityManager: Scheduling restart of crashed service com.google.android.gms/.chimera.PersistentApiService in 30094ms for connection
02-27 08:42:52.098   505  1395 W ActivityManager: Scheduling restart of crashed service com.google.android.gms/.location.geocode.GeocodeService in 167053ms for connection
02-27 08:42:52.098   505  1395 W ActivityManager: Scheduling restart of crashed service com.google.android.gms/.gcm.GcmService in 187700ms for start-requested
02-27 08:42:52.098   505  1395 W ActivityManager: Scheduling restart of crashed service com.google.android.gms/.chimera.PersistentBoundBrokerService in 40094ms for connection
02-27 08:42:52.098   505  1395 W ActivityManager: Scheduling restart of crashed service com.google.android.gms/com.google.android.location.fused.FusedLocationService in 251756ms for connection
02-27 08:42:52.098   505  1395 W ActivityManager: Scheduling restart of crashed service com.google.android.gms/com.google.android.location.internal.server.GoogleLocationService in 291756ms for start-requested
02-27 08:42:52.099   505  1395 W ActivityManager: Scheduling restart of crashed service com.google.android.gms/com.google.android.location.internal.GoogleLocationManagerService in 331756ms for start-requested
02-27 08:42:52.099   505  1395 W ActivityManager: Scheduling restart of crashed service com.google.android.gms/.chimera.PersistentDirectBootAwareApiService in 50093ms for connection
02-27 08:42:52.099   505  1395 W ActivityManager: Scheduling restart of crashed service com.google.android.gms/com.google.android.location.internal.server.HardwareArProviderService in 411756ms for connection
02-27 08:42:52.099   505  1395 W ActivityManager: Scheduling restart of crashed service com.google.android.gms/com.google.android.location.network.NetworkLocationService in 519588ms for connection
02-27 08:42:52.099   505  1395 W ActivityManager: Scheduling restart of crashed service com.google.android.gms/.chimera.PersistentIntentOperationService in 60093ms for start-requested
02-27 08:42:52.134 29349 29379 I Finsky  : [58] mar.accept(5): SCH: Scheduling phonesky job Id: 1-1337, CT: 1772153180986, Constraints: [{ L: 43188056, D: 86388056, C: 1, I: 1, N: 1 }]
02-27 08:42:52.137 29349 29379 I Finsky  : [58] mar.accept(5): SCH: Scheduling phonesky job Id: 3-8, CT: 1772154257194, Constraints: [{ L: 0, D: 86400000, C: 1, I: 2, N: 2 }]
02-27 08:42:52.138 29349 29379 I Finsky  : [58] mar.accept(5): SCH: Scheduling phonesky job Id: 10-4, CT: 1772153180495, Constraints: [{ L: 1200000, D: 86400000, C: 1, I: 1, N: 0 }]
02-27 08:42:52.139 29349 29379 I Finsky  : [58] mar.accept(5): SCH: Scheduling phonesky job Id: 12-1, CT: 1772155985069, Constraints: [{ L: 15000, D: 86400000, C: 1, I: 1, N: 1 }]
02-27 08:42:52.140 29349 29379 I Finsky  : [58] mar.accept(5): SCH: Scheduling phonesky job Id: 26-1414141414, CT: 1772154157659, Constraints: [{ L: 43200000, D: 44100000, C: 1, I: 1, N: 0 }]
02-27 08:42:52.140 29349 29379 I Finsky  : [58] mar.accept(5): SCH: Scheduling phonesky job Id: 29-29, CT: 1772155977462, Constraints: [{ L: 30000, D: 60000, C: 1, I: 1, N: 0 }]
02-27 08:42:52.158 29349 29380 W android.vendin: Accessing hidden field Ljava/util/Collections$SynchronizedCollection;->mutex:Ljava/lang/Object; (max-target-o, reflection, denied)
02-27 08:42:52.158 29349 29380 W android.vendin: Accessing hidden method Ljava/util/Collections$SynchronizedSet;-><init>(Ljava/util/Set;Ljava/lang/Object;)V (max-target-o, reflection, denied)
02-27 08:42:52.190   505   553 D CompatibilityChangeReporter: Compat change id reported: 135634846; UID 10057; state: DISABLED
02-27 08:42:52.190   505   553 D CompatibilityChangeReporter: Compat change id reported: 177438394; UID 10057; state: DISABLED
02-27 08:42:52.190   505   553 D CompatibilityChangeReporter: Compat change id reported: 135772972; UID 10057; state: DISABLED
02-27 08:42:52.190   505   553 D CompatibilityChangeReporter: Compat change id reported: 135754954; UID 10057; state: ENABLED
02-27 08:42:52.198 29349 29373 W Finsky  : [52] hne.run(49): HibernationActivity not found
02-27 08:42:52.202 29349 29367 W Settings: Setting download_manager_max_bytes_over_mobile has moved from android.provider.Settings.Secure to android.provider.Settings.Global.
02-27 08:42:52.208   505   555 D CompatibilityChangeReporter: Compat change id reported: 143937733; UID 10057; state: ENABLED
02-27 08:42:52.229   322   322 D Zygote  : Forked child process 29389
02-27 08:42:52.240   505   555 W ActivityManager: Slow operation: 66ms so far, now at startProcess: returned from zygote!
02-27 08:42:52.240   505   555 W ActivityManager: Slow operation: 67ms so far, now at startProcess: done updating battery stats
02-27 08:42:52.246   505   555 W ActivityManager: Slow operation: 73ms so far, now at startProcess: building log message
02-27 08:42:52.246   505   555 I ActivityManager: Start proc 29389:com.google.android.gms.persistent/u0a57 for service {com.google.android.gms/com.google.android.gms.chimera.PersistentBoundBrokerService}
02-27 08:42:52.246   505   555 W ActivityManager: Slow operation: 73ms so far, now at startProcess: starting to update pids map
02-27 08:42:52.246   505   555 W ActivityManager: Slow operation: 73ms so far, now at startProcess: done updating pids map
02-27 08:42:52.205 29349 29380 W android.vendin: Accessing hidden method Ljava/util/Collections$SynchronizedCollection;-><init>(Ljava/util/Collection;Ljava/lang/Object;)V (max-target-o, reflection, denied)
02-27 08:42:52.246 29349 29367 I Finsky  : [46] kmj.i(3): SettingNotFoundException, fall through to G.downloadBytesOverMobileMaximum
02-27 08:42:52.247 29349 29367 W Settings: Setting download_manager_recommended_max_bytes_over_mobile has moved from android.provider.Settings.Secure to android.provider.Settings.Global.
02-27 08:42:52.250 29349 29367 I Finsky  : [46] kmj.h(3): SettingNotFoundException, fall through to G.downloadBytesOverMobileRecommended
02-27 08:42:52.263 29349 29368 I Finsky  : [47] pyr.a(1): Warm data store was already initialized.
02-27 08:42:52.314 29349 29367 I Finsky  : [46] vbw.c(2): registerListener
02-27 08:42:52.349 29349 29367 I Finsky  : [46] vbw.c(2): registerListener
02-27 08:42:52.392 29389 29389 E .gms.persisten: Not starting debugger since process cannot load the jdwp agent.
02-27 08:42:52.403 29349 29367 I Finsky  : [46] jrs.m(5): Enqueuing libraries load for 0
02-27 08:42:52.412 29349 29373 I Finsky  : [52] jrs.t(1): Starting libraries load for 0
02-27 08:42:52.432 29349 29373 I Finsky  : [52] jrs.t(23): Finished loading 0 libraries.
02-27 08:42:52.450 29349 29367 I Finsky  : [46] gcv.j(3): Subscription detail: N/A
02-27 08:42:52.471 29349 29367 I Finsky  : [46] qfs.s(2): Setup app restrictions monitor
02-27 08:42:52.497   505   890 W ActivityManager: Slow operation: 55ms so far, now at attachApplicationLocked: after mServices.attachApplicationLocked
02-27 08:42:52.499 29389 29389 D CompatibilityChangeReporter: Compat change id reported: 171979766; UID 10057; state: ENABLED
02-27 08:42:52.514 29349 29367 I Finsky  : [46] qlg.a(3): Device wide unknown source restriction is changed.
02-27 08:42:52.533 29349 29368 I Finsky  : [47] pyq.a(1): Warm data store was already initialized.
02-27 08:42:52.533 29349 29368 I Finsky  : [47] pyr.a(1): Warm data store was already initialized.
02-27 08:42:52.548   505   553 E PackageManager: Optimistic bind failed.
02-27 08:42:52.548   505   553 E PackageManager: java.util.concurrent.TimeoutException: [Optimistic Bind] Didn't bind to resolver in time!
02-27 08:42:52.548   505   553 E PackageManager: 	at com.android.server.pm.InstantAppResolverConnection.waitForBindLocked(InstantAppResolverConnection.java:160)
02-27 08:42:52.548   505   553 E PackageManager: 	at com.android.server.pm.InstantAppResolverConnection.bind(InstantAppResolverConnection.java:225)
02-27 08:42:52.548   505   553 E PackageManager: 	at com.android.server.pm.InstantAppResolverConnection.lambda$optimisticBind$0$InstantAppResolverConnection(InstantAppResolverConnection.java:255)
02-27 08:42:52.548   505   553 E PackageManager: 	at com.android.server.pm.InstantAppResolverConnection$$ExternalSyntheticLambda0.run(Unknown Source:2)
02-27 08:42:52.548   505   553 E PackageManager: 	at android.os.Handler.handleCallback(Handler.java:938)
02-27 08:42:52.548   505   553 E PackageManager: 	at android.os.Handler.dispatchMessage(Handler.java:99)
02-27 08:42:52.548   505   553 E PackageManager: 	at android.os.Looper.loopOnce(Looper.java:201)
02-27 08:42:52.548   505   553 E PackageManager: 	at android.os.Looper.loop(Looper.java:288)
02-27 08:42:52.548   505   553 E PackageManager: 	at android.os.HandlerThread.run(HandlerThread.java:67)
02-27 08:42:52.556 29349 29370 I Finsky  : [49] nvc.<init>(2): Item store provider started.
02-27 08:42:52.584 29349 29379 I Finsky  : [58] mqf.apply(81): SCH: Scheduling 2 system job(s)
02-27 08:42:52.585 29349 29379 I Finsky  : [58] mqf.apply(87): SCH: Scheduling system job Id: 9214, L: 0, D: 82996458, C: false, I: false, N: 1
02-27 08:42:52.598   505  1683 D CompatibilityChangeReporter: Compat change id reported: 135634846; UID 10057; state: DISABLED
02-27 08:42:52.599   505  1683 D CompatibilityChangeReporter: Compat change id reported: 177438394; UID 10057; state: DISABLED
02-27 08:42:52.599   505  1683 D CompatibilityChangeReporter: Compat change id reported: 135772972; UID 10057; state: DISABLED
02-27 08:42:52.600   505  1683 D CompatibilityChangeReporter: Compat change id reported: 135754954; UID 10057; state: ENABLED
02-27 08:42:52.601   505   555 D CompatibilityChangeReporter: Compat change id reported: 143937733; UID 10057; state: ENABLED
02-27 08:42:52.606 29349 29379 I Finsky  : [58] mqf.apply(87): SCH: Scheduling system job Id: 9383, L: 0, D: 0, C: false, I: false, N: 0
02-27 08:42:52.608   322   322 D Zygote  : Forked child process 29432
02-27 08:42:52.609   505   555 I ActivityManager: Start proc 29432:com.google.process.gapps/u0a57 for content provider {com.google.android.gsf/com.google.android.gsf.settings.GoogleSettingsProvider}
02-27 08:42:52.646 29349 29349 I Finsky  : [2] jyp.onTrimMemory(1): Memory trim requested to level 10
02-27 08:42:52.652 29432 29432 E e.process.gapp: Not starting debugger since process cannot load the jdwp agent.
02-27 08:42:52.664 29349 29349 I Finsky  : [2] qdj.c(8): VerifyApps:, Install-time verification requested for package com.streamflow.tv, id = 3
02-27 08:42:52.686 29349 29349 I Finsky  : [2] jyp.onTrimMemory(1): Memory trim requested to level 10
02-27 08:42:52.714 29349 29349 I Finsky  : [2] iki.D(3): Installer: Attempting to start installer
02-27 08:42:52.723 29349 29349 I Finsky  : [2] vbw.c(2): registerListener
02-27 08:42:52.728 29349 29349 I Finsky  : [2] pyq.a(1): Warm data store was already initialized.
02-27 08:42:52.729 29349 29349 I Finsky  : [2] pyr.a(1): Warm data store was already initialized.
02-27 08:42:52.729 29349 29349 I Finsky  : [2] pyq.a(1): Warm data store was already initialized.
02-27 08:42:52.740 29349 29349 I Finsky  : [2] pyq.a(1): Warm data store was already initialized.
02-27 08:42:52.740 29349 29349 I Finsky  : [2] pyq.a(1): Warm data store was already initialized.
02-27 08:42:52.742 29349 29349 I Finsky  : [2] ird.<init>(18): Initializing pausers from value store.
02-27 08:42:52.742 29349 29349 I Finsky  : [2] ird.<init>(21): Get the following callers from value store [].
02-27 08:42:52.760 29432 29432 D CompatibilityChangeReporter: Compat change id reported: 171979766; UID 10057; state: ENABLED
02-27 08:42:52.768 28345 28421 D EGL_emulation: app_time_stats: avg=14.79ms min=5.55ms max=55.78ms count=52
02-27 08:42:52.800 29349 29452 W DynamiteModule: Local module descriptor class for com.google.android.gms.googlecertificates not found.
02-27 08:42:52.809 29389 29389 D nativeloader: classloader namespace configured for unbundled product apk. library_path=/product/priv-app/PrebuiltGmsCore/lib/arm64:/product/priv-app/PrebuiltGmsCore/PrebuiltGmsCorePano.apk!/lib/arm64-v8a:/product/lib64:/system/product/lib64
02-27 08:42:52.909 29432 29432 V GraphicsEnvironment: ANGLE Developer option for 'com.google.android.gsf' set to: 'default'
02-27 08:42:52.910 29432 29432 V GraphicsEnvironment: Neither updatable production driver nor prerelease driver is supported.
02-27 08:42:52.913 29432 29432 D NetworkSecurityConfig: No Network Security Config specified, using platform default
02-27 08:42:52.914 29432 29432 D NetworkSecurityConfig: No Network Security Config specified, using platform default
02-27 08:42:53.018 29432 29432 I GoogleHttpClient: GMS http client unavailable, use old client
02-27 08:42:53.027 29389 29389 V GraphicsEnvironment: ANGLE Developer option for 'com.google.android.gms' set to: 'default'
